08/09/2026 17:05:49 - INFO - __main__ - === Cấu hình chạy ===
08/09/2026 17:05:49 - INFO - __main__ - {
  "data_dir": "/root/phopunct/data/punctuation/News",
  "model_name_or_path": "vinai/phobert-large",
  "output_dir": "/root/phopunct/outputs/phopunct_news",
  "max_seq_length": 256,
  "lstm_hidden_size": 128,
  "train_batch_size": 16,
  "eval_batch_size": 32,
  "num_train_epochs": 8.0,
  "learning_rate": 2e-05,
  "warmup_ratio": 0.06,
  "max_grad_norm": 1.0,
  "seed": 42,
  "device": "cuda",
  "fp16": true,
  "max_train_examples": null,
  "max_eval_examples": null,
  "logging_steps": 50
}
08/09/2026 17:05:49 - INFO - httpx - HTTP Request: HEAD https://huggingface.co/vinai/phobert-large/resolve/main/config.json "HTTP/1.1 307 Temporary Redirect"
08/09/2026 17:05:49 - INFO - httpx - HTTP Request: HEAD https://huggingface.co/api/resolve-cache/models/vinai/phobert-large/70e2cfcd3cce29c970aee4954ea34a32bb30afdc/config.json "HTTP/1.1 200 OK"
08/09/2026 17:05:49 - INFO - httpx - HTTP Request: HEAD https://huggingface.co/vinai/phobert-large/resolve/main/tokenizer_config.json "HTTP/1.1 404 Not Found"
Warning: You are sending unauthenticated requests to the HF Hub. Please set a HF_TOKEN to enable higher rate limits and faster downloads.
08/09/2026 17:05:49 - WARNING - huggingface_hub.utils._http - Warning: You are sending unauthenticated requests to the HF Hub. Please set a HF_TOKEN to enable higher rate limits and faster downloads.
08/09/2026 17:05:49 - INFO - httpx - HTTP Request: HEAD https://huggingface.co/vinai/phobert-large/resolve/main/tokenizer_config.json "HTTP/1.1 404 Not Found"
08/09/2026 17:05:50 - INFO - httpx - HTTP Request: GET https://huggingface.co/api/models/vinai/phobert-large/tree/main/additional_chat_templates?recursive=false&expand=false "HTTP/1.1 404 Not Found"
08/09/2026 17:05:50 - INFO - httpx - HTTP Request: GET https://huggingface.co/api/models/vinai/phobert-large/tree/main?recursive=true&expand=false "HTTP/1.1 200 OK"
08/09/2026 17:05:50 - INFO - httpx - HTTP Request: HEAD https://huggingface.co/vinai/phobert-large/resolve/main/vocab.txt "HTTP/1.1 307 Temporary Redirect"
08/09/2026 17:05:50 - INFO - httpx - HTTP Request: HEAD https://huggingface.co/api/resolve-cache/models/vinai/phobert-large/70e2cfcd3cce29c970aee4954ea34a32bb30afdc/vocab.txt "HTTP/1.1 200 OK"
08/09/2026 17:05:50 - INFO - __main__ - Đang nạp dữ liệu train...
08/09/2026 17:07:32 - INFO - punc_dataset_word - convert_examples_to_features: 108000 examples -> 108000 features (0 rỗng bị bỏ, 121 bị truncate)
08/09/2026 17:07:40 - INFO - __main__ - Đang nạp dữ liệu valid...
08/09/2026 17:08:12 - INFO - punc_dataset_word - convert_examples_to_features: 36191 examples -> 36191 features (0 rỗng bị bỏ, 23 bị truncate)
08/09/2026 17:08:15 - INFO - __main__ - Train: 108000 features | Valid: 36191 features
08/09/2026 17:08:15 - INFO - httpx - HTTP Request: HEAD https://huggingface.co/vinai/phobert-large/resolve/main/config.json "HTTP/1.1 307 Temporary Redirect"
08/09/2026 17:08:15 - INFO - httpx - HTTP Request: HEAD https://huggingface.co/api/resolve-cache/models/vinai/phobert-large/70e2cfcd3cce29c970aee4954ea34a32bb30afdc/config.json "HTTP/1.1 200 OK"
08/09/2026 17:08:16 - INFO - httpx - HTTP Request: HEAD https://huggingface.co/vinai/phobert-large/resolve/main/model.safetensors "HTTP/1.1 404 Not Found"
08/09/2026 17:08:16 - INFO - httpx - HTTP Request: GET https://huggingface.co/api/models/vinai/phobert-large "HTTP/1.1 200 OK"
08/09/2026 17:08:16 - INFO - httpx - HTTP Request: GET https://huggingface.co/api/models/vinai/phobert-large/commits/main "HTTP/1.1 200 OK"
08/09/2026 17:08:17 - INFO - httpx - HTTP Request: GET https://huggingface.co/api/models/vinai/phobert-large/discussions?p=0 "HTTP/1.1 200 OK"
Loading weights:   0%|          | 0/391 [00:00<?, ?it/s]Loading weights: 100%|██████████| 391/391 [00:00<00:00, 19383.88it/s]
[transformers] [1mRobertaModel LOAD REPORT[0m from: vinai/phobert-large
Key                       | Status     |  | 
--------------------------+------------+--+-
lm_head.decoder.weight    | UNEXPECTED |  | 
lm_head.layer_norm.weight | UNEXPECTED |  | 
lm_head.decoder.bias      | UNEXPECTED |  | 
lm_head.dense.weight      | UNEXPECTED |  | 
lm_head.bias              | UNEXPECTED |  | 
lm_head.dense.bias        | UNEXPECTED |  | 
lm_head.layer_norm.bias   | UNEXPECTED |  | 

Notes:
- UNEXPECTED:	can be ignored when loading from different task/architecture; not ok if you expect identical arch.
08/09/2026 17:08:17 - INFO - httpx - HTTP Request: GET https://huggingface.co/api/models/vinai/phobert-large/commits/refs%2Fpr%2F4 "HTTP/1.1 200 OK"
/root/phopunct/phobert_lstm_crf.py:189: FutureWarning: `torch.cuda.amp.GradScaler(args...)` is deprecated. Please use `torch.amp.GradScaler('cuda', args...)` instead.
  scaler = torch.cuda.amp.GradScaler(enabled=use_amp)
/root/phopunct/phobert_lstm_crf.py:203: FutureWarning: `torch.cuda.amp.autocast(args...)` is deprecated. Please use `torch.amp.autocast('cuda', args...)` instead.
  with torch.cuda.amp.autocast(enabled=use_amp):
08/09/2026 17:08:17 - INFO - httpx - HTTP Request: HEAD https://huggingface.co/vinai/phobert-large/resolve/refs%2Fpr%2F4/model.safetensors.index.json "HTTP/1.1 404 Not Found"
08/09/2026 17:08:18 - INFO - httpx - HTTP Request: HEAD https://huggingface.co/vinai/phobert-large/resolve/refs%2Fpr%2F4/model.safetensors "HTTP/1.1 302 Found"
/root/phopunct/phobert_lstm_crf.py:216: UserWarning: Detected call of `lr_scheduler.step()` before `optimizer.step()`. In PyTorch 1.1.0 and later, you should call them in the opposite order: `optimizer.step()` before `lr_scheduler.step()`.  Failure to do this will result in PyTorch skipping the first value of the learning rate schedule. See more details at https://pytorch.org/docs/stable/optim.html#how-to-adjust-learning-rate
  scheduler.step()
08/09/2026 17:08:46 - INFO - __main__ - epoch 1 step 50/6750 loss=222.2365
08/09/2026 17:09:14 - INFO - __main__ - epoch 1 step 100/6750 loss=191.9487
08/09/2026 17:09:42 - INFO - __main__ - epoch 1 step 150/6750 loss=92.9049
08/09/2026 17:10:11 - INFO - __main__ - epoch 1 step 200/6750 loss=54.4109
08/09/2026 17:10:39 - INFO - __main__ - epoch 1 step 250/6750 loss=45.1409
08/09/2026 17:11:07 - INFO - __main__ - epoch 1 step 300/6750 loss=34.3576
08/09/2026 17:11:35 - INFO - __main__ - epoch 1 step 350/6750 loss=42.5453
08/09/2026 17:12:04 - INFO - __main__ - epoch 1 step 400/6750 loss=39.0437
08/09/2026 17:12:32 - INFO - __main__ - epoch 1 step 450/6750 loss=40.1252
08/09/2026 17:12:59 - INFO - __main__ - epoch 1 step 500/6750 loss=36.0794
08/09/2026 17:13:27 - INFO - __main__ - epoch 1 step 550/6750 loss=39.7612
08/09/2026 17:13:55 - INFO - __main__ - epoch 1 step 600/6750 loss=41.8857
08/09/2026 17:14:22 - INFO - __main__ - epoch 1 step 650/6750 loss=41.3617
08/09/2026 17:14:49 - INFO - __main__ - epoch 1 step 700/6750 loss=38.3274
08/09/2026 17:15:17 - INFO - __main__ - epoch 1 step 750/6750 loss=38.6061
08/09/2026 17:15:44 - INFO - __main__ - epoch 1 step 800/6750 loss=36.8858
08/09/2026 17:16:11 - INFO - __main__ - epoch 1 step 850/6750 loss=30.0180
08/09/2026 17:16:39 - INFO - __main__ - epoch 1 step 900/6750 loss=26.9230
08/09/2026 17:17:06 - INFO - __main__ - epoch 1 step 950/6750 loss=26.4725
08/09/2026 17:17:33 - INFO - __main__ - epoch 1 step 1000/6750 loss=24.4783
08/09/2026 17:18:00 - INFO - __main__ - epoch 1 step 1050/6750 loss=22.6674
08/09/2026 17:18:28 - INFO - __main__ - epoch 1 step 1100/6750 loss=22.7727
08/09/2026 17:18:56 - INFO - __main__ - epoch 1 step 1150/6750 loss=26.9194
08/09/2026 17:19:23 - INFO - __main__ - epoch 1 step 1200/6750 loss=24.1716
08/09/2026 17:19:50 - INFO - __main__ - epoch 1 step 1250/6750 loss=19.8402
08/09/2026 17:20:17 - INFO - __main__ - epoch 1 step 1300/6750 loss=19.4764
08/09/2026 17:20:44 - INFO - __main__ - epoch 1 step 1350/6750 loss=15.1083
08/09/2026 17:21:11 - INFO - __main__ - epoch 1 step 1400/6750 loss=17.6422
08/09/2026 17:21:38 - INFO - __main__ - epoch 1 step 1450/6750 loss=21.1661
08/09/2026 17:22:06 - INFO - __main__ - epoch 1 step 1500/6750 loss=18.3688
08/09/2026 17:22:34 - INFO - __main__ - epoch 1 step 1550/6750 loss=15.7951
08/09/2026 17:23:03 - INFO - __main__ - epoch 1 step 1600/6750 loss=16.9547
08/09/2026 17:23:31 - INFO - __main__ - epoch 1 step 1650/6750 loss=20.0952
08/09/2026 17:23:59 - INFO - __main__ - epoch 1 step 1700/6750 loss=16.8319
08/09/2026 17:24:26 - INFO - __main__ - epoch 1 step 1750/6750 loss=16.7230
08/09/2026 17:24:54 - INFO - __main__ - epoch 1 step 1800/6750 loss=15.5549
08/09/2026 17:25:22 - INFO - __main__ - epoch 1 step 1850/6750 loss=15.5270
08/09/2026 17:25:49 - INFO - __main__ - epoch 1 step 1900/6750 loss=15.8306
08/09/2026 17:26:17 - INFO - __main__ - epoch 1 step 1950/6750 loss=13.1465
08/09/2026 17:26:45 - INFO - __main__ - epoch 1 step 2000/6750 loss=13.0547
08/09/2026 17:27:13 - INFO - __main__ - epoch 1 step 2050/6750 loss=10.9264
08/09/2026 17:27:40 - INFO - __main__ - epoch 1 step 2100/6750 loss=10.9763
08/09/2026 17:28:08 - INFO - __main__ - epoch 1 step 2150/6750 loss=11.2965
08/09/2026 17:28:36 - INFO - __main__ - epoch 1 step 2200/6750 loss=10.8664
08/09/2026 17:29:03 - INFO - __main__ - epoch 1 step 2250/6750 loss=11.1422
08/09/2026 17:29:31 - INFO - __main__ - epoch 1 step 2300/6750 loss=11.4258
08/09/2026 17:29:59 - INFO - __main__ - epoch 1 step 2350/6750 loss=9.3822
08/09/2026 17:30:27 - INFO - __main__ - epoch 1 step 2400/6750 loss=11.9715
08/09/2026 17:30:54 - INFO - __main__ - epoch 1 step 2450/6750 loss=15.5350
08/09/2026 17:31:22 - INFO - __main__ - epoch 1 step 2500/6750 loss=15.0432
08/09/2026 17:31:50 - INFO - __main__ - epoch 1 step 2550/6750 loss=11.6449
08/09/2026 17:32:17 - INFO - __main__ - epoch 1 step 2600/6750 loss=10.1069
08/09/2026 17:32:45 - INFO - __main__ - epoch 1 step 2650/6750 loss=10.6964
08/09/2026 17:33:12 - INFO - __main__ - epoch 1 step 2700/6750 loss=10.9526
08/09/2026 17:33:40 - INFO - __main__ - epoch 1 step 2750/6750 loss=14.8213
08/09/2026 17:34:07 - INFO - __main__ - epoch 1 step 2800/6750 loss=12.1910
08/09/2026 17:34:35 - INFO - __main__ - epoch 1 step 2850/6750 loss=11.4735
08/09/2026 17:35:02 - INFO - __main__ - epoch 1 step 2900/6750 loss=10.3779
08/09/2026 17:35:30 - INFO - __main__ - epoch 1 step 2950/6750 loss=9.3871
08/09/2026 17:35:57 - INFO - __main__ - epoch 1 step 3000/6750 loss=10.5568
08/09/2026 17:36:24 - INFO - __main__ - epoch 1 step 3050/6750 loss=9.1512
08/09/2026 17:36:51 - INFO - __main__ - epoch 1 step 3100/6750 loss=11.3190
08/09/2026 17:37:18 - INFO - __main__ - epoch 1 step 3150/6750 loss=11.0976
08/09/2026 17:37:45 - INFO - __main__ - epoch 1 step 3200/6750 loss=10.0832
08/09/2026 17:38:12 - INFO - __main__ - epoch 1 step 3250/6750 loss=7.8830
08/09/2026 17:38:39 - INFO - __main__ - epoch 1 step 3300/6750 loss=12.2584
08/09/2026 17:39:06 - INFO - __main__ - epoch 1 step 3350/6750 loss=14.3303
08/09/2026 17:39:34 - INFO - __main__ - epoch 1 step 3400/6750 loss=10.8974
08/09/2026 17:40:01 - INFO - __main__ - epoch 1 step 3450/6750 loss=10.0325
08/09/2026 17:40:28 - INFO - __main__ - epoch 1 step 3500/6750 loss=8.0775
08/09/2026 17:40:56 - INFO - __main__ - epoch 1 step 3550/6750 loss=8.0814
08/09/2026 17:41:23 - INFO - __main__ - epoch 1 step 3600/6750 loss=8.3450
08/09/2026 17:41:50 - INFO - __main__ - epoch 1 step 3650/6750 loss=12.9245
08/09/2026 17:42:17 - INFO - __main__ - epoch 1 step 3700/6750 loss=9.4536
08/09/2026 17:42:45 - INFO - __main__ - epoch 1 step 3750/6750 loss=7.7641
08/09/2026 17:43:13 - INFO - __main__ - epoch 1 step 3800/6750 loss=10.0652
08/09/2026 17:43:41 - INFO - __main__ - epoch 1 step 3850/6750 loss=10.0209
08/09/2026 17:44:09 - INFO - __main__ - epoch 1 step 3900/6750 loss=9.0257
08/09/2026 17:44:37 - INFO - __main__ - epoch 1 step 3950/6750 loss=8.9490
08/09/2026 17:45:05 - INFO - __main__ - epoch 1 step 4000/6750 loss=10.8221
08/09/2026 17:45:33 - INFO - __main__ - epoch 1 step 4050/6750 loss=14.1880
08/09/2026 17:46:00 - INFO - __main__ - epoch 1 step 4100/6750 loss=10.0066
08/09/2026 17:46:28 - INFO - __main__ - epoch 1 step 4150/6750 loss=11.0715
08/09/2026 17:46:56 - INFO - __main__ - epoch 1 step 4200/6750 loss=9.3353
08/09/2026 17:47:24 - INFO - __main__ - epoch 1 step 4250/6750 loss=11.0646
08/09/2026 17:47:51 - INFO - __main__ - epoch 1 step 4300/6750 loss=7.2410
08/09/2026 17:48:19 - INFO - __main__ - epoch 1 step 4350/6750 loss=9.8060
08/09/2026 17:48:46 - INFO - __main__ - epoch 1 step 4400/6750 loss=11.6422
08/09/2026 17:49:15 - INFO - __main__ - epoch 1 step 4450/6750 loss=8.8512
08/09/2026 17:49:43 - INFO - __main__ - epoch 1 step 4500/6750 loss=9.8813
08/09/2026 17:50:12 - INFO - __main__ - epoch 1 step 4550/6750 loss=8.5990
08/09/2026 17:50:40 - INFO - __main__ - epoch 1 step 4600/6750 loss=11.9869
08/09/2026 17:51:09 - INFO - __main__ - epoch 1 step 4650/6750 loss=10.8725
08/09/2026 17:51:37 - INFO - __main__ - epoch 1 step 4700/6750 loss=9.6397
08/09/2026 17:52:05 - INFO - __main__ - epoch 1 step 4750/6750 loss=10.9838
08/09/2026 17:52:32 - INFO - __main__ - epoch 1 step 4800/6750 loss=10.2428
08/09/2026 17:53:01 - INFO - __main__ - epoch 1 step 4850/6750 loss=7.7935
08/09/2026 17:53:29 - INFO - __main__ - epoch 1 step 4900/6750 loss=10.4547
08/09/2026 17:53:57 - INFO - __main__ - epoch 1 step 4950/6750 loss=10.2147
08/09/2026 17:54:25 - INFO - __main__ - epoch 1 step 5000/6750 loss=9.2163
08/09/2026 17:54:52 - INFO - __main__ - epoch 1 step 5050/6750 loss=9.5870
08/09/2026 17:55:20 - INFO - __main__ - epoch 1 step 5100/6750 loss=8.8945
08/09/2026 17:55:48 - INFO - __main__ - epoch 1 step 5150/6750 loss=7.1352
08/09/2026 17:56:17 - INFO - __main__ - epoch 1 step 5200/6750 loss=8.7231
08/09/2026 17:56:45 - INFO - __main__ - epoch 1 step 5250/6750 loss=8.0486
08/09/2026 17:57:13 - INFO - __main__ - epoch 1 step 5300/6750 loss=9.9439
08/09/2026 17:57:42 - INFO - __main__ - epoch 1 step 5350/6750 loss=10.2444
08/09/2026 17:58:11 - INFO - __main__ - epoch 1 step 5400/6750 loss=8.9661
08/09/2026 17:58:39 - INFO - __main__ - epoch 1 step 5450/6750 loss=11.9338
08/09/2026 17:59:07 - INFO - __main__ - epoch 1 step 5500/6750 loss=8.9726
08/09/2026 17:59:35 - INFO - __main__ - epoch 1 step 5550/6750 loss=8.5250
08/09/2026 18:00:03 - INFO - __main__ - epoch 1 step 5600/6750 loss=7.9846
08/09/2026 18:00:31 - INFO - __main__ - epoch 1 step 5650/6750 loss=11.8551
08/09/2026 18:00:59 - INFO - __main__ - epoch 1 step 5700/6750 loss=10.0097
08/09/2026 18:01:26 - INFO - __main__ - epoch 1 step 5750/6750 loss=8.6829
08/09/2026 18:01:53 - INFO - __main__ - epoch 1 step 5800/6750 loss=5.3154
08/09/2026 18:02:20 - INFO - __main__ - epoch 1 step 5850/6750 loss=7.8310
08/09/2026 18:02:48 - INFO - __main__ - epoch 1 step 5900/6750 loss=10.9022
08/09/2026 18:03:15 - INFO - __main__ - epoch 1 step 5950/6750 loss=8.7080
08/09/2026 18:03:43 - INFO - __main__ - epoch 1 step 6000/6750 loss=9.4901
08/09/2026 18:04:11 - INFO - __main__ - epoch 1 step 6050/6750 loss=9.3061
08/09/2026 18:04:40 - INFO - __main__ - epoch 1 step 6100/6750 loss=8.2130
08/09/2026 18:05:08 - INFO - __main__ - epoch 1 step 6150/6750 loss=9.7326
08/09/2026 18:05:35 - INFO - __main__ - epoch 1 step 6200/6750 loss=7.7409
08/09/2026 18:06:03 - INFO - __main__ - epoch 1 step 6250/6750 loss=6.1145
08/09/2026 18:06:31 - INFO - __main__ - epoch 1 step 6300/6750 loss=9.4430
08/09/2026 18:06:59 - INFO - __main__ - epoch 1 step 6350/6750 loss=8.8945
08/09/2026 18:07:28 - INFO - __main__ - epoch 1 step 6400/6750 loss=10.3920
08/09/2026 18:07:56 - INFO - __main__ - epoch 1 step 6450/6750 loss=9.3478
08/09/2026 18:08:23 - INFO - __main__ - epoch 1 step 6500/6750 loss=8.8723
08/09/2026 18:08:52 - INFO - __main__ - epoch 1 step 6550/6750 loss=6.7360
08/09/2026 18:09:20 - INFO - __main__ - epoch 1 step 6600/6750 loss=6.7705
08/09/2026 18:09:48 - INFO - __main__ - epoch 1 step 6650/6750 loss=8.8210
08/09/2026 18:10:16 - INFO - __main__ - epoch 1 step 6700/6750 loss=8.0712
08/09/2026 18:10:44 - INFO - __main__ - epoch 1 step 6750/6750 loss=5.8719
08/09/2026 18:10:44 - INFO - __main__ - Epoch 1 xong sau 3747.0s, avg_loss=18.6324
08/09/2026 18:18:01 - INFO - __main__ - Epoch 1 - Valid macro F1 = 0.5233
              precision    recall  f1-score   support

      PERIOD     0.8970    0.8518    0.8738    140142
       COMMA     0.7483    0.7539    0.7510    162044
       COLON     0.6209    0.5918    0.6060     10824
       QMARK     0.7797    0.7125    0.7446      4884
      EXCLAM     0.5325    0.0642    0.1146      2555
   SEMICOLON     0.4811    0.0262    0.0498      1944

   micro avg     0.8077    0.7805    0.7939    322393
   macro avg     0.6766    0.5001    0.5233    322393
weighted avg     0.8058    0.7805    0.7902    322393

08/09/2026 18:18:08 - INFO - __main__ - -> best checkpoint mới, macro F1 = 0.5233
/root/phopunct/phobert_lstm_crf.py:203: FutureWarning: `torch.cuda.amp.autocast(args...)` is deprecated. Please use `torch.amp.autocast('cuda', args...)` instead.
  with torch.cuda.amp.autocast(enabled=use_amp):
08/09/2026 18:18:36 - INFO - __main__ - epoch 2 step 50/6750 loss=6.2858
08/09/2026 18:19:04 - INFO - __main__ - epoch 2 step 100/6750 loss=8.1533
08/09/2026 18:19:32 - INFO - __main__ - epoch 2 step 150/6750 loss=8.0684
08/09/2026 18:20:00 - INFO - __main__ - epoch 2 step 200/6750 loss=7.0897
08/09/2026 18:20:28 - INFO - __main__ - epoch 2 step 250/6750 loss=7.4126
08/09/2026 18:20:56 - INFO - __main__ - epoch 2 step 300/6750 loss=10.7770
08/09/2026 18:21:24 - INFO - __main__ - epoch 2 step 350/6750 loss=9.2310
08/09/2026 18:21:52 - INFO - __main__ - epoch 2 step 400/6750 loss=7.9953
08/09/2026 18:22:20 - INFO - __main__ - epoch 2 step 450/6750 loss=8.7053
08/09/2026 18:22:48 - INFO - __main__ - epoch 2 step 500/6750 loss=5.9106
08/09/2026 18:23:16 - INFO - __main__ - epoch 2 step 550/6750 loss=8.6504
08/09/2026 18:23:45 - INFO - __main__ - epoch 2 step 600/6750 loss=6.4726
08/09/2026 18:24:13 - INFO - __main__ - epoch 2 step 650/6750 loss=6.4984
08/09/2026 18:24:41 - INFO - __main__ - epoch 2 step 700/6750 loss=9.2016
08/09/2026 18:25:09 - INFO - __main__ - epoch 2 step 750/6750 loss=7.7255
08/09/2026 18:25:37 - INFO - __main__ - epoch 2 step 800/6750 loss=7.0523
08/09/2026 18:26:05 - INFO - __main__ - epoch 2 step 850/6750 loss=7.1797
08/09/2026 18:26:33 - INFO - __main__ - epoch 2 step 900/6750 loss=7.8738
08/09/2026 18:27:01 - INFO - __main__ - epoch 2 step 950/6750 loss=4.2650
08/09/2026 18:27:29 - INFO - __main__ - epoch 2 step 1000/6750 loss=7.7569
08/09/2026 18:27:57 - INFO - __main__ - epoch 2 step 1050/6750 loss=8.4061
08/09/2026 18:28:25 - INFO - __main__ - epoch 2 step 1100/6750 loss=7.1147
08/09/2026 18:28:53 - INFO - __main__ - epoch 2 step 1150/6750 loss=7.7318
08/09/2026 18:29:21 - INFO - __main__ - epoch 2 step 1200/6750 loss=7.8390
08/09/2026 18:29:49 - INFO - __main__ - epoch 2 step 1250/6750 loss=7.7235
08/09/2026 18:30:18 - INFO - __main__ - epoch 2 step 1300/6750 loss=9.1832
08/09/2026 18:30:47 - INFO - __main__ - epoch 2 step 1350/6750 loss=7.5809
08/09/2026 18:31:15 - INFO - __main__ - epoch 2 step 1400/6750 loss=6.4825
08/09/2026 18:31:42 - INFO - __main__ - epoch 2 step 1450/6750 loss=7.4593
08/09/2026 18:32:10 - INFO - __main__ - epoch 2 step 1500/6750 loss=7.7675
08/09/2026 18:32:37 - INFO - __main__ - epoch 2 step 1550/6750 loss=6.9879
08/09/2026 18:33:04 - INFO - __main__ - epoch 2 step 1600/6750 loss=6.5005
08/09/2026 18:33:32 - INFO - __main__ - epoch 2 step 1650/6750 loss=7.5200
08/09/2026 18:33:59 - INFO - __main__ - epoch 2 step 1700/6750 loss=8.6548
08/09/2026 18:34:26 - INFO - __main__ - epoch 2 step 1750/6750 loss=8.4142
08/09/2026 18:34:54 - INFO - __main__ - epoch 2 step 1800/6750 loss=8.8766
08/09/2026 18:35:21 - INFO - __main__ - epoch 2 step 1850/6750 loss=7.0017
08/09/2026 18:35:48 - INFO - __main__ - epoch 2 step 1900/6750 loss=7.6784
08/09/2026 18:36:15 - INFO - __main__ - epoch 2 step 1950/6750 loss=8.5386
08/09/2026 18:36:43 - INFO - __main__ - epoch 2 step 2000/6750 loss=7.0365
08/09/2026 18:37:11 - INFO - __main__ - epoch 2 step 2050/6750 loss=6.7661
08/09/2026 18:37:38 - INFO - __main__ - epoch 2 step 2100/6750 loss=6.9219
08/09/2026 18:38:05 - INFO - __main__ - epoch 2 step 2150/6750 loss=8.8964
08/09/2026 18:38:33 - INFO - __main__ - epoch 2 step 2200/6750 loss=10.6767
08/09/2026 18:39:00 - INFO - __main__ - epoch 2 step 2250/6750 loss=6.8149
08/09/2026 18:39:27 - INFO - __main__ - epoch 2 step 2300/6750 loss=7.8606
08/09/2026 18:39:54 - INFO - __main__ - epoch 2 step 2350/6750 loss=7.6308
08/09/2026 18:40:21 - INFO - __main__ - epoch 2 step 2400/6750 loss=8.4714
08/09/2026 18:40:49 - INFO - __main__ - epoch 2 step 2450/6750 loss=6.3483
08/09/2026 18:41:16 - INFO - __main__ - epoch 2 step 2500/6750 loss=9.4284
08/09/2026 18:41:43 - INFO - __main__ - epoch 2 step 2550/6750 loss=8.9689
08/09/2026 18:42:11 - INFO - __main__ - epoch 2 step 2600/6750 loss=7.8773
08/09/2026 18:42:38 - INFO - __main__ - epoch 2 step 2650/6750 loss=7.8717
08/09/2026 18:43:06 - INFO - __main__ - epoch 2 step 2700/6750 loss=7.2699
08/09/2026 18:43:33 - INFO - __main__ - epoch 2 step 2750/6750 loss=8.7560
08/09/2026 18:44:00 - INFO - __main__ - epoch 2 step 2800/6750 loss=9.0097
08/09/2026 18:44:27 - INFO - __main__ - epoch 2 step 2850/6750 loss=8.6670
08/09/2026 18:44:54 - INFO - __main__ - epoch 2 step 2900/6750 loss=6.0861
08/09/2026 18:45:21 - INFO - __main__ - epoch 2 step 2950/6750 loss=9.6101
08/09/2026 18:45:48 - INFO - __main__ - epoch 2 step 3000/6750 loss=8.1978
08/09/2026 18:46:15 - INFO - __main__ - epoch 2 step 3050/6750 loss=7.7834
08/09/2026 18:46:42 - INFO - __main__ - epoch 2 step 3100/6750 loss=8.3499
08/09/2026 18:47:09 - INFO - __main__ - epoch 2 step 3150/6750 loss=8.0059
08/09/2026 18:47:37 - INFO - __main__ - epoch 2 step 3200/6750 loss=11.6203
08/09/2026 18:48:04 - INFO - __main__ - epoch 2 step 3250/6750 loss=8.8535
08/09/2026 18:48:31 - INFO - __main__ - epoch 2 step 3300/6750 loss=9.0037
08/09/2026 18:48:58 - INFO - __main__ - epoch 2 step 3350/6750 loss=7.7286
08/09/2026 18:49:25 - INFO - __main__ - epoch 2 step 3400/6750 loss=6.6789
08/09/2026 18:49:52 - INFO - __main__ - epoch 2 step 3450/6750 loss=7.3242
08/09/2026 18:50:20 - INFO - __main__ - epoch 2 step 3500/6750 loss=6.2034
08/09/2026 18:50:47 - INFO - __main__ - epoch 2 step 3550/6750 loss=7.7205
08/09/2026 18:51:14 - INFO - __main__ - epoch 2 step 3600/6750 loss=3.8185
08/09/2026 18:51:41 - INFO - __main__ - epoch 2 step 3650/6750 loss=8.9686
08/09/2026 18:52:08 - INFO - __main__ - epoch 2 step 3700/6750 loss=6.0961
08/09/2026 18:52:35 - INFO - __main__ - epoch 2 step 3750/6750 loss=9.7498
08/09/2026 18:53:02 - INFO - __main__ - epoch 2 step 3800/6750 loss=9.4128
08/09/2026 18:53:29 - INFO - __main__ - epoch 2 step 3850/6750 loss=10.5082
08/09/2026 18:53:57 - INFO - __main__ - epoch 2 step 3900/6750 loss=6.2115
08/09/2026 18:54:24 - INFO - __main__ - epoch 2 step 3950/6750 loss=7.3767
08/09/2026 18:54:51 - INFO - __main__ - epoch 2 step 4000/6750 loss=9.1635
08/09/2026 18:55:18 - INFO - __main__ - epoch 2 step 4050/6750 loss=9.1183
08/09/2026 18:55:45 - INFO - __main__ - epoch 2 step 4100/6750 loss=6.7592
08/09/2026 18:56:12 - INFO - __main__ - epoch 2 step 4150/6750 loss=6.0092
08/09/2026 18:56:39 - INFO - __main__ - epoch 2 step 4200/6750 loss=7.5596
08/09/2026 18:57:06 - INFO - __main__ - epoch 2 step 4250/6750 loss=6.8952
08/09/2026 18:57:33 - INFO - __main__ - epoch 2 step 4300/6750 loss=6.0598
08/09/2026 18:58:00 - INFO - __main__ - epoch 2 step 4350/6750 loss=9.5001
08/09/2026 18:58:28 - INFO - __main__ - epoch 2 step 4400/6750 loss=7.8691
08/09/2026 18:58:55 - INFO - __main__ - epoch 2 step 4450/6750 loss=6.5078
08/09/2026 18:59:22 - INFO - __main__ - epoch 2 step 4500/6750 loss=8.2455
08/09/2026 18:59:49 - INFO - __main__ - epoch 2 step 4550/6750 loss=6.4621
08/09/2026 19:00:17 - INFO - __main__ - epoch 2 step 4600/6750 loss=6.6844
08/09/2026 19:00:45 - INFO - __main__ - epoch 2 step 4650/6750 loss=11.3053
08/09/2026 19:01:13 - INFO - __main__ - epoch 2 step 4700/6750 loss=7.8859
08/09/2026 19:01:40 - INFO - __main__ - epoch 2 step 4750/6750 loss=5.7750
08/09/2026 19:02:08 - INFO - __main__ - epoch 2 step 4800/6750 loss=6.6970
08/09/2026 19:02:35 - INFO - __main__ - epoch 2 step 4850/6750 loss=10.7303
08/09/2026 19:03:03 - INFO - __main__ - epoch 2 step 4900/6750 loss=6.7767
08/09/2026 19:03:31 - INFO - __main__ - epoch 2 step 4950/6750 loss=7.4207
08/09/2026 19:03:58 - INFO - __main__ - epoch 2 step 5000/6750 loss=6.4038
08/09/2026 19:04:26 - INFO - __main__ - epoch 2 step 5050/6750 loss=5.8670
08/09/2026 19:04:53 - INFO - __main__ - epoch 2 step 5100/6750 loss=8.1823
08/09/2026 19:05:21 - INFO - __main__ - epoch 2 step 5150/6750 loss=6.5205
08/09/2026 19:05:49 - INFO - __main__ - epoch 2 step 5200/6750 loss=7.8844
08/09/2026 19:06:16 - INFO - __main__ - epoch 2 step 5250/6750 loss=7.9506
08/09/2026 19:06:44 - INFO - __main__ - epoch 2 step 5300/6750 loss=8.4305
08/09/2026 19:07:12 - INFO - __main__ - epoch 2 step 5350/6750 loss=6.3503
08/09/2026 19:07:40 - INFO - __main__ - epoch 2 step 5400/6750 loss=5.6640
08/09/2026 19:08:08 - INFO - __main__ - epoch 2 step 5450/6750 loss=5.1045
08/09/2026 19:08:36 - INFO - __main__ - epoch 2 step 5500/6750 loss=7.1360
08/09/2026 19:09:03 - INFO - __main__ - epoch 2 step 5550/6750 loss=7.8006
08/09/2026 19:09:31 - INFO - __main__ - epoch 2 step 5600/6750 loss=5.3014
08/09/2026 19:09:59 - INFO - __main__ - epoch 2 step 5650/6750 loss=6.6697
08/09/2026 19:10:27 - INFO - __main__ - epoch 2 step 5700/6750 loss=8.0669
08/09/2026 19:10:55 - INFO - __main__ - epoch 2 step 5750/6750 loss=8.8880
08/09/2026 19:11:23 - INFO - __main__ - epoch 2 step 5800/6750 loss=6.4503
08/09/2026 19:11:50 - INFO - __main__ - epoch 2 step 5850/6750 loss=6.7488
08/09/2026 19:12:17 - INFO - __main__ - epoch 2 step 5900/6750 loss=8.0052
08/09/2026 19:12:44 - INFO - __main__ - epoch 2 step 5950/6750 loss=6.3835
08/09/2026 19:13:11 - INFO - __main__ - epoch 2 step 6000/6750 loss=7.4959
08/09/2026 19:13:39 - INFO - __main__ - epoch 2 step 6050/6750 loss=6.5273
08/09/2026 19:14:06 - INFO - __main__ - epoch 2 step 6100/6750 loss=5.3692
08/09/2026 19:14:34 - INFO - __main__ - epoch 2 step 6150/6750 loss=5.7801
08/09/2026 19:15:01 - INFO - __main__ - epoch 2 step 6200/6750 loss=6.2007
08/09/2026 19:15:29 - INFO - __main__ - epoch 2 step 6250/6750 loss=7.6761
08/09/2026 19:15:57 - INFO - __main__ - epoch 2 step 6300/6750 loss=9.4325
08/09/2026 19:16:24 - INFO - __main__ - epoch 2 step 6350/6750 loss=4.1971
08/09/2026 19:16:52 - INFO - __main__ - epoch 2 step 6400/6750 loss=7.0604
08/09/2026 19:17:19 - INFO - __main__ - epoch 2 step 6450/6750 loss=9.1134
08/09/2026 19:17:47 - INFO - __main__ - epoch 2 step 6500/6750 loss=7.2636
08/09/2026 19:18:14 - INFO - __main__ - epoch 2 step 6550/6750 loss=5.6247
08/09/2026 19:18:42 - INFO - __main__ - epoch 2 step 6600/6750 loss=6.0977
08/09/2026 19:19:09 - INFO - __main__ - epoch 2 step 6650/6750 loss=6.7576
08/09/2026 19:19:37 - INFO - __main__ - epoch 2 step 6700/6750 loss=8.7673
08/09/2026 19:20:05 - INFO - __main__ - epoch 2 step 6750/6750 loss=7.3482
08/09/2026 19:20:05 - INFO - __main__ - Epoch 2 xong sau 3716.6s, avg_loss=7.4781
08/09/2026 19:27:17 - INFO - __main__ - Epoch 2 - Valid macro F1 = 0.5838
              precision    recall  f1-score   support

      PERIOD     0.8726    0.9066    0.8893    140142
       COMMA     0.7885    0.7408    0.7639    162044
       COLON     0.7052    0.5698    0.6303     10824
       QMARK     0.7742    0.7731    0.7737      4884
      EXCLAM     0.5227    0.1624    0.2478      2555
   SEMICOLON     0.5427    0.1209    0.1977      1944

   micro avg     0.8241    0.7993    0.8115    322393
   macro avg     0.7010    0.5456    0.5838    322393
weighted avg     0.8185    0.7993    0.8066    322393

08/09/2026 19:27:26 - INFO - __main__ - -> best checkpoint mới, macro F1 = 0.5838
/root/phopunct/phobert_lstm_crf.py:203: FutureWarning: `torch.cuda.amp.autocast(args...)` is deprecated. Please use `torch.amp.autocast('cuda', args...)` instead.
  with torch.cuda.amp.autocast(enabled=use_amp):
08/09/2026 19:27:54 - INFO - __main__ - epoch 3 step 50/6750 loss=5.0090
08/09/2026 19:28:22 - INFO - __main__ - epoch 3 step 100/6750 loss=4.7767
08/09/2026 19:28:49 - INFO - __main__ - epoch 3 step 150/6750 loss=4.9353
08/09/2026 19:29:17 - INFO - __main__ - epoch 3 step 200/6750 loss=5.3873
08/09/2026 19:29:45 - INFO - __main__ - epoch 3 step 250/6750 loss=3.9708
08/09/2026 19:30:13 - INFO - __main__ - epoch 3 step 300/6750 loss=5.2470
08/09/2026 19:30:41 - INFO - __main__ - epoch 3 step 350/6750 loss=6.4337
08/09/2026 19:31:09 - INFO - __main__ - epoch 3 step 400/6750 loss=5.3163
08/09/2026 19:31:37 - INFO - __main__ - epoch 3 step 450/6750 loss=7.4731
08/09/2026 19:32:05 - INFO - __main__ - epoch 3 step 500/6750 loss=3.7116
08/09/2026 19:32:33 - INFO - __main__ - epoch 3 step 550/6750 loss=6.0573
08/09/2026 19:33:01 - INFO - __main__ - epoch 3 step 600/6750 loss=6.3605
08/09/2026 19:33:29 - INFO - __main__ - epoch 3 step 650/6750 loss=5.6676
08/09/2026 19:33:57 - INFO - __main__ - epoch 3 step 700/6750 loss=6.6242
08/09/2026 19:34:25 - INFO - __main__ - epoch 3 step 750/6750 loss=4.8545
08/09/2026 19:34:53 - INFO - __main__ - epoch 3 step 800/6750 loss=5.6198
08/09/2026 19:35:20 - INFO - __main__ - epoch 3 step 850/6750 loss=5.3707
08/09/2026 19:35:48 - INFO - __main__ - epoch 3 step 900/6750 loss=5.5452
08/09/2026 19:36:16 - INFO - __main__ - epoch 3 step 950/6750 loss=7.6819
08/09/2026 19:36:44 - INFO - __main__ - epoch 3 step 1000/6750 loss=8.2214
08/09/2026 19:37:12 - INFO - __main__ - epoch 3 step 1050/6750 loss=6.4097
08/09/2026 19:37:40 - INFO - __main__ - epoch 3 step 1100/6750 loss=7.4063
08/09/2026 19:38:08 - INFO - __main__ - epoch 3 step 1150/6750 loss=5.0993
08/09/2026 19:38:36 - INFO - __main__ - epoch 3 step 1200/6750 loss=6.4109
08/09/2026 19:39:03 - INFO - __main__ - epoch 3 step 1250/6750 loss=5.9161
08/09/2026 19:39:31 - INFO - __main__ - epoch 3 step 1300/6750 loss=6.2113
08/09/2026 19:40:00 - INFO - __main__ - epoch 3 step 1350/6750 loss=6.7359
08/09/2026 19:40:28 - INFO - __main__ - epoch 3 step 1400/6750 loss=4.6238
08/09/2026 19:40:56 - INFO - __main__ - epoch 3 step 1450/6750 loss=6.5269
08/09/2026 19:41:24 - INFO - __main__ - epoch 3 step 1500/6750 loss=7.5720
08/09/2026 19:41:52 - INFO - __main__ - epoch 3 step 1550/6750 loss=3.7507
08/09/2026 19:42:20 - INFO - __main__ - epoch 3 step 1600/6750 loss=5.5278
08/09/2026 19:42:48 - INFO - __main__ - epoch 3 step 1650/6750 loss=6.8232
08/09/2026 19:43:16 - INFO - __main__ - epoch 3 step 1700/6750 loss=5.8580
08/09/2026 19:43:44 - INFO - __main__ - epoch 3 step 1750/6750 loss=6.2978
08/09/2026 19:44:13 - INFO - __main__ - epoch 3 step 1800/6750 loss=5.3863
08/09/2026 19:44:41 - INFO - __main__ - epoch 3 step 1850/6750 loss=6.3776
08/09/2026 19:45:09 - INFO - __main__ - epoch 3 step 1900/6750 loss=9.4211
08/09/2026 19:45:37 - INFO - __main__ - epoch 3 step 1950/6750 loss=6.7618
08/09/2026 19:46:05 - INFO - __main__ - epoch 3 step 2000/6750 loss=6.4621
08/09/2026 19:46:34 - INFO - __main__ - epoch 3 step 2050/6750 loss=7.3548
08/09/2026 19:47:02 - INFO - __main__ - epoch 3 step 2100/6750 loss=7.0416
08/09/2026 19:47:30 - INFO - __main__ - epoch 3 step 2150/6750 loss=5.9994
08/09/2026 19:47:58 - INFO - __main__ - epoch 3 step 2200/6750 loss=5.0665
08/09/2026 19:48:26 - INFO - __main__ - epoch 3 step 2250/6750 loss=6.5872
08/09/2026 19:48:54 - INFO - __main__ - epoch 3 step 2300/6750 loss=6.3655
08/09/2026 19:49:22 - INFO - __main__ - epoch 3 step 2350/6750 loss=5.6025
08/09/2026 19:49:49 - INFO - __main__ - epoch 3 step 2400/6750 loss=8.7731
08/09/2026 19:50:17 - INFO - __main__ - epoch 3 step 2450/6750 loss=4.5170
08/09/2026 19:50:45 - INFO - __main__ - epoch 3 step 2500/6750 loss=6.9603
08/09/2026 19:51:13 - INFO - __main__ - epoch 3 step 2550/6750 loss=5.6212
08/09/2026 19:51:41 - INFO - __main__ - epoch 3 step 2600/6750 loss=6.9875
08/09/2026 19:52:08 - INFO - __main__ - epoch 3 step 2650/6750 loss=5.4951
08/09/2026 19:52:36 - INFO - __main__ - epoch 3 step 2700/6750 loss=5.5476
08/09/2026 19:53:04 - INFO - __main__ - epoch 3 step 2750/6750 loss=5.8625
08/09/2026 19:53:32 - INFO - __main__ - epoch 3 step 2800/6750 loss=5.9102
08/09/2026 19:54:00 - INFO - __main__ - epoch 3 step 2850/6750 loss=8.3195
08/09/2026 19:54:27 - INFO - __main__ - epoch 3 step 2900/6750 loss=5.3780
08/09/2026 19:54:55 - INFO - __main__ - epoch 3 step 2950/6750 loss=5.8728
08/09/2026 19:55:22 - INFO - __main__ - epoch 3 step 3000/6750 loss=7.5271
08/09/2026 19:55:50 - INFO - __main__ - epoch 3 step 3050/6750 loss=5.7831
08/09/2026 19:56:17 - INFO - __main__ - epoch 3 step 3100/6750 loss=5.0247
08/09/2026 19:56:46 - INFO - __main__ - epoch 3 step 3150/6750 loss=6.8404
08/09/2026 19:57:13 - INFO - __main__ - epoch 3 step 3200/6750 loss=6.3787
08/09/2026 19:57:41 - INFO - __main__ - epoch 3 step 3250/6750 loss=6.3986
08/09/2026 19:58:09 - INFO - __main__ - epoch 3 step 3300/6750 loss=4.3717
08/09/2026 19:58:37 - INFO - __main__ - epoch 3 step 3350/6750 loss=5.2834
08/09/2026 19:59:05 - INFO - __main__ - epoch 3 step 3400/6750 loss=4.9132
08/09/2026 19:59:32 - INFO - __main__ - epoch 3 step 3450/6750 loss=5.2391
08/09/2026 20:00:00 - INFO - __main__ - epoch 3 step 3500/6750 loss=5.0485
08/09/2026 20:00:27 - INFO - __main__ - epoch 3 step 3550/6750 loss=7.8871
08/09/2026 20:00:55 - INFO - __main__ - epoch 3 step 3600/6750 loss=7.4714
08/09/2026 20:01:22 - INFO - __main__ - epoch 3 step 3650/6750 loss=6.2040
08/09/2026 20:01:50 - INFO - __main__ - epoch 3 step 3700/6750 loss=5.5394
08/09/2026 20:02:18 - INFO - __main__ - epoch 3 step 3750/6750 loss=5.8950
08/09/2026 20:02:45 - INFO - __main__ - epoch 3 step 3800/6750 loss=4.9890
08/09/2026 20:03:13 - INFO - __main__ - epoch 3 step 3850/6750 loss=5.8915
08/09/2026 20:03:40 - INFO - __main__ - epoch 3 step 3900/6750 loss=6.0393
08/09/2026 20:04:08 - INFO - __main__ - epoch 3 step 3950/6750 loss=7.9855
08/09/2026 20:04:36 - INFO - __main__ - epoch 3 step 4000/6750 loss=6.8407
08/09/2026 20:05:03 - INFO - __main__ - epoch 3 step 4050/6750 loss=4.9645
08/09/2026 20:05:32 - INFO - __main__ - epoch 3 step 4100/6750 loss=6.7927
08/09/2026 20:06:00 - INFO - __main__ - epoch 3 step 4150/6750 loss=7.6527
08/09/2026 20:06:28 - INFO - __main__ - epoch 3 step 4200/6750 loss=5.1762
08/09/2026 20:06:56 - INFO - __main__ - epoch 3 step 4250/6750 loss=6.8870
08/09/2026 20:07:25 - INFO - __main__ - epoch 3 step 4300/6750 loss=5.3933
08/09/2026 20:07:53 - INFO - __main__ - epoch 3 step 4350/6750 loss=4.7581
08/09/2026 20:08:21 - INFO - __main__ - epoch 3 step 4400/6750 loss=6.6199
08/09/2026 20:08:49 - INFO - __main__ - epoch 3 step 4450/6750 loss=6.1669
08/09/2026 20:09:17 - INFO - __main__ - epoch 3 step 4500/6750 loss=5.8132
08/09/2026 20:09:45 - INFO - __main__ - epoch 3 step 4550/6750 loss=5.4809
08/09/2026 20:10:13 - INFO - __main__ - epoch 3 step 4600/6750 loss=6.9128
08/09/2026 20:10:41 - INFO - __main__ - epoch 3 step 4650/6750 loss=4.3151
08/09/2026 20:11:09 - INFO - __main__ - epoch 3 step 4700/6750 loss=6.5576
08/09/2026 20:11:36 - INFO - __main__ - epoch 3 step 4750/6750 loss=6.7154
08/09/2026 20:12:04 - INFO - __main__ - epoch 3 step 4800/6750 loss=6.2962
08/09/2026 20:12:32 - INFO - __main__ - epoch 3 step 4850/6750 loss=4.5671
08/09/2026 20:13:01 - INFO - __main__ - epoch 3 step 4900/6750 loss=8.6506
08/09/2026 20:13:29 - INFO - __main__ - epoch 3 step 4950/6750 loss=4.7461
08/09/2026 20:13:57 - INFO - __main__ - epoch 3 step 5000/6750 loss=6.5656
08/09/2026 20:14:25 - INFO - __main__ - epoch 3 step 5050/6750 loss=5.9947
08/09/2026 20:14:54 - INFO - __main__ - epoch 3 step 5100/6750 loss=6.8028
08/09/2026 20:15:22 - INFO - __main__ - epoch 3 step 5150/6750 loss=8.1328
08/09/2026 20:15:51 - INFO - __main__ - epoch 3 step 5200/6750 loss=7.6584
08/09/2026 20:16:19 - INFO - __main__ - epoch 3 step 5250/6750 loss=5.8126
08/09/2026 20:16:47 - INFO - __main__ - epoch 3 step 5300/6750 loss=7.2975
08/09/2026 20:17:15 - INFO - __main__ - epoch 3 step 5350/6750 loss=8.0894
08/09/2026 20:17:44 - INFO - __main__ - epoch 3 step 5400/6750 loss=5.2911
08/09/2026 20:18:12 - INFO - __main__ - epoch 3 step 5450/6750 loss=5.8900
08/09/2026 20:18:40 - INFO - __main__ - epoch 3 step 5500/6750 loss=6.3878
08/09/2026 20:19:08 - INFO - __main__ - epoch 3 step 5550/6750 loss=4.9716
08/09/2026 20:19:36 - INFO - __main__ - epoch 3 step 5600/6750 loss=4.0438
08/09/2026 20:20:04 - INFO - __main__ - epoch 3 step 5650/6750 loss=6.1589
08/09/2026 20:20:31 - INFO - __main__ - epoch 3 step 5700/6750 loss=5.5019
08/09/2026 20:20:59 - INFO - __main__ - epoch 3 step 5750/6750 loss=5.3422
08/09/2026 20:21:27 - INFO - __main__ - epoch 3 step 5800/6750 loss=6.1460
08/09/2026 20:21:55 - INFO - __main__ - epoch 3 step 5850/6750 loss=5.3191
08/09/2026 20:22:23 - INFO - __main__ - epoch 3 step 5900/6750 loss=6.7194
08/09/2026 20:22:51 - INFO - __main__ - epoch 3 step 5950/6750 loss=4.8418
08/09/2026 20:23:19 - INFO - __main__ - epoch 3 step 6000/6750 loss=6.4193
08/09/2026 20:23:47 - INFO - __main__ - epoch 3 step 6050/6750 loss=7.2888
08/09/2026 20:24:15 - INFO - __main__ - epoch 3 step 6100/6750 loss=5.4066
08/09/2026 20:24:44 - INFO - __main__ - epoch 3 step 6150/6750 loss=5.6974
08/09/2026 20:25:12 - INFO - __main__ - epoch 3 step 6200/6750 loss=4.6873
08/09/2026 20:25:40 - INFO - __main__ - epoch 3 step 6250/6750 loss=5.7510
08/09/2026 20:26:08 - INFO - __main__ - epoch 3 step 6300/6750 loss=7.0988
08/09/2026 20:26:36 - INFO - __main__ - epoch 3 step 6350/6750 loss=5.6873
08/09/2026 20:27:04 - INFO - __main__ - epoch 3 step 6400/6750 loss=5.5644
08/09/2026 20:27:32 - INFO - __main__ - epoch 3 step 6450/6750 loss=6.8053
08/09/2026 20:28:00 - INFO - __main__ - epoch 3 step 6500/6750 loss=7.5041
08/09/2026 20:28:28 - INFO - __main__ - epoch 3 step 6550/6750 loss=7.0052
08/09/2026 20:28:56 - INFO - __main__ - epoch 3 step 6600/6750 loss=4.4224
08/09/2026 20:29:24 - INFO - __main__ - epoch 3 step 6650/6750 loss=6.0500
08/09/2026 20:29:52 - INFO - __main__ - epoch 3 step 6700/6750 loss=5.1343
08/09/2026 20:30:20 - INFO - __main__ - epoch 3 step 6750/6750 loss=8.1386
08/09/2026 20:30:20 - INFO - __main__ - Epoch 3 xong sau 3773.8s, avg_loss=5.9722
08/09/2026 20:37:36 - INFO - __main__ - Epoch 3 - Valid macro F1 = 0.5844
              precision    recall  f1-score   support

      PERIOD     0.8903    0.8931    0.8917    140142
       COMMA     0.7838    0.7539    0.7686    162044
       COLON     0.7103    0.5814    0.6394     10824
       QMARK     0.8159    0.7351    0.7734      4884
      EXCLAM     0.6239    0.1331    0.2194      2555
   SEMICOLON     0.4688    0.1389    0.2143      1944

   micro avg     0.8294    0.7997    0.8143    322393
   macro avg     0.7155    0.5392    0.5844    322393
weighted avg     0.8249    0.7997    0.8101    322393

08/09/2026 20:37:45 - INFO - __main__ - -> best checkpoint mới, macro F1 = 0.5844
/root/phopunct/phobert_lstm_crf.py:203: FutureWarning: `torch.cuda.amp.autocast(args...)` is deprecated. Please use `torch.amp.autocast('cuda', args...)` instead.
  with torch.cuda.amp.autocast(enabled=use_amp):
08/09/2026 20:38:13 - INFO - __main__ - epoch 4 step 50/6750 loss=4.9018
08/09/2026 20:38:41 - INFO - __main__ - epoch 4 step 100/6750 loss=4.8434
08/09/2026 20:39:08 - INFO - __main__ - epoch 4 step 150/6750 loss=3.6584
08/09/2026 20:39:37 - INFO - __main__ - epoch 4 step 200/6750 loss=4.3412
08/09/2026 20:40:05 - INFO - __main__ - epoch 4 step 250/6750 loss=4.7495
08/09/2026 20:40:33 - INFO - __main__ - epoch 4 step 300/6750 loss=6.9464
08/09/2026 20:41:01 - INFO - __main__ - epoch 4 step 350/6750 loss=5.7576
08/09/2026 20:41:28 - INFO - __main__ - epoch 4 step 400/6750 loss=4.4506
08/09/2026 20:41:56 - INFO - __main__ - epoch 4 step 450/6750 loss=5.8968
08/09/2026 20:42:23 - INFO - __main__ - epoch 4 step 500/6750 loss=5.8099
08/09/2026 20:42:50 - INFO - __main__ - epoch 4 step 550/6750 loss=5.6830
08/09/2026 20:43:18 - INFO - __main__ - epoch 4 step 600/6750 loss=4.2693
08/09/2026 20:43:45 - INFO - __main__ - epoch 4 step 650/6750 loss=5.6436
08/09/2026 20:44:13 - INFO - __main__ - epoch 4 step 700/6750 loss=5.1049
08/09/2026 20:44:40 - INFO - __main__ - epoch 4 step 750/6750 loss=6.4944
08/09/2026 20:45:08 - INFO - __main__ - epoch 4 step 800/6750 loss=4.5353
08/09/2026 20:45:36 - INFO - __main__ - epoch 4 step 850/6750 loss=5.3971
08/09/2026 20:46:03 - INFO - __main__ - epoch 4 step 900/6750 loss=5.6375
08/09/2026 20:46:31 - INFO - __main__ - epoch 4 step 950/6750 loss=5.2833
08/09/2026 20:46:58 - INFO - __main__ - epoch 4 step 1000/6750 loss=5.7384
08/09/2026 20:47:26 - INFO - __main__ - epoch 4 step 1050/6750 loss=4.4487
08/09/2026 20:47:53 - INFO - __main__ - epoch 4 step 1100/6750 loss=5.3560
08/09/2026 20:48:22 - INFO - __main__ - epoch 4 step 1150/6750 loss=4.2590
08/09/2026 20:48:50 - INFO - __main__ - epoch 4 step 1200/6750 loss=4.8488
08/09/2026 20:49:18 - INFO - __main__ - epoch 4 step 1250/6750 loss=4.4717
08/09/2026 20:49:45 - INFO - __main__ - epoch 4 step 1300/6750 loss=4.2822
08/09/2026 20:50:13 - INFO - __main__ - epoch 4 step 1350/6750 loss=4.1909
08/09/2026 20:50:41 - INFO - __main__ - epoch 4 step 1400/6750 loss=5.0991
08/09/2026 20:51:08 - INFO - __main__ - epoch 4 step 1450/6750 loss=4.5989
08/09/2026 20:51:36 - INFO - __main__ - epoch 4 step 1500/6750 loss=5.5503
08/09/2026 20:52:03 - INFO - __main__ - epoch 4 step 1550/6750 loss=4.8330
08/09/2026 20:52:30 - INFO - __main__ - epoch 4 step 1600/6750 loss=4.4561
08/09/2026 20:52:58 - INFO - __main__ - epoch 4 step 1650/6750 loss=4.2187
08/09/2026 20:53:26 - INFO - __main__ - epoch 4 step 1700/6750 loss=4.1325
08/09/2026 20:53:53 - INFO - __main__ - epoch 4 step 1750/6750 loss=3.3674
08/09/2026 20:54:20 - INFO - __main__ - epoch 4 step 1800/6750 loss=7.3074
08/09/2026 20:54:48 - INFO - __main__ - epoch 4 step 1850/6750 loss=4.5734
08/09/2026 20:55:16 - INFO - __main__ - epoch 4 step 1900/6750 loss=4.6730
08/09/2026 20:55:44 - INFO - __main__ - epoch 4 step 1950/6750 loss=3.9925
08/09/2026 20:56:11 - INFO - __main__ - epoch 4 step 2000/6750 loss=4.0695
08/09/2026 20:56:39 - INFO - __main__ - epoch 4 step 2050/6750 loss=5.4019
08/09/2026 20:57:08 - INFO - __main__ - epoch 4 step 2100/6750 loss=4.4951
08/09/2026 20:57:35 - INFO - __main__ - epoch 4 step 2150/6750 loss=5.8537
08/09/2026 20:58:03 - INFO - __main__ - epoch 4 step 2200/6750 loss=4.6822
08/09/2026 20:58:32 - INFO - __main__ - epoch 4 step 2250/6750 loss=3.1898
08/09/2026 20:59:00 - INFO - __main__ - epoch 4 step 2300/6750 loss=4.1315
08/09/2026 20:59:28 - INFO - __main__ - epoch 4 step 2350/6750 loss=6.3869
08/09/2026 20:59:56 - INFO - __main__ - epoch 4 step 2400/6750 loss=4.7613
08/09/2026 21:00:24 - INFO - __main__ - epoch 4 step 2450/6750 loss=4.8948
08/09/2026 21:00:52 - INFO - __main__ - epoch 4 step 2500/6750 loss=6.4671
08/09/2026 21:01:21 - INFO - __main__ - epoch 4 step 2550/6750 loss=6.9581
08/09/2026 21:01:49 - INFO - __main__ - epoch 4 step 2600/6750 loss=3.9354
08/09/2026 21:02:17 - INFO - __main__ - epoch 4 step 2650/6750 loss=6.3224
08/09/2026 21:02:45 - INFO - __main__ - epoch 4 step 2700/6750 loss=3.3826
08/09/2026 21:03:13 - INFO - __main__ - epoch 4 step 2750/6750 loss=4.8854
08/09/2026 21:03:42 - INFO - __main__ - epoch 4 step 2800/6750 loss=4.2897
08/09/2026 21:04:10 - INFO - __main__ - epoch 4 step 2850/6750 loss=6.6420
08/09/2026 21:04:38 - INFO - __main__ - epoch 4 step 2900/6750 loss=4.6731
08/09/2026 21:05:06 - INFO - __main__ - epoch 4 step 2950/6750 loss=5.6958
08/09/2026 21:05:34 - INFO - __main__ - epoch 4 step 3000/6750 loss=4.9662
08/09/2026 21:06:02 - INFO - __main__ - epoch 4 step 3050/6750 loss=5.7010
08/09/2026 21:06:31 - INFO - __main__ - epoch 4 step 3100/6750 loss=4.7217
08/09/2026 21:06:59 - INFO - __main__ - epoch 4 step 3150/6750 loss=4.2196
08/09/2026 21:07:27 - INFO - __main__ - epoch 4 step 3200/6750 loss=4.5057
08/09/2026 21:07:55 - INFO - __main__ - epoch 4 step 3250/6750 loss=6.1536
08/09/2026 21:08:23 - INFO - __main__ - epoch 4 step 3300/6750 loss=4.7499
08/09/2026 21:08:51 - INFO - __main__ - epoch 4 step 3350/6750 loss=4.6098
08/09/2026 21:09:19 - INFO - __main__ - epoch 4 step 3400/6750 loss=4.1174
08/09/2026 21:09:48 - INFO - __main__ - epoch 4 step 3450/6750 loss=5.4645
08/09/2026 21:10:16 - INFO - __main__ - epoch 4 step 3500/6750 loss=4.7636
08/09/2026 21:10:43 - INFO - __main__ - epoch 4 step 3550/6750 loss=4.7237
08/09/2026 21:11:11 - INFO - __main__ - epoch 4 step 3600/6750 loss=3.6541
08/09/2026 21:11:38 - INFO - __main__ - epoch 4 step 3650/6750 loss=6.5403
08/09/2026 21:12:06 - INFO - __main__ - epoch 4 step 3700/6750 loss=7.8487
08/09/2026 21:12:34 - INFO - __main__ - epoch 4 step 3750/6750 loss=4.3723
08/09/2026 21:13:01 - INFO - __main__ - epoch 4 step 3800/6750 loss=6.2647
08/09/2026 21:13:29 - INFO - __main__ - epoch 4 step 3850/6750 loss=4.8918
08/09/2026 21:13:57 - INFO - __main__ - epoch 4 step 3900/6750 loss=3.3178
08/09/2026 21:14:25 - INFO - __main__ - epoch 4 step 3950/6750 loss=4.8053
08/09/2026 21:14:52 - INFO - __main__ - epoch 4 step 4000/6750 loss=5.0869
08/09/2026 21:15:20 - INFO - __main__ - epoch 4 step 4050/6750 loss=3.2583
08/09/2026 21:15:48 - INFO - __main__ - epoch 4 step 4100/6750 loss=4.9226
08/09/2026 21:16:15 - INFO - __main__ - epoch 4 step 4150/6750 loss=4.8490
08/09/2026 21:16:43 - INFO - __main__ - epoch 4 step 4200/6750 loss=5.2076
08/09/2026 21:17:11 - INFO - __main__ - epoch 4 step 4250/6750 loss=4.2921
08/09/2026 21:17:39 - INFO - __main__ - epoch 4 step 4300/6750 loss=6.8115
08/09/2026 21:18:07 - INFO - __main__ - epoch 4 step 4350/6750 loss=5.1850
08/09/2026 21:18:35 - INFO - __main__ - epoch 4 step 4400/6750 loss=6.8370
08/09/2026 21:19:03 - INFO - __main__ - epoch 4 step 4450/6750 loss=3.6758
08/09/2026 21:19:30 - INFO - __main__ - epoch 4 step 4500/6750 loss=5.8167
08/09/2026 21:19:57 - INFO - __main__ - epoch 4 step 4550/6750 loss=4.0424
08/09/2026 21:20:25 - INFO - __main__ - epoch 4 step 4600/6750 loss=6.1572
08/09/2026 21:20:52 - INFO - __main__ - epoch 4 step 4650/6750 loss=7.5761
08/09/2026 21:21:20 - INFO - __main__ - epoch 4 step 4700/6750 loss=4.2869
08/09/2026 21:21:48 - INFO - __main__ - epoch 4 step 4750/6750 loss=4.4147
08/09/2026 21:22:15 - INFO - __main__ - epoch 4 step 4800/6750 loss=5.5144
08/09/2026 21:22:43 - INFO - __main__ - epoch 4 step 4850/6750 loss=4.8075
08/09/2026 21:23:10 - INFO - __main__ - epoch 4 step 4900/6750 loss=4.4983
08/09/2026 21:23:38 - INFO - __main__ - epoch 4 step 4950/6750 loss=4.5457
08/09/2026 21:24:06 - INFO - __main__ - epoch 4 step 5000/6750 loss=6.0686
08/09/2026 21:24:33 - INFO - __main__ - epoch 4 step 5050/6750 loss=5.3862
08/09/2026 21:25:01 - INFO - __main__ - epoch 4 step 5100/6750 loss=4.2659
08/09/2026 21:25:29 - INFO - __main__ - epoch 4 step 5150/6750 loss=4.4335
08/09/2026 21:25:56 - INFO - __main__ - epoch 4 step 5200/6750 loss=4.2377
08/09/2026 21:26:24 - INFO - __main__ - epoch 4 step 5250/6750 loss=4.5250
08/09/2026 21:26:51 - INFO - __main__ - epoch 4 step 5300/6750 loss=3.3573
08/09/2026 21:27:19 - INFO - __main__ - epoch 4 step 5350/6750 loss=4.0585
08/09/2026 21:27:46 - INFO - __main__ - epoch 4 step 5400/6750 loss=5.4043
08/09/2026 21:28:14 - INFO - __main__ - epoch 4 step 5450/6750 loss=3.8511
08/09/2026 21:28:42 - INFO - __main__ - epoch 4 step 5500/6750 loss=3.8365
08/09/2026 21:29:09 - INFO - __main__ - epoch 4 step 5550/6750 loss=5.5384
08/09/2026 21:29:37 - INFO - __main__ - epoch 4 step 5600/6750 loss=4.4128
08/09/2026 21:30:05 - INFO - __main__ - epoch 4 step 5650/6750 loss=4.7412
08/09/2026 21:30:32 - INFO - __main__ - epoch 4 step 5700/6750 loss=5.6726
08/09/2026 21:31:00 - INFO - __main__ - epoch 4 step 5750/6750 loss=3.2859
08/09/2026 21:31:27 - INFO - __main__ - epoch 4 step 5800/6750 loss=6.0122
08/09/2026 21:31:55 - INFO - __main__ - epoch 4 step 5850/6750 loss=4.2976
08/09/2026 21:32:23 - INFO - __main__ - epoch 4 step 5900/6750 loss=4.2994
08/09/2026 21:32:51 - INFO - __main__ - epoch 4 step 5950/6750 loss=4.7618
08/09/2026 21:33:19 - INFO - __main__ - epoch 4 step 6000/6750 loss=5.2244
08/09/2026 21:33:46 - INFO - __main__ - epoch 4 step 6050/6750 loss=6.3752
08/09/2026 21:34:14 - INFO - __main__ - epoch 4 step 6100/6750 loss=3.9706
08/09/2026 21:34:42 - INFO - __main__ - epoch 4 step 6150/6750 loss=4.6358
08/09/2026 21:35:09 - INFO - __main__ - epoch 4 step 6200/6750 loss=6.1651
08/09/2026 21:35:36 - INFO - __main__ - epoch 4 step 6250/6750 loss=4.3193
08/09/2026 21:36:04 - INFO - __main__ - epoch 4 step 6300/6750 loss=3.7092
08/09/2026 21:36:31 - INFO - __main__ - epoch 4 step 6350/6750 loss=5.0760
08/09/2026 21:36:58 - INFO - __main__ - epoch 4 step 6400/6750 loss=4.6666
08/09/2026 21:37:26 - INFO - __main__ - epoch 4 step 6450/6750 loss=6.2503
08/09/2026 21:37:54 - INFO - __main__ - epoch 4 step 6500/6750 loss=5.0841
08/09/2026 21:38:22 - INFO - __main__ - epoch 4 step 6550/6750 loss=5.1179
08/09/2026 21:38:50 - INFO - __main__ - epoch 4 step 6600/6750 loss=4.4734
08/09/2026 21:39:18 - INFO - __main__ - epoch 4 step 6650/6750 loss=3.5264
08/09/2026 21:39:45 - INFO - __main__ - epoch 4 step 6700/6750 loss=5.2165
08/09/2026 21:40:13 - INFO - __main__ - epoch 4 step 6750/6750 loss=3.6358
08/09/2026 21:40:13 - INFO - __main__ - Epoch 4 xong sau 3747.6s, avg_loss=4.9857
08/09/2026 21:47:28 - INFO - __main__ - Epoch 4 - Valid macro F1 = 0.5982
              precision    recall  f1-score   support

      PERIOD     0.8832    0.9022    0.8926    140142
       COMMA     0.7914    0.7448    0.7674    162044
       COLON     0.7251    0.5717    0.6393     10824
       QMARK     0.7990    0.7658    0.7820      4884
      EXCLAM     0.5746    0.1401    0.2253      2555
   SEMICOLON     0.3808    0.2243    0.2823      1944

   micro avg     0.8300    0.7998    0.8146    322393
   macro avg     0.6923    0.5581    0.5982    322393
weighted avg     0.8250    0.7998    0.8105    322393

08/09/2026 21:47:38 - INFO - __main__ - -> best checkpoint mới, macro F1 = 0.5982
/root/phopunct/phobert_lstm_crf.py:203: FutureWarning: `torch.cuda.amp.autocast(args...)` is deprecated. Please use `torch.amp.autocast('cuda', args...)` instead.
  with torch.cuda.amp.autocast(enabled=use_amp):
08/09/2026 21:48:06 - INFO - __main__ - epoch 5 step 50/6750 loss=4.9789
08/09/2026 21:48:33 - INFO - __main__ - epoch 5 step 100/6750 loss=6.6230
08/09/2026 21:49:00 - INFO - __main__ - epoch 5 step 150/6750 loss=2.3316
08/09/2026 21:49:27 - INFO - __main__ - epoch 5 step 200/6750 loss=3.0344
08/09/2026 21:49:54 - INFO - __main__ - epoch 5 step 250/6750 loss=4.2720
08/09/2026 21:50:21 - INFO - __main__ - epoch 5 step 300/6750 loss=3.5303
08/09/2026 21:50:48 - INFO - __main__ - epoch 5 step 350/6750 loss=5.3221
08/09/2026 21:51:15 - INFO - __main__ - epoch 5 step 400/6750 loss=3.3716
08/09/2026 21:51:42 - INFO - __main__ - epoch 5 step 450/6750 loss=5.9435
08/09/2026 21:52:10 - INFO - __main__ - epoch 5 step 500/6750 loss=3.2696
08/09/2026 21:52:37 - INFO - __main__ - epoch 5 step 550/6750 loss=5.5610
08/09/2026 21:53:04 - INFO - __main__ - epoch 5 step 600/6750 loss=4.5131
08/09/2026 21:53:32 - INFO - __main__ - epoch 5 step 650/6750 loss=4.0040
08/09/2026 21:53:59 - INFO - __main__ - epoch 5 step 700/6750 loss=4.5183
08/09/2026 21:54:27 - INFO - __main__ - epoch 5 step 750/6750 loss=3.7149
08/09/2026 21:54:55 - INFO - __main__ - epoch 5 step 800/6750 loss=4.1898
08/09/2026 21:55:23 - INFO - __main__ - epoch 5 step 850/6750 loss=2.7096
08/09/2026 21:55:50 - INFO - __main__ - epoch 5 step 900/6750 loss=4.5292
08/09/2026 21:56:18 - INFO - __main__ - epoch 5 step 950/6750 loss=3.3692
08/09/2026 21:56:47 - INFO - __main__ - epoch 5 step 1000/6750 loss=4.5508
08/09/2026 21:57:15 - INFO - __main__ - epoch 5 step 1050/6750 loss=3.3625
08/09/2026 21:57:43 - INFO - __main__ - epoch 5 step 1100/6750 loss=3.6217
08/09/2026 21:58:10 - INFO - __main__ - epoch 5 step 1150/6750 loss=3.3946
08/09/2026 21:58:39 - INFO - __main__ - epoch 5 step 1200/6750 loss=5.0032
08/09/2026 21:59:07 - INFO - __main__ - epoch 5 step 1250/6750 loss=6.3845
08/09/2026 21:59:35 - INFO - __main__ - epoch 5 step 1300/6750 loss=3.0876
08/09/2026 22:00:04 - INFO - __main__ - epoch 5 step 1350/6750 loss=2.6990
08/09/2026 22:00:32 - INFO - __main__ - epoch 5 step 1400/6750 loss=5.2549
08/09/2026 22:01:00 - INFO - __main__ - epoch 5 step 1450/6750 loss=3.6157
08/09/2026 22:01:29 - INFO - __main__ - epoch 5 step 1500/6750 loss=6.3003
08/09/2026 22:01:57 - INFO - __main__ - epoch 5 step 1550/6750 loss=3.3051
08/09/2026 22:02:25 - INFO - __main__ - epoch 5 step 1600/6750 loss=4.0821
08/09/2026 22:02:54 - INFO - __main__ - epoch 5 step 1650/6750 loss=3.5407
08/09/2026 22:03:22 - INFO - __main__ - epoch 5 step 1700/6750 loss=3.5423
08/09/2026 22:03:50 - INFO - __main__ - epoch 5 step 1750/6750 loss=5.6695
08/09/2026 22:04:18 - INFO - __main__ - epoch 5 step 1800/6750 loss=4.4017
08/09/2026 22:04:46 - INFO - __main__ - epoch 5 step 1850/6750 loss=2.9338
08/09/2026 22:05:14 - INFO - __main__ - epoch 5 step 1900/6750 loss=3.9529
08/09/2026 22:05:41 - INFO - __main__ - epoch 5 step 1950/6750 loss=3.0459
08/09/2026 22:06:09 - INFO - __main__ - epoch 5 step 2000/6750 loss=3.6821
08/09/2026 22:06:37 - INFO - __main__ - epoch 5 step 2050/6750 loss=5.1470
08/09/2026 22:07:05 - INFO - __main__ - epoch 5 step 2100/6750 loss=3.3558
08/09/2026 22:07:33 - INFO - __main__ - epoch 5 step 2150/6750 loss=2.5540
08/09/2026 22:08:01 - INFO - __main__ - epoch 5 step 2200/6750 loss=3.9185
08/09/2026 22:08:29 - INFO - __main__ - epoch 5 step 2250/6750 loss=3.7087
08/09/2026 22:08:57 - INFO - __main__ - epoch 5 step 2300/6750 loss=3.4692
08/09/2026 22:09:24 - INFO - __main__ - epoch 5 step 2350/6750 loss=4.4715
08/09/2026 22:09:53 - INFO - __main__ - epoch 5 step 2400/6750 loss=4.9603
08/09/2026 22:10:21 - INFO - __main__ - epoch 5 step 2450/6750 loss=3.3741
08/09/2026 22:10:49 - INFO - __main__ - epoch 5 step 2500/6750 loss=5.4078
08/09/2026 22:11:17 - INFO - __main__ - epoch 5 step 2550/6750 loss=4.3524
08/09/2026 22:11:45 - INFO - __main__ - epoch 5 step 2600/6750 loss=4.3981
08/09/2026 22:12:13 - INFO - __main__ - epoch 5 step 2650/6750 loss=3.3178
08/09/2026 22:12:42 - INFO - __main__ - epoch 5 step 2700/6750 loss=4.2823
08/09/2026 22:13:10 - INFO - __main__ - epoch 5 step 2750/6750 loss=3.0876
08/09/2026 22:13:38 - INFO - __main__ - epoch 5 step 2800/6750 loss=4.1160
08/09/2026 22:14:06 - INFO - __main__ - epoch 5 step 2850/6750 loss=4.0188
08/09/2026 22:14:35 - INFO - __main__ - epoch 5 step 2900/6750 loss=4.2141
08/09/2026 22:15:03 - INFO - __main__ - epoch 5 step 2950/6750 loss=2.8188
08/09/2026 22:15:31 - INFO - __main__ - epoch 5 step 3000/6750 loss=5.0125
08/09/2026 22:15:59 - INFO - __main__ - epoch 5 step 3050/6750 loss=4.3231
08/09/2026 22:16:28 - INFO - __main__ - epoch 5 step 3100/6750 loss=4.9106
08/09/2026 22:16:56 - INFO - __main__ - epoch 5 step 3150/6750 loss=4.8011
08/09/2026 22:17:25 - INFO - __main__ - epoch 5 step 3200/6750 loss=3.8042
08/09/2026 22:17:53 - INFO - __main__ - epoch 5 step 3250/6750 loss=3.0772
08/09/2026 22:18:21 - INFO - __main__ - epoch 5 step 3300/6750 loss=4.1846
08/09/2026 22:18:49 - INFO - __main__ - epoch 5 step 3350/6750 loss=4.3619
08/09/2026 22:19:18 - INFO - __main__ - epoch 5 step 3400/6750 loss=3.4953
08/09/2026 22:19:46 - INFO - __main__ - epoch 5 step 3450/6750 loss=3.9849
08/09/2026 22:20:14 - INFO - __main__ - epoch 5 step 3500/6750 loss=4.3327
08/09/2026 22:20:42 - INFO - __main__ - epoch 5 step 3550/6750 loss=3.4565
08/09/2026 22:21:10 - INFO - __main__ - epoch 5 step 3600/6750 loss=3.3163
08/09/2026 22:21:37 - INFO - __main__ - epoch 5 step 3650/6750 loss=4.8388
08/09/2026 22:22:05 - INFO - __main__ - epoch 5 step 3700/6750 loss=4.2478
08/09/2026 22:22:32 - INFO - __main__ - epoch 5 step 3750/6750 loss=3.2955
08/09/2026 22:23:00 - INFO - __main__ - epoch 5 step 3800/6750 loss=4.7307
08/09/2026 22:23:28 - INFO - __main__ - epoch 5 step 3850/6750 loss=4.5275
08/09/2026 22:23:55 - INFO - __main__ - epoch 5 step 3900/6750 loss=4.1465
08/09/2026 22:24:22 - INFO - __main__ - epoch 5 step 3950/6750 loss=5.8447
08/09/2026 22:24:49 - INFO - __main__ - epoch 5 step 4000/6750 loss=4.2529
08/09/2026 22:25:17 - INFO - __main__ - epoch 5 step 4050/6750 loss=5.1916
08/09/2026 22:25:44 - INFO - __main__ - epoch 5 step 4100/6750 loss=3.1275
08/09/2026 22:26:12 - INFO - __main__ - epoch 5 step 4150/6750 loss=3.7599
08/09/2026 22:26:39 - INFO - __main__ - epoch 5 step 4200/6750 loss=4.8964
08/09/2026 22:27:07 - INFO - __main__ - epoch 5 step 4250/6750 loss=4.3865
08/09/2026 22:27:35 - INFO - __main__ - epoch 5 step 4300/6750 loss=4.7389
08/09/2026 22:28:03 - INFO - __main__ - epoch 5 step 4350/6750 loss=4.5976
08/09/2026 22:28:31 - INFO - __main__ - epoch 5 step 4400/6750 loss=3.9065
08/09/2026 22:28:58 - INFO - __main__ - epoch 5 step 4450/6750 loss=4.9455
08/09/2026 22:29:26 - INFO - __main__ - epoch 5 step 4500/6750 loss=5.5611
08/09/2026 22:29:54 - INFO - __main__ - epoch 5 step 4550/6750 loss=5.1283
08/09/2026 22:30:22 - INFO - __main__ - epoch 5 step 4600/6750 loss=2.9306
08/09/2026 22:30:49 - INFO - __main__ - epoch 5 step 4650/6750 loss=4.1199
08/09/2026 22:31:17 - INFO - __main__ - epoch 5 step 4700/6750 loss=5.5279
08/09/2026 22:31:45 - INFO - __main__ - epoch 5 step 4750/6750 loss=3.7614
08/09/2026 22:32:13 - INFO - __main__ - epoch 5 step 4800/6750 loss=4.5958
08/09/2026 22:32:41 - INFO - __main__ - epoch 5 step 4850/6750 loss=2.2297
08/09/2026 22:33:10 - INFO - __main__ - epoch 5 step 4900/6750 loss=4.0158
08/09/2026 22:33:38 - INFO - __main__ - epoch 5 step 4950/6750 loss=5.5560
08/09/2026 22:34:06 - INFO - __main__ - epoch 5 step 5000/6750 loss=3.5139
08/09/2026 22:34:34 - INFO - __main__ - epoch 5 step 5050/6750 loss=4.0063
08/09/2026 22:35:02 - INFO - __main__ - epoch 5 step 5100/6750 loss=3.4159
08/09/2026 22:35:30 - INFO - __main__ - epoch 5 step 5150/6750 loss=2.7847
08/09/2026 22:35:59 - INFO - __main__ - epoch 5 step 5200/6750 loss=3.5452
08/09/2026 22:36:27 - INFO - __main__ - epoch 5 step 5250/6750 loss=4.9041
08/09/2026 22:36:55 - INFO - __main__ - epoch 5 step 5300/6750 loss=3.5993
08/09/2026 22:37:23 - INFO - __main__ - epoch 5 step 5350/6750 loss=3.4417
08/09/2026 22:37:51 - INFO - __main__ - epoch 5 step 5400/6750 loss=3.7674
08/09/2026 22:38:19 - INFO - __main__ - epoch 5 step 5450/6750 loss=4.1152
08/09/2026 22:38:47 - INFO - __main__ - epoch 5 step 5500/6750 loss=2.9889
08/09/2026 22:39:15 - INFO - __main__ - epoch 5 step 5550/6750 loss=3.9766
08/09/2026 22:39:44 - INFO - __main__ - epoch 5 step 5600/6750 loss=6.4089
08/09/2026 22:40:12 - INFO - __main__ - epoch 5 step 5650/6750 loss=4.0327
08/09/2026 22:40:40 - INFO - __main__ - epoch 5 step 5700/6750 loss=6.2909
08/09/2026 22:41:08 - INFO - __main__ - epoch 5 step 5750/6750 loss=4.8804
08/09/2026 22:41:36 - INFO - __main__ - epoch 5 step 5800/6750 loss=4.8949
08/09/2026 22:42:04 - INFO - __main__ - epoch 5 step 5850/6750 loss=4.1424
08/09/2026 22:42:32 - INFO - __main__ - epoch 5 step 5900/6750 loss=5.3181
08/09/2026 22:43:00 - INFO - __main__ - epoch 5 step 5950/6750 loss=5.4789
08/09/2026 22:43:28 - INFO - __main__ - epoch 5 step 6000/6750 loss=4.2764
08/09/2026 22:43:57 - INFO - __main__ - epoch 5 step 6050/6750 loss=4.9127
08/09/2026 22:44:25 - INFO - __main__ - epoch 5 step 6100/6750 loss=4.2709
08/09/2026 22:44:53 - INFO - __main__ - epoch 5 step 6150/6750 loss=4.5058
08/09/2026 22:45:21 - INFO - __main__ - epoch 5 step 6200/6750 loss=4.0116
08/09/2026 22:45:50 - INFO - __main__ - epoch 5 step 6250/6750 loss=6.3196
08/09/2026 22:46:18 - INFO - __main__ - epoch 5 step 6300/6750 loss=5.4041
08/09/2026 22:46:47 - INFO - __main__ - epoch 5 step 6350/6750 loss=3.8053
08/09/2026 22:47:15 - INFO - __main__ - epoch 5 step 6400/6750 loss=3.4049
08/09/2026 22:47:43 - INFO - __main__ - epoch 5 step 6450/6750 loss=4.5552
08/09/2026 22:48:11 - INFO - __main__ - epoch 5 step 6500/6750 loss=4.5401
08/09/2026 22:48:39 - INFO - __main__ - epoch 5 step 6550/6750 loss=2.8349
08/09/2026 22:49:07 - INFO - __main__ - epoch 5 step 6600/6750 loss=4.1756
08/09/2026 22:49:35 - INFO - __main__ - epoch 5 step 6650/6750 loss=5.5995
08/09/2026 22:50:03 - INFO - __main__ - epoch 5 step 6700/6750 loss=4.2178
08/09/2026 22:50:31 - INFO - __main__ - epoch 5 step 6750/6750 loss=3.7692
08/09/2026 22:50:31 - INFO - __main__ - Epoch 5 xong sau 3773.1s, avg_loss=4.2343
08/09/2026 22:57:53 - INFO - __main__ - Epoch 5 - Valid macro F1 = 0.6128
              precision    recall  f1-score   support

      PERIOD     0.8879    0.8974    0.8926    140142
       COMMA     0.7819    0.7579    0.7697    162044
       COLON     0.6914    0.6078    0.6469     10824
       QMARK     0.7829    0.7762    0.7796      4884
      EXCLAM     0.4452    0.2180    0.2927      2555
   SEMICOLON     0.3876    0.2387    0.2954      1944

   micro avg     0.8240    0.8064    0.8151    322393
   macro avg     0.6628    0.5827    0.6128    322393
weighted avg     0.8199    0.8064    0.8125    322393

08/09/2026 22:58:02 - INFO - __main__ - -> best checkpoint mới, macro F1 = 0.6128
/root/phopunct/phobert_lstm_crf.py:203: FutureWarning: `torch.cuda.amp.autocast(args...)` is deprecated. Please use `torch.amp.autocast('cuda', args...)` instead.
  with torch.cuda.amp.autocast(enabled=use_amp):
08/09/2026 22:58:30 - INFO - __main__ - epoch 6 step 50/6750 loss=2.9609
08/09/2026 22:58:58 - INFO - __main__ - epoch 6 step 100/6750 loss=4.7936
08/09/2026 22:59:26 - INFO - __main__ - epoch 6 step 150/6750 loss=3.6861
08/09/2026 22:59:55 - INFO - __main__ - epoch 6 step 200/6750 loss=3.7568
08/09/2026 23:00:23 - INFO - __main__ - epoch 6 step 250/6750 loss=4.4940
08/09/2026 23:00:51 - INFO - __main__ - epoch 6 step 300/6750 loss=3.7624
08/09/2026 23:01:19 - INFO - __main__ - epoch 6 step 350/6750 loss=2.7183
08/09/2026 23:01:47 - INFO - __main__ - epoch 6 step 400/6750 loss=3.1370
08/09/2026 23:02:15 - INFO - __main__ - epoch 6 step 450/6750 loss=3.0714
08/09/2026 23:02:42 - INFO - __main__ - epoch 6 step 500/6750 loss=2.8547
08/09/2026 23:03:10 - INFO - __main__ - epoch 6 step 550/6750 loss=3.7851
08/09/2026 23:03:38 - INFO - __main__ - epoch 6 step 600/6750 loss=3.2171
08/09/2026 23:04:05 - INFO - __main__ - epoch 6 step 650/6750 loss=2.3875
08/09/2026 23:04:33 - INFO - __main__ - epoch 6 step 700/6750 loss=2.0555
08/09/2026 23:05:00 - INFO - __main__ - epoch 6 step 750/6750 loss=3.7528
08/09/2026 23:05:28 - INFO - __main__ - epoch 6 step 800/6750 loss=3.7241
08/09/2026 23:05:56 - INFO - __main__ - epoch 6 step 850/6750 loss=3.9169
08/09/2026 23:06:23 - INFO - __main__ - epoch 6 step 900/6750 loss=4.9929
08/09/2026 23:06:51 - INFO - __main__ - epoch 6 step 950/6750 loss=2.2909
08/09/2026 23:07:18 - INFO - __main__ - epoch 6 step 1000/6750 loss=4.3454
08/09/2026 23:07:46 - INFO - __main__ - epoch 6 step 1050/6750 loss=3.9434
08/09/2026 23:08:14 - INFO - __main__ - epoch 6 step 1100/6750 loss=4.0388
08/09/2026 23:08:42 - INFO - __main__ - epoch 6 step 1150/6750 loss=2.3537
08/09/2026 23:09:10 - INFO - __main__ - epoch 6 step 1200/6750 loss=4.2684
08/09/2026 23:09:38 - INFO - __main__ - epoch 6 step 1250/6750 loss=2.4554
08/09/2026 23:10:06 - INFO - __main__ - epoch 6 step 1300/6750 loss=3.7067
08/09/2026 23:10:33 - INFO - __main__ - epoch 6 step 1350/6750 loss=3.0480
08/09/2026 23:11:01 - INFO - __main__ - epoch 6 step 1400/6750 loss=3.5246
08/09/2026 23:11:29 - INFO - __main__ - epoch 6 step 1450/6750 loss=3.2222
08/09/2026 23:11:57 - INFO - __main__ - epoch 6 step 1500/6750 loss=3.0351
08/09/2026 23:12:26 - INFO - __main__ - epoch 6 step 1550/6750 loss=3.8773
08/09/2026 23:12:53 - INFO - __main__ - epoch 6 step 1600/6750 loss=5.0491
08/09/2026 23:13:20 - INFO - __main__ - epoch 6 step 1650/6750 loss=4.3044
08/09/2026 23:13:48 - INFO - __main__ - epoch 6 step 1700/6750 loss=6.2712
08/09/2026 23:14:15 - INFO - __main__ - epoch 6 step 1750/6750 loss=2.6145
08/09/2026 23:14:43 - INFO - __main__ - epoch 6 step 1800/6750 loss=4.2992
08/09/2026 23:15:10 - INFO - __main__ - epoch 6 step 1850/6750 loss=4.3104
08/09/2026 23:15:38 - INFO - __main__ - epoch 6 step 1900/6750 loss=2.7041
08/09/2026 23:16:06 - INFO - __main__ - epoch 6 step 1950/6750 loss=3.5563
08/09/2026 23:16:34 - INFO - __main__ - epoch 6 step 2000/6750 loss=2.9321
08/09/2026 23:17:01 - INFO - __main__ - epoch 6 step 2050/6750 loss=3.8779
08/09/2026 23:17:29 - INFO - __main__ - epoch 6 step 2100/6750 loss=2.3296
08/09/2026 23:17:56 - INFO - __main__ - epoch 6 step 2150/6750 loss=4.5558
08/09/2026 23:18:24 - INFO - __main__ - epoch 6 step 2200/6750 loss=4.4301
08/09/2026 23:18:52 - INFO - __main__ - epoch 6 step 2250/6750 loss=3.8034
08/09/2026 23:19:20 - INFO - __main__ - epoch 6 step 2300/6750 loss=4.0047
08/09/2026 23:19:48 - INFO - __main__ - epoch 6 step 2350/6750 loss=2.8043
08/09/2026 23:20:16 - INFO - __main__ - epoch 6 step 2400/6750 loss=4.5302
08/09/2026 23:20:44 - INFO - __main__ - epoch 6 step 2450/6750 loss=3.2977
08/09/2026 23:21:11 - INFO - __main__ - epoch 6 step 2500/6750 loss=3.0152
08/09/2026 23:21:39 - INFO - __main__ - epoch 6 step 2550/6750 loss=2.6914
08/09/2026 23:22:07 - INFO - __main__ - epoch 6 step 2600/6750 loss=2.6146
08/09/2026 23:22:34 - INFO - __main__ - epoch 6 step 2650/6750 loss=2.6151
08/09/2026 23:23:02 - INFO - __main__ - epoch 6 step 2700/6750 loss=3.3209
08/09/2026 23:23:29 - INFO - __main__ - epoch 6 step 2750/6750 loss=5.6448
08/09/2026 23:23:57 - INFO - __main__ - epoch 6 step 2800/6750 loss=3.0662
08/09/2026 23:24:24 - INFO - __main__ - epoch 6 step 2850/6750 loss=3.9333
08/09/2026 23:24:52 - INFO - __main__ - epoch 6 step 2900/6750 loss=3.0400
08/09/2026 23:25:21 - INFO - __main__ - epoch 6 step 2950/6750 loss=3.2900
08/09/2026 23:25:49 - INFO - __main__ - epoch 6 step 3000/6750 loss=5.1585
08/09/2026 23:26:16 - INFO - __main__ - epoch 6 step 3050/6750 loss=3.7892
08/09/2026 23:26:44 - INFO - __main__ - epoch 6 step 3100/6750 loss=3.6889
08/09/2026 23:27:12 - INFO - __main__ - epoch 6 step 3150/6750 loss=4.0884
08/09/2026 23:27:40 - INFO - __main__ - epoch 6 step 3200/6750 loss=2.9577
08/09/2026 23:28:08 - INFO - __main__ - epoch 6 step 3250/6750 loss=2.6083
08/09/2026 23:28:37 - INFO - __main__ - epoch 6 step 3300/6750 loss=5.1198
08/09/2026 23:29:05 - INFO - __main__ - epoch 6 step 3350/6750 loss=4.4775
08/09/2026 23:29:33 - INFO - __main__ - epoch 6 step 3400/6750 loss=4.5954
08/09/2026 23:30:01 - INFO - __main__ - epoch 6 step 3450/6750 loss=3.8649
08/09/2026 23:30:29 - INFO - __main__ - epoch 6 step 3500/6750 loss=2.8028
08/09/2026 23:30:57 - INFO - __main__ - epoch 6 step 3550/6750 loss=3.4759
08/09/2026 23:31:25 - INFO - __main__ - epoch 6 step 3600/6750 loss=2.9322
08/09/2026 23:31:53 - INFO - __main__ - epoch 6 step 3650/6750 loss=2.3290
08/09/2026 23:32:21 - INFO - __main__ - epoch 6 step 3700/6750 loss=5.0718
08/09/2026 23:32:49 - INFO - __main__ - epoch 6 step 3750/6750 loss=3.8495
08/09/2026 23:33:17 - INFO - __main__ - epoch 6 step 3800/6750 loss=3.8004
08/09/2026 23:33:45 - INFO - __main__ - epoch 6 step 3850/6750 loss=2.6269
08/09/2026 23:34:12 - INFO - __main__ - epoch 6 step 3900/6750 loss=4.3622
08/09/2026 23:34:39 - INFO - __main__ - epoch 6 step 3950/6750 loss=3.3181
08/09/2026 23:35:07 - INFO - __main__ - epoch 6 step 4000/6750 loss=3.6201
08/09/2026 23:35:34 - INFO - __main__ - epoch 6 step 4050/6750 loss=4.1196
08/09/2026 23:36:02 - INFO - __main__ - epoch 6 step 4100/6750 loss=4.0611
08/09/2026 23:36:30 - INFO - __main__ - epoch 6 step 4150/6750 loss=2.9699
08/09/2026 23:36:58 - INFO - __main__ - epoch 6 step 4200/6750 loss=3.6441
08/09/2026 23:37:26 - INFO - __main__ - epoch 6 step 4250/6750 loss=3.8296
08/09/2026 23:37:54 - INFO - __main__ - epoch 6 step 4300/6750 loss=3.8291
08/09/2026 23:38:23 - INFO - __main__ - epoch 6 step 4350/6750 loss=3.5001
08/09/2026 23:38:50 - INFO - __main__ - epoch 6 step 4400/6750 loss=3.6419
08/09/2026 23:39:18 - INFO - __main__ - epoch 6 step 4450/6750 loss=4.4807
08/09/2026 23:39:46 - INFO - __main__ - epoch 6 step 4500/6750 loss=4.4341
08/09/2026 23:40:13 - INFO - __main__ - epoch 6 step 4550/6750 loss=3.7133
08/09/2026 23:40:41 - INFO - __main__ - epoch 6 step 4600/6750 loss=3.8438
08/09/2026 23:41:09 - INFO - __main__ - epoch 6 step 4650/6750 loss=2.1028
08/09/2026 23:41:37 - INFO - __main__ - epoch 6 step 4700/6750 loss=3.5238
08/09/2026 23:42:05 - INFO - __main__ - epoch 6 step 4750/6750 loss=3.8509
08/09/2026 23:42:32 - INFO - __main__ - epoch 6 step 4800/6750 loss=3.5675
08/09/2026 23:43:00 - INFO - __main__ - epoch 6 step 4850/6750 loss=3.9226
08/09/2026 23:43:28 - INFO - __main__ - epoch 6 step 4900/6750 loss=4.1161
08/09/2026 23:43:56 - INFO - __main__ - epoch 6 step 4950/6750 loss=2.5388
08/09/2026 23:44:23 - INFO - __main__ - epoch 6 step 5000/6750 loss=4.6605
08/09/2026 23:44:51 - INFO - __main__ - epoch 6 step 5050/6750 loss=4.3922
08/09/2026 23:45:19 - INFO - __main__ - epoch 6 step 5100/6750 loss=3.2363
08/09/2026 23:45:47 - INFO - __main__ - epoch 6 step 5150/6750 loss=3.8725
08/09/2026 23:46:15 - INFO - __main__ - epoch 6 step 5200/6750 loss=3.2116
08/09/2026 23:46:43 - INFO - __main__ - epoch 6 step 5250/6750 loss=4.0445
08/09/2026 23:47:10 - INFO - __main__ - epoch 6 step 5300/6750 loss=3.2722
08/09/2026 23:47:38 - INFO - __main__ - epoch 6 step 5350/6750 loss=3.1137
08/09/2026 23:48:06 - INFO - __main__ - epoch 6 step 5400/6750 loss=3.9690
08/09/2026 23:48:34 - INFO - __main__ - epoch 6 step 5450/6750 loss=3.8579
08/09/2026 23:49:01 - INFO - __main__ - epoch 6 step 5500/6750 loss=3.1216
08/09/2026 23:49:29 - INFO - __main__ - epoch 6 step 5550/6750 loss=4.1461
08/09/2026 23:49:57 - INFO - __main__ - epoch 6 step 5600/6750 loss=3.2456
08/09/2026 23:50:26 - INFO - __main__ - epoch 6 step 5650/6750 loss=2.5537
08/09/2026 23:50:54 - INFO - __main__ - epoch 6 step 5700/6750 loss=4.6127
08/09/2026 23:51:22 - INFO - __main__ - epoch 6 step 5750/6750 loss=2.9308
08/09/2026 23:51:50 - INFO - __main__ - epoch 6 step 5800/6750 loss=4.0026
08/09/2026 23:52:18 - INFO - __main__ - epoch 6 step 5850/6750 loss=3.7673
08/09/2026 23:52:46 - INFO - __main__ - epoch 6 step 5900/6750 loss=4.2874
08/09/2026 23:53:14 - INFO - __main__ - epoch 6 step 5950/6750 loss=3.6368
08/09/2026 23:53:42 - INFO - __main__ - epoch 6 step 6000/6750 loss=3.3813
08/09/2026 23:54:10 - INFO - __main__ - epoch 6 step 6050/6750 loss=2.8775
08/09/2026 23:54:38 - INFO - __main__ - epoch 6 step 6100/6750 loss=2.8888
08/09/2026 23:55:05 - INFO - __main__ - epoch 6 step 6150/6750 loss=4.8334
08/09/2026 23:55:32 - INFO - __main__ - epoch 6 step 6200/6750 loss=3.0578
08/09/2026 23:56:00 - INFO - __main__ - epoch 6 step 6250/6750 loss=4.1939
08/09/2026 23:56:27 - INFO - __main__ - epoch 6 step 6300/6750 loss=2.9607
08/09/2026 23:56:55 - INFO - __main__ - epoch 6 step 6350/6750 loss=2.8918
08/09/2026 23:57:22 - INFO - __main__ - epoch 6 step 6400/6750 loss=4.6797
08/09/2026 23:57:50 - INFO - __main__ - epoch 6 step 6450/6750 loss=3.1954
08/09/2026 23:58:17 - INFO - __main__ - epoch 6 step 6500/6750 loss=2.6226
08/09/2026 23:58:45 - INFO - __main__ - epoch 6 step 6550/6750 loss=3.8379
08/09/2026 23:59:12 - INFO - __main__ - epoch 6 step 6600/6750 loss=3.5174
08/09/2026 23:59:39 - INFO - __main__ - epoch 6 step 6650/6750 loss=2.7348
08/10/2026 00:00:07 - INFO - __main__ - epoch 6 step 6700/6750 loss=5.8659
08/10/2026 00:00:35 - INFO - __main__ - epoch 6 step 6750/6750 loss=3.8273
08/10/2026 00:00:35 - INFO - __main__ - Epoch 6 xong sau 3753.1s, avg_loss=3.6029
08/10/2026 00:07:49 - INFO - __main__ - Epoch 6 - Valid macro F1 = 0.6126
              precision    recall  f1-score   support

      PERIOD     0.8834    0.9004    0.8918    140142
       COMMA     0.7819    0.7525    0.7669    162044
       COLON     0.6966    0.6144    0.6529     10824
       QMARK     0.7870    0.7733    0.7801      4884
      EXCLAM     0.4092    0.2266    0.2917      2555
   SEMICOLON     0.3879    0.2341    0.2919      1944

   micro avg     0.8222    0.8052    0.8136    322393
   macro avg     0.6577    0.5836    0.6126    322393
weighted avg     0.8179    0.8052    0.8110    322393

/root/phopunct/phobert_lstm_crf.py:203: FutureWarning: `torch.cuda.amp.autocast(args...)` is deprecated. Please use `torch.amp.autocast('cuda', args...)` instead.
  with torch.cuda.amp.autocast(enabled=use_amp):
08/10/2026 00:08:21 - INFO - __main__ - epoch 7 step 50/6750 loss=3.9481
08/10/2026 00:08:49 - INFO - __main__ - epoch 7 step 100/6750 loss=2.4091
08/10/2026 00:09:17 - INFO - __main__ - epoch 7 step 150/6750 loss=3.1910
08/10/2026 00:09:44 - INFO - __main__ - epoch 7 step 200/6750 loss=2.1055
08/10/2026 00:10:12 - INFO - __main__ - epoch 7 step 250/6750 loss=1.7945
08/10/2026 00:10:40 - INFO - __main__ - epoch 7 step 300/6750 loss=2.9783
08/10/2026 00:11:08 - INFO - __main__ - epoch 7 step 350/6750 loss=2.5876
08/10/2026 00:11:36 - INFO - __main__ - epoch 7 step 400/6750 loss=1.7098
08/10/2026 00:12:03 - INFO - __main__ - epoch 7 step 450/6750 loss=3.8442
08/10/2026 00:12:30 - INFO - __main__ - epoch 7 step 500/6750 loss=2.7138
08/10/2026 00:12:58 - INFO - __main__ - epoch 7 step 550/6750 loss=2.7411
08/10/2026 00:13:26 - INFO - __main__ - epoch 7 step 600/6750 loss=4.0299
08/10/2026 00:13:53 - INFO - __main__ - epoch 7 step 650/6750 loss=3.6610
08/10/2026 00:14:20 - INFO - __main__ - epoch 7 step 700/6750 loss=3.0098
08/10/2026 00:14:48 - INFO - __main__ - epoch 7 step 750/6750 loss=4.3502
08/10/2026 00:15:15 - INFO - __main__ - epoch 7 step 800/6750 loss=2.1831
08/10/2026 00:15:43 - INFO - __main__ - epoch 7 step 850/6750 loss=2.0906
08/10/2026 00:16:11 - INFO - __main__ - epoch 7 step 900/6750 loss=3.7134
08/10/2026 00:16:39 - INFO - __main__ - epoch 7 step 950/6750 loss=4.2031
08/10/2026 00:17:06 - INFO - __main__ - epoch 7 step 1000/6750 loss=2.0616
08/10/2026 00:17:33 - INFO - __main__ - epoch 7 step 1050/6750 loss=1.6493
08/10/2026 00:18:01 - INFO - __main__ - epoch 7 step 1100/6750 loss=3.5947
08/10/2026 00:18:28 - INFO - __main__ - epoch 7 step 1150/6750 loss=2.7384
08/10/2026 00:18:56 - INFO - __main__ - epoch 7 step 1200/6750 loss=2.2202
08/10/2026 00:19:24 - INFO - __main__ - epoch 7 step 1250/6750 loss=2.8293
08/10/2026 00:19:53 - INFO - __main__ - epoch 7 step 1300/6750 loss=2.5777
08/10/2026 00:20:21 - INFO - __main__ - epoch 7 step 1350/6750 loss=3.1486
08/10/2026 00:20:48 - INFO - __main__ - epoch 7 step 1400/6750 loss=2.5852
08/10/2026 00:21:16 - INFO - __main__ - epoch 7 step 1450/6750 loss=2.6112
08/10/2026 00:21:44 - INFO - __main__ - epoch 7 step 1500/6750 loss=2.5653
08/10/2026 00:22:11 - INFO - __main__ - epoch 7 step 1550/6750 loss=3.8616
08/10/2026 00:22:39 - INFO - __main__ - epoch 7 step 1600/6750 loss=2.0904
08/10/2026 00:23:07 - INFO - __main__ - epoch 7 step 1650/6750 loss=2.9361
08/10/2026 00:23:35 - INFO - __main__ - epoch 7 step 1700/6750 loss=4.0043
08/10/2026 00:24:03 - INFO - __main__ - epoch 7 step 1750/6750 loss=2.6796
08/10/2026 00:24:31 - INFO - __main__ - epoch 7 step 1800/6750 loss=2.7847
08/10/2026 00:24:59 - INFO - __main__ - epoch 7 step 1850/6750 loss=2.2685
08/10/2026 00:25:27 - INFO - __main__ - epoch 7 step 1900/6750 loss=3.9831
08/10/2026 00:25:54 - INFO - __main__ - epoch 7 step 1950/6750 loss=2.8379
08/10/2026 00:26:22 - INFO - __main__ - epoch 7 step 2000/6750 loss=3.0522
08/10/2026 00:26:50 - INFO - __main__ - epoch 7 step 2050/6750 loss=2.9364
08/10/2026 00:27:18 - INFO - __main__ - epoch 7 step 2100/6750 loss=2.4257
08/10/2026 00:27:46 - INFO - __main__ - epoch 7 step 2150/6750 loss=4.3386
08/10/2026 00:28:15 - INFO - __main__ - epoch 7 step 2200/6750 loss=3.3741
08/10/2026 00:28:43 - INFO - __main__ - epoch 7 step 2250/6750 loss=3.1602
08/10/2026 00:29:11 - INFO - __main__ - epoch 7 step 2300/6750 loss=3.2137
08/10/2026 00:29:39 - INFO - __main__ - epoch 7 step 2350/6750 loss=2.3681
08/10/2026 00:30:07 - INFO - __main__ - epoch 7 step 2400/6750 loss=2.7520
08/10/2026 00:30:35 - INFO - __main__ - epoch 7 step 2450/6750 loss=2.5169
08/10/2026 00:31:03 - INFO - __main__ - epoch 7 step 2500/6750 loss=2.8168
08/10/2026 00:31:31 - INFO - __main__ - epoch 7 step 2550/6750 loss=3.3275
08/10/2026 00:31:58 - INFO - __main__ - epoch 7 step 2600/6750 loss=2.8927
08/10/2026 00:32:26 - INFO - __main__ - epoch 7 step 2650/6750 loss=3.3245
08/10/2026 00:32:54 - INFO - __main__ - epoch 7 step 2700/6750 loss=2.8803
08/10/2026 00:33:22 - INFO - __main__ - epoch 7 step 2750/6750 loss=2.7854
08/10/2026 00:33:49 - INFO - __main__ - epoch 7 step 2800/6750 loss=2.8949
08/10/2026 00:34:17 - INFO - __main__ - epoch 7 step 2850/6750 loss=3.8288
08/10/2026 00:34:44 - INFO - __main__ - epoch 7 step 2900/6750 loss=2.8837
08/10/2026 00:35:12 - INFO - __main__ - epoch 7 step 2950/6750 loss=3.2841
08/10/2026 00:35:40 - INFO - __main__ - epoch 7 step 3000/6750 loss=3.5176
08/10/2026 00:36:08 - INFO - __main__ - epoch 7 step 3050/6750 loss=4.3357
08/10/2026 00:36:36 - INFO - __main__ - epoch 7 step 3100/6750 loss=2.6719
08/10/2026 00:37:04 - INFO - __main__ - epoch 7 step 3150/6750 loss=2.7768
08/10/2026 00:37:33 - INFO - __main__ - epoch 7 step 3200/6750 loss=2.3297
08/10/2026 00:38:01 - INFO - __main__ - epoch 7 step 3250/6750 loss=3.1210
08/10/2026 00:38:29 - INFO - __main__ - epoch 7 step 3300/6750 loss=2.3475
08/10/2026 00:38:57 - INFO - __main__ - epoch 7 step 3350/6750 loss=2.1920
08/10/2026 00:39:25 - INFO - __main__ - epoch 7 step 3400/6750 loss=3.0164
08/10/2026 00:39:53 - INFO - __main__ - epoch 7 step 3450/6750 loss=3.7076
08/10/2026 00:40:21 - INFO - __main__ - epoch 7 step 3500/6750 loss=3.1597
08/10/2026 00:40:49 - INFO - __main__ - epoch 7 step 3550/6750 loss=3.3585
08/10/2026 00:41:17 - INFO - __main__ - epoch 7 step 3600/6750 loss=3.6860
08/10/2026 00:41:45 - INFO - __main__ - epoch 7 step 3650/6750 loss=1.6914
08/10/2026 00:42:14 - INFO - __main__ - epoch 7 step 3700/6750 loss=2.6862
08/10/2026 00:42:42 - INFO - __main__ - epoch 7 step 3750/6750 loss=3.6324
08/10/2026 00:43:10 - INFO - __main__ - epoch 7 step 3800/6750 loss=2.4002
08/10/2026 00:43:39 - INFO - __main__ - epoch 7 step 3850/6750 loss=3.6460
08/10/2026 00:44:07 - INFO - __main__ - epoch 7 step 3900/6750 loss=3.0094
08/10/2026 00:44:35 - INFO - __main__ - epoch 7 step 3950/6750 loss=3.6585
08/10/2026 00:45:03 - INFO - __main__ - epoch 7 step 4000/6750 loss=3.1629
08/10/2026 00:45:31 - INFO - __main__ - epoch 7 step 4050/6750 loss=3.4374
08/10/2026 00:45:59 - INFO - __main__ - epoch 7 step 4100/6750 loss=3.4920
08/10/2026 00:46:27 - INFO - __main__ - epoch 7 step 4150/6750 loss=3.1924
08/10/2026 00:46:56 - INFO - __main__ - epoch 7 step 4200/6750 loss=2.0138
08/10/2026 00:47:24 - INFO - __main__ - epoch 7 step 4250/6750 loss=3.9751
08/10/2026 00:47:52 - INFO - __main__ - epoch 7 step 4300/6750 loss=2.1413
08/10/2026 00:48:20 - INFO - __main__ - epoch 7 step 4350/6750 loss=2.3411
08/10/2026 00:48:49 - INFO - __main__ - epoch 7 step 4400/6750 loss=1.9409
08/10/2026 00:49:17 - INFO - __main__ - epoch 7 step 4450/6750 loss=2.8271
08/10/2026 00:49:45 - INFO - __main__ - epoch 7 step 4500/6750 loss=2.8209
08/10/2026 00:50:13 - INFO - __main__ - epoch 7 step 4550/6750 loss=2.6809
08/10/2026 00:50:42 - INFO - __main__ - epoch 7 step 4600/6750 loss=2.6061
08/10/2026 00:51:11 - INFO - __main__ - epoch 7 step 4650/6750 loss=3.3930
08/10/2026 00:51:38 - INFO - __main__ - epoch 7 step 4700/6750 loss=2.2517
08/10/2026 00:52:06 - INFO - __main__ - epoch 7 step 4750/6750 loss=2.4520
08/10/2026 00:52:34 - INFO - __main__ - epoch 7 step 4800/6750 loss=2.7519
08/10/2026 00:53:02 - INFO - __main__ - epoch 7 step 4850/6750 loss=5.9624
08/10/2026 00:53:29 - INFO - __main__ - epoch 7 step 4900/6750 loss=4.5778
08/10/2026 00:53:57 - INFO - __main__ - epoch 7 step 4950/6750 loss=2.8481
08/10/2026 00:54:25 - INFO - __main__ - epoch 7 step 5000/6750 loss=2.2819
08/10/2026 00:54:53 - INFO - __main__ - epoch 7 step 5050/6750 loss=3.0119
08/10/2026 00:55:21 - INFO - __main__ - epoch 7 step 5100/6750 loss=3.2115
08/10/2026 00:55:49 - INFO - __main__ - epoch 7 step 5150/6750 loss=3.9671
08/10/2026 00:56:16 - INFO - __main__ - epoch 7 step 5200/6750 loss=2.4182
08/10/2026 00:56:44 - INFO - __main__ - epoch 7 step 5250/6750 loss=2.5408
08/10/2026 00:57:12 - INFO - __main__ - epoch 7 step 5300/6750 loss=4.0091
08/10/2026 00:57:39 - INFO - __main__ - epoch 7 step 5350/6750 loss=2.2367
08/10/2026 00:58:07 - INFO - __main__ - epoch 7 step 5400/6750 loss=2.7578
08/10/2026 00:58:34 - INFO - __main__ - epoch 7 step 5450/6750 loss=3.3711
08/10/2026 00:59:02 - INFO - __main__ - epoch 7 step 5500/6750 loss=2.2250
08/10/2026 00:59:30 - INFO - __main__ - epoch 7 step 5550/6750 loss=3.0005
08/10/2026 00:59:58 - INFO - __main__ - epoch 7 step 5600/6750 loss=2.5353
08/10/2026 01:00:26 - INFO - __main__ - epoch 7 step 5650/6750 loss=2.0739
08/10/2026 01:00:53 - INFO - __main__ - epoch 7 step 5700/6750 loss=2.4500
08/10/2026 01:01:21 - INFO - __main__ - epoch 7 step 5750/6750 loss=4.0689
08/10/2026 01:01:48 - INFO - __main__ - epoch 7 step 5800/6750 loss=2.2431
08/10/2026 01:02:16 - INFO - __main__ - epoch 7 step 5850/6750 loss=2.9289
08/10/2026 01:02:43 - INFO - __main__ - epoch 7 step 5900/6750 loss=1.6938
08/10/2026 01:03:11 - INFO - __main__ - epoch 7 step 5950/6750 loss=3.3982
08/10/2026 01:03:38 - INFO - __main__ - epoch 7 step 6000/6750 loss=2.2019
08/10/2026 01:04:06 - INFO - __main__ - epoch 7 step 6050/6750 loss=2.7001
08/10/2026 01:04:33 - INFO - __main__ - epoch 7 step 6100/6750 loss=2.3111
08/10/2026 01:05:01 - INFO - __main__ - epoch 7 step 6150/6750 loss=3.5159
08/10/2026 01:05:28 - INFO - __main__ - epoch 7 step 6200/6750 loss=3.7640
08/10/2026 01:05:56 - INFO - __main__ - epoch 7 step 6250/6750 loss=1.4561
08/10/2026 01:06:24 - INFO - __main__ - epoch 7 step 6300/6750 loss=2.2963
08/10/2026 01:06:51 - INFO - __main__ - epoch 7 step 6350/6750 loss=4.1485
08/10/2026 01:07:19 - INFO - __main__ - epoch 7 step 6400/6750 loss=3.3523
08/10/2026 01:07:47 - INFO - __main__ - epoch 7 step 6450/6750 loss=3.0310
08/10/2026 01:08:14 - INFO - __main__ - epoch 7 step 6500/6750 loss=4.0886
08/10/2026 01:08:42 - INFO - __main__ - epoch 7 step 6550/6750 loss=2.5969
08/10/2026 01:09:09 - INFO - __main__ - epoch 7 step 6600/6750 loss=1.8724
08/10/2026 01:09:37 - INFO - __main__ - epoch 7 step 6650/6750 loss=2.1606
08/10/2026 01:10:05 - INFO - __main__ - epoch 7 step 6700/6750 loss=2.8444
08/10/2026 01:10:33 - INFO - __main__ - epoch 7 step 6750/6750 loss=2.6870
08/10/2026 01:10:33 - INFO - __main__ - Epoch 7 xong sau 3758.7s, avg_loss=3.1029
08/10/2026 01:17:46 - INFO - __main__ - Epoch 7 - Valid macro F1 = 0.6135
              precision    recall  f1-score   support

      PERIOD     0.8934    0.8894    0.8914    140142
       COMMA     0.7677    0.7655    0.7666    162044
       COLON     0.6756    0.6276    0.6507     10824
       QMARK     0.7883    0.7701    0.7791      4884
      EXCLAM     0.4340    0.2200    0.2919      2555
   SEMICOLON     0.3623    0.2577    0.3012      1944

   micro avg     0.8170    0.8074    0.8122    322393
   macro avg     0.6535    0.5884    0.6135    322393
weighted avg     0.8144    0.8074    0.8106    322393

08/10/2026 01:17:56 - INFO - __main__ - -> best checkpoint mới, macro F1 = 0.6135
/root/phopunct/phobert_lstm_crf.py:203: FutureWarning: `torch.cuda.amp.autocast(args...)` is deprecated. Please use `torch.amp.autocast('cuda', args...)` instead.
  with torch.cuda.amp.autocast(enabled=use_amp):
08/10/2026 01:18:24 - INFO - __main__ - epoch 8 step 50/6750 loss=3.2918
08/10/2026 01:18:52 - INFO - __main__ - epoch 8 step 100/6750 loss=2.7342
08/10/2026 01:19:20 - INFO - __main__ - epoch 8 step 150/6750 loss=2.8429
08/10/2026 01:19:48 - INFO - __main__ - epoch 8 step 200/6750 loss=1.9431
08/10/2026 01:20:16 - INFO - __main__ - epoch 8 step 250/6750 loss=2.8301
08/10/2026 01:20:44 - INFO - __main__ - epoch 8 step 300/6750 loss=3.6757
08/10/2026 01:21:12 - INFO - __main__ - epoch 8 step 350/6750 loss=4.0516
08/10/2026 01:21:40 - INFO - __main__ - epoch 8 step 400/6750 loss=2.9658
08/10/2026 01:22:08 - INFO - __main__ - epoch 8 step 450/6750 loss=2.5132
08/10/2026 01:22:36 - INFO - __main__ - epoch 8 step 500/6750 loss=2.4466
08/10/2026 01:23:05 - INFO - __main__ - epoch 8 step 550/6750 loss=2.8656
08/10/2026 01:23:33 - INFO - __main__ - epoch 8 step 600/6750 loss=3.6242
08/10/2026 01:24:01 - INFO - __main__ - epoch 8 step 650/6750 loss=4.0464
08/10/2026 01:24:29 - INFO - __main__ - epoch 8 step 700/6750 loss=3.1219
08/10/2026 01:24:58 - INFO - __main__ - epoch 8 step 750/6750 loss=2.6869
08/10/2026 01:25:26 - INFO - __main__ - epoch 8 step 800/6750 loss=4.1100
08/10/2026 01:25:54 - INFO - __main__ - epoch 8 step 850/6750 loss=4.1491
08/10/2026 01:26:22 - INFO - __main__ - epoch 8 step 900/6750 loss=2.6554
08/10/2026 01:26:51 - INFO - __main__ - epoch 8 step 950/6750 loss=1.3342
08/10/2026 01:27:19 - INFO - __main__ - epoch 8 step 1000/6750 loss=2.3572
08/10/2026 01:27:47 - INFO - __main__ - epoch 8 step 1050/6750 loss=2.5448
08/10/2026 01:28:16 - INFO - __main__ - epoch 8 step 1100/6750 loss=2.7928
08/10/2026 01:28:44 - INFO - __main__ - epoch 8 step 1150/6750 loss=3.8379
08/10/2026 01:29:12 - INFO - __main__ - epoch 8 step 1200/6750 loss=2.8377
08/10/2026 01:29:40 - INFO - __main__ - epoch 8 step 1250/6750 loss=3.1284
08/10/2026 01:30:08 - INFO - __main__ - epoch 8 step 1300/6750 loss=3.2952
08/10/2026 01:30:36 - INFO - __main__ - epoch 8 step 1350/6750 loss=2.6652
08/10/2026 01:31:04 - INFO - __main__ - epoch 8 step 1400/6750 loss=2.9168
08/10/2026 01:31:32 - INFO - __main__ - epoch 8 step 1450/6750 loss=2.8257
08/10/2026 01:32:00 - INFO - __main__ - epoch 8 step 1500/6750 loss=1.9950
08/10/2026 01:32:29 - INFO - __main__ - epoch 8 step 1550/6750 loss=2.0239
08/10/2026 01:32:57 - INFO - __main__ - epoch 8 step 1600/6750 loss=3.6335
08/10/2026 01:33:25 - INFO - __main__ - epoch 8 step 1650/6750 loss=2.0948
08/10/2026 01:33:53 - INFO - __main__ - epoch 8 step 1700/6750 loss=2.5391
08/10/2026 01:34:21 - INFO - __main__ - epoch 8 step 1750/6750 loss=4.0470
08/10/2026 01:34:49 - INFO - __main__ - epoch 8 step 1800/6750 loss=2.3191
08/10/2026 01:35:17 - INFO - __main__ - epoch 8 step 1850/6750 loss=4.1258
08/10/2026 01:35:45 - INFO - __main__ - epoch 8 step 1900/6750 loss=2.9773
08/10/2026 01:36:13 - INFO - __main__ - epoch 8 step 1950/6750 loss=4.1616
08/10/2026 01:36:41 - INFO - __main__ - epoch 8 step 2000/6750 loss=2.3579
08/10/2026 01:37:08 - INFO - __main__ - epoch 8 step 2050/6750 loss=2.6825
08/10/2026 01:37:36 - INFO - __main__ - epoch 8 step 2100/6750 loss=3.5462
08/10/2026 01:38:04 - INFO - __main__ - epoch 8 step 2150/6750 loss=1.6488
08/10/2026 01:38:32 - INFO - __main__ - epoch 8 step 2200/6750 loss=4.5102
08/10/2026 01:39:00 - INFO - __main__ - epoch 8 step 2250/6750 loss=3.3289
08/10/2026 01:39:27 - INFO - __main__ - epoch 8 step 2300/6750 loss=3.3350
08/10/2026 01:39:55 - INFO - __main__ - epoch 8 step 2350/6750 loss=2.5797
08/10/2026 01:40:23 - INFO - __main__ - epoch 8 step 2400/6750 loss=2.9560
08/10/2026 01:40:51 - INFO - __main__ - epoch 8 step 2450/6750 loss=2.4401
08/10/2026 01:41:18 - INFO - __main__ - epoch 8 step 2500/6750 loss=2.1076
08/10/2026 01:41:47 - INFO - __main__ - epoch 8 step 2550/6750 loss=2.7384
08/10/2026 01:42:15 - INFO - __main__ - epoch 8 step 2600/6750 loss=2.6258
08/10/2026 01:42:43 - INFO - __main__ - epoch 8 step 2650/6750 loss=2.3619
08/10/2026 01:43:11 - INFO - __main__ - epoch 8 step 2700/6750 loss=1.6447
08/10/2026 01:43:39 - INFO - __main__ - epoch 8 step 2750/6750 loss=2.2029
08/10/2026 01:44:07 - INFO - __main__ - epoch 8 step 2800/6750 loss=2.8044
08/10/2026 01:44:35 - INFO - __main__ - epoch 8 step 2850/6750 loss=2.6615
08/10/2026 01:45:03 - INFO - __main__ - epoch 8 step 2900/6750 loss=1.9846
08/10/2026 01:45:32 - INFO - __main__ - epoch 8 step 2950/6750 loss=2.9839
08/10/2026 01:46:00 - INFO - __main__ - epoch 8 step 3000/6750 loss=2.4916
08/10/2026 01:46:28 - INFO - __main__ - epoch 8 step 3050/6750 loss=1.3429
08/10/2026 01:46:56 - INFO - __main__ - epoch 8 step 3100/6750 loss=2.6243
08/10/2026 01:47:25 - INFO - __main__ - epoch 8 step 3150/6750 loss=3.0958
08/10/2026 01:47:53 - INFO - __main__ - epoch 8 step 3200/6750 loss=2.8980
08/10/2026 01:48:21 - INFO - __main__ - epoch 8 step 3250/6750 loss=3.1253
08/10/2026 01:48:49 - INFO - __main__ - epoch 8 step 3300/6750 loss=2.0315
08/10/2026 01:49:17 - INFO - __main__ - epoch 8 step 3350/6750 loss=2.1245
08/10/2026 01:49:45 - INFO - __main__ - epoch 8 step 3400/6750 loss=2.2003
08/10/2026 01:50:13 - INFO - __main__ - epoch 8 step 3450/6750 loss=3.4567
08/10/2026 01:50:40 - INFO - __main__ - epoch 8 step 3500/6750 loss=3.4371
08/10/2026 01:51:08 - INFO - __main__ - epoch 8 step 3550/6750 loss=3.5681
08/10/2026 01:51:36 - INFO - __main__ - epoch 8 step 3600/6750 loss=1.4988
08/10/2026 01:52:04 - INFO - __main__ - epoch 8 step 3650/6750 loss=2.1312
08/10/2026 01:52:32 - INFO - __main__ - epoch 8 step 3700/6750 loss=1.9994
08/10/2026 01:53:00 - INFO - __main__ - epoch 8 step 3750/6750 loss=4.3536
08/10/2026 01:53:28 - INFO - __main__ - epoch 8 step 3800/6750 loss=2.2456
08/10/2026 01:53:56 - INFO - __main__ - epoch 8 step 3850/6750 loss=3.8039
08/10/2026 01:54:24 - INFO - __main__ - epoch 8 step 3900/6750 loss=3.8027
08/10/2026 01:54:52 - INFO - __main__ - epoch 8 step 3950/6750 loss=2.6880
08/10/2026 01:55:20 - INFO - __main__ - epoch 8 step 4000/6750 loss=2.7576
08/10/2026 01:55:48 - INFO - __main__ - epoch 8 step 4050/6750 loss=2.6701
08/10/2026 01:56:17 - INFO - __main__ - epoch 8 step 4100/6750 loss=2.2494
08/10/2026 01:56:45 - INFO - __main__ - epoch 8 step 4150/6750 loss=3.0029
08/10/2026 01:57:13 - INFO - __main__ - epoch 8 step 4200/6750 loss=2.8551
08/10/2026 01:57:41 - INFO - __main__ - epoch 8 step 4250/6750 loss=2.4464
08/10/2026 01:58:08 - INFO - __main__ - epoch 8 step 4300/6750 loss=2.2753
08/10/2026 01:58:35 - INFO - __main__ - epoch 8 step 4350/6750 loss=2.9867
08/10/2026 01:59:03 - INFO - __main__ - epoch 8 step 4400/6750 loss=3.4264
08/10/2026 01:59:31 - INFO - __main__ - epoch 8 step 4450/6750 loss=3.0601
08/10/2026 01:59:58 - INFO - __main__ - epoch 8 step 4500/6750 loss=2.6110
08/10/2026 02:00:26 - INFO - __main__ - epoch 8 step 4550/6750 loss=4.3440
08/10/2026 02:00:53 - INFO - __main__ - epoch 8 step 4600/6750 loss=2.9137
08/10/2026 02:01:21 - INFO - __main__ - epoch 8 step 4650/6750 loss=3.3913
08/10/2026 02:01:48 - INFO - __main__ - epoch 8 step 4700/6750 loss=2.8687
08/10/2026 02:02:15 - INFO - __main__ - epoch 8 step 4750/6750 loss=2.3860
08/10/2026 02:02:43 - INFO - __main__ - epoch 8 step 4800/6750 loss=4.1675
08/10/2026 02:03:10 - INFO - __main__ - epoch 8 step 4850/6750 loss=1.6538
08/10/2026 02:03:38 - INFO - __main__ - epoch 8 step 4900/6750 loss=2.0922
08/10/2026 02:04:05 - INFO - __main__ - epoch 8 step 4950/6750 loss=1.8564
08/10/2026 02:04:33 - INFO - __main__ - epoch 8 step 5000/6750 loss=2.5432
08/10/2026 02:05:00 - INFO - __main__ - epoch 8 step 5050/6750 loss=1.7393
08/10/2026 02:05:29 - INFO - __main__ - epoch 8 step 5100/6750 loss=2.7174
08/10/2026 02:05:57 - INFO - __main__ - epoch 8 step 5150/6750 loss=2.0162
08/10/2026 02:06:25 - INFO - __main__ - epoch 8 step 5200/6750 loss=1.7413
08/10/2026 02:06:52 - INFO - __main__ - epoch 8 step 5250/6750 loss=2.5697
08/10/2026 02:07:20 - INFO - __main__ - epoch 8 step 5300/6750 loss=2.9551
08/10/2026 02:07:48 - INFO - __main__ - epoch 8 step 5350/6750 loss=3.0222
08/10/2026 02:08:15 - INFO - __main__ - epoch 8 step 5400/6750 loss=1.8134
08/10/2026 02:08:43 - INFO - __main__ - epoch 8 step 5450/6750 loss=4.2715
08/10/2026 02:09:11 - INFO - __main__ - epoch 8 step 5500/6750 loss=2.2662
08/10/2026 02:09:38 - INFO - __main__ - epoch 8 step 5550/6750 loss=2.4002
08/10/2026 02:10:06 - INFO - __main__ - epoch 8 step 5600/6750 loss=2.5151
08/10/2026 02:10:34 - INFO - __main__ - epoch 8 step 5650/6750 loss=2.7338
08/10/2026 02:11:01 - INFO - __main__ - epoch 8 step 5700/6750 loss=2.7036
08/10/2026 02:11:29 - INFO - __main__ - epoch 8 step 5750/6750 loss=3.0495
08/10/2026 02:11:57 - INFO - __main__ - epoch 8 step 5800/6750 loss=3.9091
08/10/2026 02:12:25 - INFO - __main__ - epoch 8 step 5850/6750 loss=2.2161
08/10/2026 02:12:53 - INFO - __main__ - epoch 8 step 5900/6750 loss=2.8507
08/10/2026 02:13:21 - INFO - __main__ - epoch 8 step 5950/6750 loss=2.3078
08/10/2026 02:13:49 - INFO - __main__ - epoch 8 step 6000/6750 loss=2.3246
08/10/2026 02:14:17 - INFO - __main__ - epoch 8 step 6050/6750 loss=2.4333
08/10/2026 02:14:44 - INFO - __main__ - epoch 8 step 6100/6750 loss=2.8338
08/10/2026 02:15:11 - INFO - __main__ - epoch 8 step 6150/6750 loss=2.4295
08/10/2026 02:15:39 - INFO - __main__ - epoch 8 step 6200/6750 loss=2.0767
08/10/2026 02:16:06 - INFO - __main__ - epoch 8 step 6250/6750 loss=3.6120
08/10/2026 02:16:33 - INFO - __main__ - epoch 8 step 6300/6750 loss=2.8417
08/10/2026 02:17:02 - INFO - __main__ - epoch 8 step 6350/6750 loss=2.9569
08/10/2026 02:17:29 - INFO - __main__ - epoch 8 step 6400/6750 loss=2.5973
08/10/2026 02:17:57 - INFO - __main__ - epoch 8 step 6450/6750 loss=2.9618
08/10/2026 02:18:24 - INFO - __main__ - epoch 8 step 6500/6750 loss=2.9789
08/10/2026 02:18:52 - INFO - __main__ - epoch 8 step 6550/6750 loss=1.5335
08/10/2026 02:19:20 - INFO - __main__ - epoch 8 step 6600/6750 loss=3.1837
08/10/2026 02:19:47 - INFO - __main__ - epoch 8 step 6650/6750 loss=2.0870
08/10/2026 02:20:15 - INFO - __main__ - epoch 8 step 6700/6750 loss=3.1413
08/10/2026 02:20:43 - INFO - __main__ - epoch 8 step 6750/6750 loss=1.5919
08/10/2026 02:20:43 - INFO - __main__ - Epoch 8 xong sau 3766.8s, avg_loss=2.7352
