08/10/2026 20:41:14 - INFO - __main__ - === vELECTRA + Bi-LSTM + CRF | backbone=FPTAI/velectra-base-discriminator-cased ===
08/10/2026 20:41:14 - INFO - __main__ - {
  "model_key": "velectra",
  "use_bilstm": true,
  "data_dir": "/root/phopunct/data/punctuation/Novels",
  "output_dir": "/root/phopunct/outputs/velectra_bilstm_novels",
  "max_seq_length": 256,
  "lstm_hidden_size": 128,
  "train_batch_size": 16,
  "eval_batch_size": 32,
  "num_train_epochs": 8.0,
  "learning_rate": 2e-05,
  "warmup_ratio": 0.06,
  "max_grad_norm": 1.0,
  "seed": 42,
  "device": "cuda",
  "fp16": true,
  "max_train_examples": null,
  "max_eval_examples": null,
  "logging_steps": 50
}
08/10/2026 20:41:15 - INFO - httpx - HTTP Request: HEAD https://huggingface.co/FPTAI/velectra-base-discriminator-cased/resolve/main/config.json "HTTP/1.1 307 Temporary Redirect"
08/10/2026 20:41:15 - INFO - httpx - HTTP Request: HEAD https://huggingface.co/api/resolve-cache/models/FPTAI/velectra-base-discriminator-cased/f594fee501933d92d8c13285c969495681d0cc00/config.json "HTTP/1.1 200 OK"
08/10/2026 20:41:15 - INFO - httpx - HTTP Request: GET https://huggingface.co/api/resolve-cache/models/FPTAI/velectra-base-discriminator-cased/f594fee501933d92d8c13285c969495681d0cc00/config.json "HTTP/1.1 200 OK"
08/10/2026 20:41:15 - INFO - httpx - HTTP Request: HEAD https://huggingface.co/FPTAI/velectra-base-discriminator-cased/resolve/main/tokenizer_config.json "HTTP/1.1 404 Not Found"
08/10/2026 20:41:15 - INFO - httpx - HTTP Request: HEAD https://huggingface.co/FPTAI/velectra-base-discriminator-cased/resolve/main/tokenizer_config.json "HTTP/1.1 404 Not Found"
Warning: You are sending unauthenticated requests to the HF Hub. Please set a HF_TOKEN to enable higher rate limits and faster downloads.
08/10/2026 20:41:15 - WARNING - huggingface_hub.utils._http - Warning: You are sending unauthenticated requests to the HF Hub. Please set a HF_TOKEN to enable higher rate limits and faster downloads.
08/10/2026 20:41:16 - INFO - httpx - HTTP Request: GET https://huggingface.co/api/models/FPTAI/velectra-base-discriminator-cased/tree/main/additional_chat_templates?recursive=false&expand=false "HTTP/1.1 404 Not Found"
08/10/2026 20:41:16 - INFO - httpx - HTTP Request: GET https://huggingface.co/api/models/FPTAI/velectra-base-discriminator-cased/tree/main?recursive=true&expand=false "HTTP/1.1 200 OK"
08/10/2026 20:41:16 - INFO - httpx - HTTP Request: HEAD https://huggingface.co/FPTAI/velectra-base-discriminator-cased/resolve/main/vocab.txt "HTTP/1.1 307 Temporary Redirect"
08/10/2026 20:41:16 - INFO - httpx - HTTP Request: HEAD https://huggingface.co/api/resolve-cache/models/FPTAI/velectra-base-discriminator-cased/f594fee501933d92d8c13285c969495681d0cc00/vocab.txt "HTTP/1.1 200 OK"
08/10/2026 20:41:17 - INFO - httpx - HTTP Request: GET https://huggingface.co/api/resolve-cache/models/FPTAI/velectra-base-discriminator-cased/f594fee501933d92d8c13285c969495681d0cc00/vocab.txt "HTTP/1.1 200 OK"
08/10/2026 20:41:17 - INFO - httpx - HTTP Request: HEAD https://huggingface.co/FPTAI/velectra-base-discriminator-cased/resolve/main/tokenizer.json "HTTP/1.1 404 Not Found"
08/10/2026 20:41:17 - INFO - httpx - HTTP Request: HEAD https://huggingface.co/FPTAI/velectra-base-discriminator-cased/resolve/main/added_tokens.json "HTTP/1.1 404 Not Found"
08/10/2026 20:41:17 - INFO - httpx - HTTP Request: HEAD https://huggingface.co/FPTAI/velectra-base-discriminator-cased/resolve/main/special_tokens_map.json "HTTP/1.1 404 Not Found"
08/10/2026 20:41:18 - INFO - httpx - HTTP Request: HEAD https://huggingface.co/FPTAI/velectra-base-discriminator-cased/resolve/main/chat_template.jinja "HTTP/1.1 404 Not Found"
08/10/2026 20:41:18 - INFO - __main__ - Đang nạp dữ liệu train...
08/10/2026 20:41:28 - INFO - punc_dataset_word - convert_examples_to_features: 11447 examples -> 11447 features (0 rỗng bị bỏ, 0 bị truncate)
08/10/2026 20:41:29 - INFO - __main__ - Đang nạp dữ liệu valid...
08/10/2026 20:41:32 - INFO - punc_dataset_word - convert_examples_to_features: 3032 examples -> 3032 features (0 rỗng bị bỏ, 0 bị truncate)
08/10/2026 20:41:32 - INFO - __main__ - Train: 11447 features | Valid: 3032 features
08/10/2026 20:41:33 - INFO - httpx - HTTP Request: HEAD https://huggingface.co/FPTAI/velectra-base-discriminator-cased/resolve/main/config.json "HTTP/1.1 307 Temporary Redirect"
08/10/2026 20:41:33 - INFO - httpx - HTTP Request: HEAD https://huggingface.co/api/resolve-cache/models/FPTAI/velectra-base-discriminator-cased/f594fee501933d92d8c13285c969495681d0cc00/config.json "HTTP/1.1 200 OK"
08/10/2026 20:41:33 - INFO - httpx - HTTP Request: HEAD https://huggingface.co/FPTAI/velectra-base-discriminator-cased/resolve/main/model.safetensors "HTTP/1.1 404 Not Found"
08/10/2026 20:41:33 - INFO - httpx - HTTP Request: HEAD https://huggingface.co/FPTAI/velectra-base-discriminator-cased/resolve/main/model.safetensors.index.json "HTTP/1.1 404 Not Found"
08/10/2026 20:41:33 - INFO - httpx - HTTP Request: HEAD https://huggingface.co/FPTAI/velectra-base-discriminator-cased/resolve/main/pytorch_model.bin "HTTP/1.1 302 Found"
08/10/2026 20:41:34 - INFO - httpx - HTTP Request: GET https://huggingface.co/api/models/FPTAI/velectra-base-discriminator-cased/xet-read-token/f594fee501933d92d8c13285c969495681d0cc00 "HTTP/1.1 200 OK"
08/10/2026 20:41:49 - INFO - httpx - HTTP Request: HEAD https://huggingface.co/FPTAI/velectra-base-discriminator-cased/resolve/main/model.safetensors "HTTP/1.1 404 Not Found"
08/10/2026 20:41:49 - INFO - httpx - HTTP Request: GET https://huggingface.co/api/models/FPTAI/velectra-base-discriminator-cased "HTTP/1.1 200 OK"
08/10/2026 20:41:49 - INFO - httpx - HTTP Request: GET https://huggingface.co/api/models/FPTAI/velectra-base-discriminator-cased/commits/main "HTTP/1.1 200 OK"
Loading weights:   0%|          | 0/197 [00:00<?, ?it/s]Loading weights: 100%|██████████| 197/197 [00:00<00:00, 16202.16it/s]
[transformers] [1mElectraModel LOAD REPORT[0m from: FPTAI/velectra-base-discriminator-cased
Key                                               | Status     |  | 
--------------------------------------------------+------------+--+-
discriminator_predictions.dense_prediction.weight | UNEXPECTED |  | 
discriminator_predictions.dense.bias              | UNEXPECTED |  | 
discriminator_predictions.dense_prediction.bias   | UNEXPECTED |  | 
discriminator_predictions.dense.weight            | UNEXPECTED |  | 

Notes:
- UNEXPECTED:	can be ignored when loading from different task/architecture; not ok if you expect identical arch.
08/10/2026 20:41:50 - INFO - httpx - HTTP Request: GET https://huggingface.co/api/models/FPTAI/velectra-base-discriminator-cased/discussions?p=0 "HTTP/1.1 200 OK"
/root/phopunct/baseline_lstm_crf.py:247: FutureWarning: `torch.cuda.amp.GradScaler(args...)` is deprecated. Please use `torch.amp.GradScaler('cuda', args...)` instead.
  scaler = torch.cuda.amp.GradScaler(enabled=use_amp)
/root/phopunct/baseline_lstm_crf.py:261: FutureWarning: `torch.cuda.amp.autocast(args...)` is deprecated. Please use `torch.amp.autocast('cuda', args...)` instead.
  with torch.cuda.amp.autocast(enabled=use_amp):
08/10/2026 20:41:50 - INFO - httpx - HTTP Request: GET https://huggingface.co/api/models/FPTAI/velectra-base-discriminator-cased/commits/refs%2Fpr%2F1 "HTTP/1.1 200 OK"
08/10/2026 20:41:50 - INFO - httpx - HTTP Request: HEAD https://huggingface.co/FPTAI/velectra-base-discriminator-cased/resolve/refs%2Fpr%2F1/model.safetensors.index.json "HTTP/1.1 404 Not Found"
/root/phopunct/baseline_lstm_crf.py:274: UserWarning: Detected call of `lr_scheduler.step()` before `optimizer.step()`. In PyTorch 1.1.0 and later, you should call them in the opposite order: `optimizer.step()` before `lr_scheduler.step()`.  Failure to do this will result in PyTorch skipping the first value of the learning rate schedule. See more details at https://pytorch.org/docs/stable/optim.html#how-to-adjust-learning-rate
  scheduler.step()
08/10/2026 20:41:51 - INFO - httpx - HTTP Request: HEAD https://huggingface.co/FPTAI/velectra-base-discriminator-cased/resolve/refs%2Fpr%2F1/model.safetensors "HTTP/1.1 302 Found"
08/10/2026 20:41:51 - INFO - httpx - HTTP Request: GET https://huggingface.co/api/models/FPTAI/velectra-base-discriminator-cased/xet-read-token/4d96c75d6923d04f4a79a315292b6e42df8f6826 "HTTP/1.1 200 OK"
08/10/2026 20:42:10 - INFO - __main__ - [vELECTRA + Bi-LSTM + CRF] epoch 1 step 50/716 loss=153.4986
08/10/2026 20:42:29 - INFO - __main__ - [vELECTRA + Bi-LSTM + CRF] epoch 1 step 100/716 loss=63.1698
08/10/2026 20:42:49 - INFO - __main__ - [vELECTRA + Bi-LSTM + CRF] epoch 1 step 150/716 loss=62.5003
08/10/2026 20:43:08 - INFO - __main__ - [vELECTRA + Bi-LSTM + CRF] epoch 1 step 200/716 loss=56.8484
08/10/2026 20:43:27 - INFO - __main__ - [vELECTRA + Bi-LSTM + CRF] epoch 1 step 250/716 loss=46.5238
08/10/2026 20:43:47 - INFO - __main__ - [vELECTRA + Bi-LSTM + CRF] epoch 1 step 300/716 loss=49.0172
08/10/2026 20:44:06 - INFO - __main__ - [vELECTRA + Bi-LSTM + CRF] epoch 1 step 350/716 loss=44.4211
08/10/2026 20:44:26 - INFO - __main__ - [vELECTRA + Bi-LSTM + CRF] epoch 1 step 400/716 loss=40.6427
08/10/2026 20:44:45 - INFO - __main__ - [vELECTRA + Bi-LSTM + CRF] epoch 1 step 450/716 loss=47.6086
08/10/2026 20:45:04 - INFO - __main__ - [vELECTRA + Bi-LSTM + CRF] epoch 1 step 500/716 loss=41.8147
08/10/2026 20:45:24 - INFO - __main__ - [vELECTRA + Bi-LSTM + CRF] epoch 1 step 550/716 loss=47.1784
08/10/2026 20:45:43 - INFO - __main__ - [vELECTRA + Bi-LSTM + CRF] epoch 1 step 600/716 loss=37.5070
08/10/2026 20:46:02 - INFO - __main__ - [vELECTRA + Bi-LSTM + CRF] epoch 1 step 650/716 loss=38.8434
08/10/2026 20:46:21 - INFO - __main__ - [vELECTRA + Bi-LSTM + CRF] epoch 1 step 700/716 loss=34.0987
08/10/2026 20:46:28 - INFO - __main__ - [vELECTRA + Bi-LSTM + CRF] Epoch 1 xong sau 277.9s, avg_loss=62.1563
08/10/2026 20:46:47 - INFO - __main__ - [vELECTRA + Bi-LSTM + CRF] Epoch 1 - Valid macro F1 = 0.2713
              precision    recall  f1-score   support

      PERIOD     0.5950    0.3361    0.4296     17715
       COMMA     0.4660    0.1822    0.2620     13356
       COLON     0.0000    0.0000    0.0000       320
       QMARK     0.5471    0.5483    0.5477      3868
      EXCLAM     0.3437    0.4468    0.3885      6468
   SEMICOLON     0.0000    0.0000    0.0000         6

   micro avg     0.4870    0.3211    0.3870     41733
   macro avg     0.3253    0.2523    0.2713     41733
weighted avg     0.5057    0.3211    0.3772     41733

08/10/2026 20:46:49 - INFO - __main__ - -> [vELECTRA + Bi-LSTM + CRF] best checkpoint mới, macro F1 = 0.2713
/root/phopunct/baseline_lstm_crf.py:261: FutureWarning: `torch.cuda.amp.autocast(args...)` is deprecated. Please use `torch.amp.autocast('cuda', args...)` instead.
  with torch.cuda.amp.autocast(enabled=use_amp):
08/10/2026 20:47:02 - INFO - __main__ - [vELECTRA + Bi-LSTM + CRF] epoch 2 step 34/716 loss=41.6605
08/10/2026 20:47:21 - INFO - __main__ - [vELECTRA + Bi-LSTM + CRF] epoch 2 step 84/716 loss=31.7440
08/10/2026 20:47:40 - INFO - __main__ - [vELECTRA + Bi-LSTM + CRF] epoch 2 step 134/716 loss=29.8746
08/10/2026 20:48:00 - INFO - __main__ - [vELECTRA + Bi-LSTM + CRF] epoch 2 step 184/716 loss=34.3417
08/10/2026 20:48:19 - INFO - __main__ - [vELECTRA + Bi-LSTM + CRF] epoch 2 step 234/716 loss=36.6421
08/10/2026 20:48:39 - INFO - __main__ - [vELECTRA + Bi-LSTM + CRF] epoch 2 step 284/716 loss=29.5148
08/10/2026 20:48:58 - INFO - __main__ - [vELECTRA + Bi-LSTM + CRF] epoch 2 step 334/716 loss=32.0182
08/10/2026 20:49:18 - INFO - __main__ - [vELECTRA + Bi-LSTM + CRF] epoch 2 step 384/716 loss=31.1203
08/10/2026 20:49:37 - INFO - __main__ - [vELECTRA + Bi-LSTM + CRF] epoch 2 step 434/716 loss=32.9890
08/10/2026 20:49:56 - INFO - __main__ - [vELECTRA + Bi-LSTM + CRF] epoch 2 step 484/716 loss=30.1882
08/10/2026 20:50:16 - INFO - __main__ - [vELECTRA + Bi-LSTM + CRF] epoch 2 step 534/716 loss=28.9793
08/10/2026 20:50:35 - INFO - __main__ - [vELECTRA + Bi-LSTM + CRF] epoch 2 step 584/716 loss=30.0141
08/10/2026 20:50:54 - INFO - __main__ - [vELECTRA + Bi-LSTM + CRF] epoch 2 step 634/716 loss=25.3215
08/10/2026 20:51:14 - INFO - __main__ - [vELECTRA + Bi-LSTM + CRF] epoch 2 step 684/716 loss=30.7063
08/10/2026 20:51:26 - INFO - __main__ - [vELECTRA + Bi-LSTM + CRF] Epoch 2 xong sau 277.2s, avg_loss=33.3009
08/10/2026 20:51:45 - INFO - __main__ - [vELECTRA + Bi-LSTM + CRF] Epoch 2 - Valid macro F1 = 0.3486
              precision    recall  f1-score   support

      PERIOD     0.5884    0.5067    0.5445     17715
       COMMA     0.5656    0.3194    0.4082     13356
       COLON     0.0000    0.0000    0.0000       320
       QMARK     0.6661    0.6611    0.6636      3868
      EXCLAM     0.4623    0.4887    0.4752      6468
   SEMICOLON     0.0000    0.0000    0.0000         6

   micro avg     0.5664    0.4543    0.5042     41733
   macro avg     0.3804    0.3293    0.3486     41733
weighted avg     0.5641    0.4543    0.4969     41733

08/10/2026 20:51:48 - INFO - __main__ - -> [vELECTRA + Bi-LSTM + CRF] best checkpoint mới, macro F1 = 0.3486
/root/phopunct/baseline_lstm_crf.py:261: FutureWarning: `torch.cuda.amp.autocast(args...)` is deprecated. Please use `torch.amp.autocast('cuda', args...)` instead.
  with torch.cuda.amp.autocast(enabled=use_amp):
08/10/2026 20:51:55 - INFO - __main__ - [vELECTRA + Bi-LSTM + CRF] epoch 3 step 18/716 loss=23.1881
08/10/2026 20:52:15 - INFO - __main__ - [vELECTRA + Bi-LSTM + CRF] epoch 3 step 68/716 loss=27.9325
08/10/2026 20:52:34 - INFO - __main__ - [vELECTRA + Bi-LSTM + CRF] epoch 3 step 118/716 loss=31.4110
08/10/2026 20:52:53 - INFO - __main__ - [vELECTRA + Bi-LSTM + CRF] epoch 3 step 168/716 loss=25.8573
08/10/2026 20:53:13 - INFO - __main__ - [vELECTRA + Bi-LSTM + CRF] epoch 3 step 218/716 loss=32.2071
08/10/2026 20:53:32 - INFO - __main__ - [vELECTRA + Bi-LSTM + CRF] epoch 3 step 268/716 loss=24.4730
08/10/2026 20:53:52 - INFO - __main__ - [vELECTRA + Bi-LSTM + CRF] epoch 3 step 318/716 loss=25.1858
08/10/2026 20:54:11 - INFO - __main__ - [vELECTRA + Bi-LSTM + CRF] epoch 3 step 368/716 loss=25.2297
08/10/2026 20:54:30 - INFO - __main__ - [vELECTRA + Bi-LSTM + CRF] epoch 3 step 418/716 loss=28.2297
08/10/2026 20:54:50 - INFO - __main__ - [vELECTRA + Bi-LSTM + CRF] epoch 3 step 468/716 loss=27.7170
08/10/2026 20:55:09 - INFO - __main__ - [vELECTRA + Bi-LSTM + CRF] epoch 3 step 518/716 loss=24.6543
08/10/2026 20:55:29 - INFO - __main__ - [vELECTRA + Bi-LSTM + CRF] epoch 3 step 568/716 loss=27.3713
08/10/2026 20:55:48 - INFO - __main__ - [vELECTRA + Bi-LSTM + CRF] epoch 3 step 618/716 loss=27.7892
08/10/2026 20:56:09 - INFO - __main__ - [vELECTRA + Bi-LSTM + CRF] epoch 3 step 668/716 loss=26.9116
08/10/2026 20:56:28 - INFO - __main__ - [vELECTRA + Bi-LSTM + CRF] Epoch 3 xong sau 279.9s, avg_loss=27.7449
08/10/2026 20:56:47 - INFO - __main__ - [vELECTRA + Bi-LSTM + CRF] Epoch 3 - Valid macro F1 = 0.3713
              precision    recall  f1-score   support

      PERIOD     0.6588    0.4790    0.5547     17715
       COMMA     0.6038    0.3696    0.4586     13356
       COLON     0.0000    0.0000    0.0000       320
       QMARK     0.7171    0.6954    0.7061      3868
      EXCLAM     0.4235    0.6364    0.5085      6468
   SEMICOLON     0.0000    0.0000    0.0000         6

   micro avg     0.5859    0.4847    0.5305     41733
   macro avg     0.4005    0.3634    0.3713     41733
weighted avg     0.6050    0.4847    0.5265     41733

08/10/2026 20:56:50 - INFO - __main__ - -> [vELECTRA + Bi-LSTM + CRF] best checkpoint mới, macro F1 = 0.3713
/root/phopunct/baseline_lstm_crf.py:261: FutureWarning: `torch.cuda.amp.autocast(args...)` is deprecated. Please use `torch.amp.autocast('cuda', args...)` instead.
  with torch.cuda.amp.autocast(enabled=use_amp):
08/10/2026 20:56:51 - INFO - __main__ - [vELECTRA + Bi-LSTM + CRF] epoch 4 step 2/716 loss=23.9964
08/10/2026 20:57:11 - INFO - __main__ - [vELECTRA + Bi-LSTM + CRF] epoch 4 step 52/716 loss=22.9186
08/10/2026 20:57:31 - INFO - __main__ - [vELECTRA + Bi-LSTM + CRF] epoch 4 step 102/716 loss=26.3848
08/10/2026 20:57:51 - INFO - __main__ - [vELECTRA + Bi-LSTM + CRF] epoch 4 step 152/716 loss=28.3479
08/10/2026 20:58:10 - INFO - __main__ - [vELECTRA + Bi-LSTM + CRF] epoch 4 step 202/716 loss=26.0340
08/10/2026 20:58:30 - INFO - __main__ - [vELECTRA + Bi-LSTM + CRF] epoch 4 step 252/716 loss=25.1575
08/10/2026 20:58:50 - INFO - __main__ - [vELECTRA + Bi-LSTM + CRF] epoch 4 step 302/716 loss=22.8080
08/10/2026 20:59:09 - INFO - __main__ - [vELECTRA + Bi-LSTM + CRF] epoch 4 step 352/716 loss=24.7285
08/10/2026 20:59:29 - INFO - __main__ - [vELECTRA + Bi-LSTM + CRF] epoch 4 step 402/716 loss=24.2353
08/10/2026 20:59:48 - INFO - __main__ - [vELECTRA + Bi-LSTM + CRF] epoch 4 step 452/716 loss=21.3642
08/10/2026 21:00:08 - INFO - __main__ - [vELECTRA + Bi-LSTM + CRF] epoch 4 step 502/716 loss=21.9225
08/10/2026 21:00:27 - INFO - __main__ - [vELECTRA + Bi-LSTM + CRF] epoch 4 step 552/716 loss=24.7405
08/10/2026 21:00:47 - INFO - __main__ - [vELECTRA + Bi-LSTM + CRF] epoch 4 step 602/716 loss=22.5204
08/10/2026 21:01:06 - INFO - __main__ - [vELECTRA + Bi-LSTM + CRF] epoch 4 step 652/716 loss=27.1789
08/10/2026 21:01:26 - INFO - __main__ - [vELECTRA + Bi-LSTM + CRF] epoch 4 step 702/716 loss=21.5938
08/10/2026 21:01:31 - INFO - __main__ - [vELECTRA + Bi-LSTM + CRF] Epoch 4 xong sau 280.7s, avg_loss=24.2164
08/10/2026 21:01:50 - INFO - __main__ - [vELECTRA + Bi-LSTM + CRF] Epoch 4 - Valid macro F1 = 0.3873
              precision    recall  f1-score   support

      PERIOD     0.6554    0.5270    0.5842     17715
       COMMA     0.6055    0.4186    0.4950     13356
       COLON     0.0000    0.0000    0.0000       320
       QMARK     0.7056    0.7324    0.7188      3868
      EXCLAM     0.4708    0.5954    0.5258      6468
   SEMICOLON     0.0000    0.0000    0.0000         6

   micro avg     0.6058    0.5178    0.5584     41733
   macro avg     0.4062    0.3789    0.3873     41733
weighted avg     0.6104    0.5178    0.5545     41733

08/10/2026 21:01:53 - INFO - __main__ - -> [vELECTRA + Bi-LSTM + CRF] best checkpoint mới, macro F1 = 0.3873
/root/phopunct/baseline_lstm_crf.py:261: FutureWarning: `torch.cuda.amp.autocast(args...)` is deprecated. Please use `torch.amp.autocast('cuda', args...)` instead.
  with torch.cuda.amp.autocast(enabled=use_amp):
08/10/2026 21:02:07 - INFO - __main__ - [vELECTRA + Bi-LSTM + CRF] epoch 5 step 36/716 loss=19.2656
08/10/2026 21:02:26 - INFO - __main__ - [vELECTRA + Bi-LSTM + CRF] epoch 5 step 86/716 loss=17.1414
08/10/2026 21:02:46 - INFO - __main__ - [vELECTRA + Bi-LSTM + CRF] epoch 5 step 136/716 loss=23.6451
08/10/2026 21:03:06 - INFO - __main__ - [vELECTRA + Bi-LSTM + CRF] epoch 5 step 186/716 loss=20.2638
08/10/2026 21:03:25 - INFO - __main__ - [vELECTRA + Bi-LSTM + CRF] epoch 5 step 236/716 loss=20.1361
08/10/2026 21:03:45 - INFO - __main__ - [vELECTRA + Bi-LSTM + CRF] epoch 5 step 286/716 loss=18.9049
08/10/2026 21:04:05 - INFO - __main__ - [vELECTRA + Bi-LSTM + CRF] epoch 5 step 336/716 loss=21.6944
08/10/2026 21:04:25 - INFO - __main__ - [vELECTRA + Bi-LSTM + CRF] epoch 5 step 386/716 loss=19.2515
08/10/2026 21:04:45 - INFO - __main__ - [vELECTRA + Bi-LSTM + CRF] epoch 5 step 436/716 loss=23.9548
08/10/2026 21:05:05 - INFO - __main__ - [vELECTRA + Bi-LSTM + CRF] epoch 5 step 486/716 loss=25.2369
08/10/2026 21:05:24 - INFO - __main__ - [vELECTRA + Bi-LSTM + CRF] epoch 5 step 536/716 loss=21.2682
08/10/2026 21:05:44 - INFO - __main__ - [vELECTRA + Bi-LSTM + CRF] epoch 5 step 586/716 loss=27.9019
08/10/2026 21:06:04 - INFO - __main__ - [vELECTRA + Bi-LSTM + CRF] epoch 5 step 636/716 loss=21.2871
08/10/2026 21:06:24 - INFO - __main__ - [vELECTRA + Bi-LSTM + CRF] epoch 5 step 686/716 loss=18.4615
08/10/2026 21:06:36 - INFO - __main__ - [vELECTRA + Bi-LSTM + CRF] Epoch 5 xong sau 283.8s, avg_loss=21.7995
08/10/2026 21:06:56 - INFO - __main__ - [vELECTRA + Bi-LSTM + CRF] Epoch 5 - Valid macro F1 = 0.3929
              precision    recall  f1-score   support

      PERIOD     0.6437    0.5512    0.5938     17715
       COMMA     0.5822    0.4698    0.5200     13356
       COLON     0.0000    0.0000    0.0000       320
       QMARK     0.6759    0.7580    0.7146      3868
      EXCLAM     0.4615    0.6192    0.5288      6468
   SEMICOLON     0.0000    0.0000    0.0000         6

   micro avg     0.5897    0.5505    0.5694     41733
   macro avg     0.3939    0.3997    0.3929     41733
weighted avg     0.5937    0.5505    0.5667     41733

08/10/2026 21:07:00 - INFO - __main__ - -> [vELECTRA + Bi-LSTM + CRF] best checkpoint mới, macro F1 = 0.3929
/root/phopunct/baseline_lstm_crf.py:261: FutureWarning: `torch.cuda.amp.autocast(args...)` is deprecated. Please use `torch.amp.autocast('cuda', args...)` instead.
  with torch.cuda.amp.autocast(enabled=use_amp):
08/10/2026 21:07:08 - INFO - __main__ - [vELECTRA + Bi-LSTM + CRF] epoch 6 step 20/716 loss=26.8637
08/10/2026 21:07:28 - INFO - __main__ - [vELECTRA + Bi-LSTM + CRF] epoch 6 step 70/716 loss=20.3651
08/10/2026 21:07:49 - INFO - __main__ - [vELECTRA + Bi-LSTM + CRF] epoch 6 step 120/716 loss=21.8532
08/10/2026 21:08:09 - INFO - __main__ - [vELECTRA + Bi-LSTM + CRF] epoch 6 step 170/716 loss=18.2358
08/10/2026 21:08:29 - INFO - __main__ - [vELECTRA + Bi-LSTM + CRF] epoch 6 step 220/716 loss=19.4225
08/10/2026 21:08:49 - INFO - __main__ - [vELECTRA + Bi-LSTM + CRF] epoch 6 step 270/716 loss=17.8542
08/10/2026 21:09:09 - INFO - __main__ - [vELECTRA + Bi-LSTM + CRF] epoch 6 step 320/716 loss=23.0524
08/10/2026 21:09:29 - INFO - __main__ - [vELECTRA + Bi-LSTM + CRF] epoch 6 step 370/716 loss=19.7684
08/10/2026 21:09:49 - INFO - __main__ - [vELECTRA + Bi-LSTM + CRF] epoch 6 step 420/716 loss=22.0407
08/10/2026 21:10:09 - INFO - __main__ - [vELECTRA + Bi-LSTM + CRF] epoch 6 step 470/716 loss=19.5634
08/10/2026 21:10:29 - INFO - __main__ - [vELECTRA + Bi-LSTM + CRF] epoch 6 step 520/716 loss=20.9308
08/10/2026 21:10:49 - INFO - __main__ - [vELECTRA + Bi-LSTM + CRF] epoch 6 step 570/716 loss=21.0577
08/10/2026 21:11:08 - INFO - __main__ - [vELECTRA + Bi-LSTM + CRF] epoch 6 step 620/716 loss=21.0378
08/10/2026 21:11:28 - INFO - __main__ - [vELECTRA + Bi-LSTM + CRF] epoch 6 step 670/716 loss=20.5139
08/10/2026 21:11:46 - INFO - __main__ - [vELECTRA + Bi-LSTM + CRF] Epoch 6 xong sau 286.2s, avg_loss=20.0002
08/10/2026 21:12:06 - INFO - __main__ - [vELECTRA + Bi-LSTM + CRF] Epoch 6 - Valid macro F1 = 0.3987
              precision    recall  f1-score   support

      PERIOD     0.6592    0.5399    0.5936     17715
       COMMA     0.5911    0.4759    0.5273     13356
       COLON     0.0000    0.0000    0.0000       320
       QMARK     0.7221    0.7536    0.7375      3868
      EXCLAM     0.4486    0.6597    0.5341      6468
   SEMICOLON     0.0000    0.0000    0.0000         6

   micro avg     0.5953    0.5536    0.5737     41733
   macro avg     0.4035    0.4049    0.3987     41733
weighted avg     0.6054    0.5536    0.5719     41733

08/10/2026 21:12:09 - INFO - __main__ - -> [vELECTRA + Bi-LSTM + CRF] best checkpoint mới, macro F1 = 0.3987
/root/phopunct/baseline_lstm_crf.py:261: FutureWarning: `torch.cuda.amp.autocast(args...)` is deprecated. Please use `torch.amp.autocast('cuda', args...)` instead.
  with torch.cuda.amp.autocast(enabled=use_amp):
08/10/2026 21:12:10 - INFO - __main__ - [vELECTRA + Bi-LSTM + CRF] epoch 7 step 4/716 loss=19.0618
08/10/2026 21:12:30 - INFO - __main__ - [vELECTRA + Bi-LSTM + CRF] epoch 7 step 54/716 loss=17.5766
08/10/2026 21:12:50 - INFO - __main__ - [vELECTRA + Bi-LSTM + CRF] epoch 7 step 104/716 loss=18.5616
08/10/2026 21:13:09 - INFO - __main__ - [vELECTRA + Bi-LSTM + CRF] epoch 7 step 154/716 loss=18.2925
08/10/2026 21:13:29 - INFO - __main__ - [vELECTRA + Bi-LSTM + CRF] epoch 7 step 204/716 loss=19.7517
08/10/2026 21:13:48 - INFO - __main__ - [vELECTRA + Bi-LSTM + CRF] epoch 7 step 254/716 loss=20.9490
08/10/2026 21:14:08 - INFO - __main__ - [vELECTRA + Bi-LSTM + CRF] epoch 7 step 304/716 loss=16.1215
08/10/2026 21:14:27 - INFO - __main__ - [vELECTRA + Bi-LSTM + CRF] epoch 7 step 354/716 loss=14.0587
08/10/2026 21:14:46 - INFO - __main__ - [vELECTRA + Bi-LSTM + CRF] epoch 7 step 404/716 loss=23.0928
08/10/2026 21:15:06 - INFO - __main__ - [vELECTRA + Bi-LSTM + CRF] epoch 7 step 454/716 loss=16.2816
08/10/2026 21:15:26 - INFO - __main__ - [vELECTRA + Bi-LSTM + CRF] epoch 7 step 504/716 loss=19.0185
08/10/2026 21:15:45 - INFO - __main__ - [vELECTRA + Bi-LSTM + CRF] epoch 7 step 554/716 loss=19.8175
08/10/2026 21:16:04 - INFO - __main__ - [vELECTRA + Bi-LSTM + CRF] epoch 7 step 604/716 loss=18.1030
08/10/2026 21:16:24 - INFO - __main__ - [vELECTRA + Bi-LSTM + CRF] epoch 7 step 654/716 loss=18.4196
08/10/2026 21:16:43 - INFO - __main__ - [vELECTRA + Bi-LSTM + CRF] epoch 7 step 704/716 loss=16.9683
08/10/2026 21:16:48 - INFO - __main__ - [vELECTRA + Bi-LSTM + CRF] Epoch 7 xong sau 278.6s, avg_loss=18.8461
08/10/2026 21:17:07 - INFO - __main__ - [vELECTRA + Bi-LSTM + CRF] Epoch 7 - Valid macro F1 = 0.4022
              precision    recall  f1-score   support

      PERIOD     0.6330    0.5881    0.6097     17715
       COMMA     0.5960    0.4799    0.5316     13356
       COLON     0.0000    0.0000    0.0000       320
       QMARK     0.7190    0.7549    0.7365      3868
      EXCLAM     0.4783    0.6082    0.5355      6468
   SEMICOLON     0.0000    0.0000    0.0000         6

   micro avg     0.5996    0.5674    0.5831     41733
   macro avg     0.4044    0.4052    0.4022     41733
weighted avg     0.6002    0.5674    0.5802     41733

08/10/2026 21:17:10 - INFO - __main__ - -> [vELECTRA + Bi-LSTM + CRF] best checkpoint mới, macro F1 = 0.4022
/root/phopunct/baseline_lstm_crf.py:261: FutureWarning: `torch.cuda.amp.autocast(args...)` is deprecated. Please use `torch.amp.autocast('cuda', args...)` instead.
  with torch.cuda.amp.autocast(enabled=use_amp):
08/10/2026 21:17:25 - INFO - __main__ - [vELECTRA + Bi-LSTM + CRF] epoch 8 step 38/716 loss=13.9921
08/10/2026 21:17:44 - INFO - __main__ - [vELECTRA + Bi-LSTM + CRF] epoch 8 step 88/716 loss=17.3301
08/10/2026 21:18:03 - INFO - __main__ - [vELECTRA + Bi-LSTM + CRF] epoch 8 step 138/716 loss=16.4177
08/10/2026 21:18:23 - INFO - __main__ - [vELECTRA + Bi-LSTM + CRF] epoch 8 step 188/716 loss=21.0191
08/10/2026 21:18:42 - INFO - __main__ - [vELECTRA + Bi-LSTM + CRF] epoch 8 step 238/716 loss=14.6822
08/10/2026 21:19:02 - INFO - __main__ - [vELECTRA + Bi-LSTM + CRF] epoch 8 step 288/716 loss=18.5393
08/10/2026 21:19:22 - INFO - __main__ - [vELECTRA + Bi-LSTM + CRF] epoch 8 step 338/716 loss=15.4039
08/10/2026 21:19:41 - INFO - __main__ - [vELECTRA + Bi-LSTM + CRF] epoch 8 step 388/716 loss=16.6481
08/10/2026 21:20:01 - INFO - __main__ - [vELECTRA + Bi-LSTM + CRF] epoch 8 step 438/716 loss=14.6175
08/10/2026 21:20:20 - INFO - __main__ - [vELECTRA + Bi-LSTM + CRF] epoch 8 step 488/716 loss=16.2971
08/10/2026 21:20:40 - INFO - __main__ - [vELECTRA + Bi-LSTM + CRF] epoch 8 step 538/716 loss=19.9681
08/10/2026 21:21:00 - INFO - __main__ - [vELECTRA + Bi-LSTM + CRF] epoch 8 step 588/716 loss=16.7461
08/10/2026 21:21:20 - INFO - __main__ - [vELECTRA + Bi-LSTM + CRF] epoch 8 step 638/716 loss=19.8347
08/10/2026 21:21:40 - INFO - __main__ - [vELECTRA + Bi-LSTM + CRF] epoch 8 step 688/716 loss=17.3673
08/10/2026 21:21:51 - INFO - __main__ - [vELECTRA + Bi-LSTM + CRF] Epoch 8 xong sau 280.9s, avg_loss=18.0423
08/10/2026 21:22:09 - INFO - __main__ - [vELECTRA + Bi-LSTM + CRF] Epoch 8 - Valid macro F1 = 0.4016
              precision    recall  f1-score   support

      PERIOD     0.6432    0.5675    0.6030     17715
       COMMA     0.5830    0.4935    0.5345     13356
       COLON     0.0000    0.0000    0.0000       320
       QMARK     0.7113    0.7624    0.7360      3868
      EXCLAM     0.4663    0.6308    0.5362      6468
   SEMICOLON     0.0000    0.0000    0.0000         6

   micro avg     0.5943    0.5672    0.5805     41733
   macro avg     0.4006    0.4090    0.4016     41733
weighted avg     0.5978    0.5672    0.5783     41733

08/10/2026 21:22:11 - INFO - __main__ - [vELECTRA + Bi-LSTM + CRF] Train xong. Best macro F1 = 0.4022. Checkpoint tại /root/phopunct/outputs/velectra_bilstm_novels
