08/11/2026 09:10:47 - INFO - __main__ - === vELECTRA | backbone=FPTAI/velectra-base-discriminator-cased ===
08/11/2026 09:10:47 - INFO - __main__ - {
  "model_key": "velectra",
  "use_bilstm": false,
  "data_dir": "/root/phopunct/data/punctuation/Novels",
  "output_dir": "/root/phopunct/outputs/velectra_plain_novels",
  "max_seq_length": 256,
  "lstm_hidden_size": 128,
  "train_batch_size": 16,
  "eval_batch_size": 32,
  "num_train_epochs": 8.0,
  "learning_rate": 2e-05,
  "warmup_ratio": 0.06,
  "max_grad_norm": 1.0,
  "seed": 42,
  "device": "cuda",
  "fp16": true,
  "max_train_examples": null,
  "max_eval_examples": null,
  "logging_steps": 50
}
08/11/2026 09:10:48 - INFO - httpx - HTTP Request: HEAD https://huggingface.co/FPTAI/velectra-base-discriminator-cased/resolve/main/config.json "HTTP/1.1 307 Temporary Redirect"
08/11/2026 09:10:48 - INFO - httpx - HTTP Request: HEAD https://huggingface.co/api/resolve-cache/models/FPTAI/velectra-base-discriminator-cased/f594fee501933d92d8c13285c969495681d0cc00/config.json "HTTP/1.1 200 OK"
08/11/2026 09:10:48 - INFO - httpx - HTTP Request: GET https://huggingface.co/api/resolve-cache/models/FPTAI/velectra-base-discriminator-cased/f594fee501933d92d8c13285c969495681d0cc00/config.json "HTTP/1.1 200 OK"
08/11/2026 09:10:48 - INFO - httpx - HTTP Request: HEAD https://huggingface.co/FPTAI/velectra-base-discriminator-cased/resolve/main/tokenizer_config.json "HTTP/1.1 404 Not Found"
08/11/2026 09:10:48 - INFO - httpx - HTTP Request: HEAD https://huggingface.co/FPTAI/velectra-base-discriminator-cased/resolve/main/tokenizer_config.json "HTTP/1.1 404 Not Found"
Warning: You are sending unauthenticated requests to the HF Hub. Please set a HF_TOKEN to enable higher rate limits and faster downloads.
08/11/2026 09:10:48 - WARNING - huggingface_hub.utils._http - Warning: You are sending unauthenticated requests to the HF Hub. Please set a HF_TOKEN to enable higher rate limits and faster downloads.
08/11/2026 09:10:48 - INFO - httpx - HTTP Request: GET https://huggingface.co/api/models/FPTAI/velectra-base-discriminator-cased/tree/main/additional_chat_templates?recursive=false&expand=false "HTTP/1.1 404 Not Found"
08/11/2026 09:10:48 - INFO - httpx - HTTP Request: GET https://huggingface.co/api/models/FPTAI/velectra-base-discriminator-cased/tree/main?recursive=true&expand=false "HTTP/1.1 200 OK"
08/11/2026 09:10:48 - INFO - httpx - HTTP Request: HEAD https://huggingface.co/FPTAI/velectra-base-discriminator-cased/resolve/main/vocab.txt "HTTP/1.1 307 Temporary Redirect"
08/11/2026 09:10:48 - INFO - httpx - HTTP Request: HEAD https://huggingface.co/api/resolve-cache/models/FPTAI/velectra-base-discriminator-cased/f594fee501933d92d8c13285c969495681d0cc00/vocab.txt "HTTP/1.1 200 OK"
08/11/2026 09:10:48 - INFO - httpx - HTTP Request: GET https://huggingface.co/api/resolve-cache/models/FPTAI/velectra-base-discriminator-cased/f594fee501933d92d8c13285c969495681d0cc00/vocab.txt "HTTP/1.1 200 OK"
08/11/2026 09:10:49 - INFO - httpx - HTTP Request: HEAD https://huggingface.co/FPTAI/velectra-base-discriminator-cased/resolve/main/tokenizer.json "HTTP/1.1 404 Not Found"
08/11/2026 09:10:49 - INFO - httpx - HTTP Request: HEAD https://huggingface.co/FPTAI/velectra-base-discriminator-cased/resolve/main/added_tokens.json "HTTP/1.1 404 Not Found"
08/11/2026 09:10:49 - INFO - httpx - HTTP Request: HEAD https://huggingface.co/FPTAI/velectra-base-discriminator-cased/resolve/main/special_tokens_map.json "HTTP/1.1 404 Not Found"
08/11/2026 09:10:49 - INFO - httpx - HTTP Request: HEAD https://huggingface.co/FPTAI/velectra-base-discriminator-cased/resolve/main/chat_template.jinja "HTTP/1.1 404 Not Found"
08/11/2026 09:10:49 - INFO - __main__ - Đang nạp dữ liệu train...
08/11/2026 09:10:55 - INFO - punc_dataset_word - convert_examples_to_features: 11447 examples -> 11447 features (0 rỗng bị bỏ, 0 bị truncate)
08/11/2026 09:10:56 - INFO - __main__ - Đang nạp dữ liệu valid...
08/11/2026 09:10:57 - INFO - punc_dataset_word - convert_examples_to_features: 3032 examples -> 3032 features (0 rỗng bị bỏ, 0 bị truncate)
08/11/2026 09:10:57 - INFO - __main__ - Train: 11447 features | Valid: 3032 features
08/11/2026 09:10:57 - INFO - httpx - HTTP Request: HEAD https://huggingface.co/FPTAI/velectra-base-discriminator-cased/resolve/main/config.json "HTTP/1.1 307 Temporary Redirect"
08/11/2026 09:10:57 - INFO - httpx - HTTP Request: HEAD https://huggingface.co/api/resolve-cache/models/FPTAI/velectra-base-discriminator-cased/f594fee501933d92d8c13285c969495681d0cc00/config.json "HTTP/1.1 200 OK"
08/11/2026 09:10:58 - INFO - httpx - HTTP Request: HEAD https://huggingface.co/FPTAI/velectra-base-discriminator-cased/resolve/main/model.safetensors "HTTP/1.1 404 Not Found"
08/11/2026 09:10:58 - INFO - httpx - HTTP Request: HEAD https://huggingface.co/FPTAI/velectra-base-discriminator-cased/resolve/main/model.safetensors.index.json "HTTP/1.1 404 Not Found"
08/11/2026 09:10:58 - INFO - httpx - HTTP Request: HEAD https://huggingface.co/FPTAI/velectra-base-discriminator-cased/resolve/main/pytorch_model.bin "HTTP/1.1 302 Found"
08/11/2026 09:10:58 - INFO - httpx - HTTP Request: GET https://huggingface.co/api/models/FPTAI/velectra-base-discriminator-cased/xet-read-token/f594fee501933d92d8c13285c969495681d0cc00 "HTTP/1.1 200 OK"
08/11/2026 09:11:02 - INFO - httpx - HTTP Request: HEAD https://huggingface.co/FPTAI/velectra-base-discriminator-cased/resolve/main/model.safetensors "HTTP/1.1 404 Not Found"
08/11/2026 09:11:02 - INFO - httpx - HTTP Request: GET https://huggingface.co/api/models/FPTAI/velectra-base-discriminator-cased "HTTP/1.1 200 OK"
08/11/2026 09:11:02 - INFO - httpx - HTTP Request: GET https://huggingface.co/api/models/FPTAI/velectra-base-discriminator-cased/commits/main "HTTP/1.1 200 OK"
Loading weights:   0%|          | 0/197 [00:00<?, ?it/s]Loading weights: 100%|██████████| 197/197 [00:00<00:00, 40896.75it/s]
[transformers] [1mElectraModel LOAD REPORT[0m from: FPTAI/velectra-base-discriminator-cased
Key                                               | Status     |  | 
--------------------------------------------------+------------+--+-
discriminator_predictions.dense_prediction.weight | UNEXPECTED |  | 
discriminator_predictions.dense_prediction.bias   | UNEXPECTED |  | 
discriminator_predictions.dense.weight            | UNEXPECTED |  | 
discriminator_predictions.dense.bias              | UNEXPECTED |  | 

Notes:
- UNEXPECTED:	can be ignored when loading from different task/architecture; not ok if you expect identical arch.
08/11/2026 09:11:02 - INFO - httpx - HTTP Request: GET https://huggingface.co/api/models/FPTAI/velectra-base-discriminator-cased/discussions?p=0 "HTTP/1.1 200 OK"
08/11/2026 09:11:02 - INFO - httpx - HTTP Request: GET https://huggingface.co/api/models/FPTAI/velectra-base-discriminator-cased/commits/refs%2Fpr%2F1 "HTTP/1.1 200 OK"
/root/phopunct/baseline_plain.py:247: FutureWarning: `torch.cuda.amp.GradScaler(args...)` is deprecated. Please use `torch.amp.GradScaler('cuda', args...)` instead.
  scaler = torch.cuda.amp.GradScaler(enabled=use_amp)
/root/phopunct/baseline_plain.py:261: FutureWarning: `torch.cuda.amp.autocast(args...)` is deprecated. Please use `torch.amp.autocast('cuda', args...)` instead.
  with torch.cuda.amp.autocast(enabled=use_amp):
08/11/2026 09:11:02 - INFO - httpx - HTTP Request: HEAD https://huggingface.co/FPTAI/velectra-base-discriminator-cased/resolve/refs%2Fpr%2F1/model.safetensors.index.json "HTTP/1.1 404 Not Found"
08/11/2026 09:11:02 - INFO - httpx - HTTP Request: HEAD https://huggingface.co/FPTAI/velectra-base-discriminator-cased/resolve/refs%2Fpr%2F1/model.safetensors "HTTP/1.1 302 Found"
08/11/2026 09:11:02 - INFO - httpx - HTTP Request: GET https://huggingface.co/api/models/FPTAI/velectra-base-discriminator-cased/xet-read-token/4d96c75d6923d04f4a79a315292b6e42df8f6826 "HTTP/1.1 200 OK"
/root/phopunct/baseline_plain.py:274: UserWarning: Detected call of `lr_scheduler.step()` before `optimizer.step()`. In PyTorch 1.1.0 and later, you should call them in the opposite order: `optimizer.step()` before `lr_scheduler.step()`.  Failure to do this will result in PyTorch skipping the first value of the learning rate schedule. See more details at https://pytorch.org/docs/stable/optim.html#how-to-adjust-learning-rate
  scheduler.step()
08/11/2026 09:11:07 - INFO - __main__ - [vELECTRA] epoch 1 step 50/716 loss=0.6692
08/11/2026 09:11:12 - INFO - __main__ - [vELECTRA] epoch 1 step 100/716 loss=0.4941
08/11/2026 09:11:17 - INFO - __main__ - [vELECTRA] epoch 1 step 150/716 loss=0.4309
08/11/2026 09:11:22 - INFO - __main__ - [vELECTRA] epoch 1 step 200/716 loss=0.4059
08/11/2026 09:11:26 - INFO - __main__ - [vELECTRA] epoch 1 step 250/716 loss=0.4111
08/11/2026 09:11:31 - INFO - __main__ - [vELECTRA] epoch 1 step 300/716 loss=0.4003
08/11/2026 09:11:36 - INFO - __main__ - [vELECTRA] epoch 1 step 350/716 loss=0.3212
08/11/2026 09:11:41 - INFO - __main__ - [vELECTRA] epoch 1 step 400/716 loss=0.3314
08/11/2026 09:11:45 - INFO - __main__ - [vELECTRA] epoch 1 step 450/716 loss=0.3420
08/11/2026 09:11:50 - INFO - __main__ - [vELECTRA] epoch 1 step 500/716 loss=0.3551
08/11/2026 09:11:55 - INFO - __main__ - [vELECTRA] epoch 1 step 550/716 loss=0.3025
08/11/2026 09:12:00 - INFO - __main__ - [vELECTRA] epoch 1 step 600/716 loss=0.3194
08/11/2026 09:12:04 - INFO - __main__ - [vELECTRA] epoch 1 step 650/716 loss=0.2825
08/11/2026 09:12:09 - INFO - __main__ - [vELECTRA] epoch 1 step 700/716 loss=0.3208
08/11/2026 09:12:10 - INFO - __main__ - [vELECTRA] Epoch 1 xong sau 68.4s, avg_loss=0.4603
08/11/2026 09:12:30 - INFO - __main__ - [vELECTRA] Epoch 1 - Valid macro F1 = 0.3077
              precision    recall  f1-score   support

      PERIOD     0.5570    0.4558    0.5014     17715
       COMMA     0.5461    0.2229    0.3166     13356
       COLON     0.0000    0.0000    0.0000       320
       QMARK     0.6524    0.5605    0.6030      3868
      EXCLAM     0.4236    0.4266    0.4251      6468
   SEMICOLON     0.0000    0.0000    0.0000         6

   micro avg     0.5365    0.3829    0.4469     41733
   macro avg     0.3632    0.2776    0.3077     41733
weighted avg     0.5373    0.3829    0.4359     41733

08/11/2026 09:12:31 - INFO - __main__ - -> [vELECTRA] best checkpoint mới, macro F1 = 0.3077
/root/phopunct/baseline_plain.py:261: FutureWarning: `torch.cuda.amp.autocast(args...)` is deprecated. Please use `torch.amp.autocast('cuda', args...)` instead.
  with torch.cuda.amp.autocast(enabled=use_amp):
08/11/2026 09:12:35 - INFO - __main__ - [vELECTRA] epoch 2 step 34/716 loss=0.3262
08/11/2026 09:12:39 - INFO - __main__ - [vELECTRA] epoch 2 step 84/716 loss=0.2896
08/11/2026 09:12:44 - INFO - __main__ - [vELECTRA] epoch 2 step 134/716 loss=0.2688
08/11/2026 09:12:49 - INFO - __main__ - [vELECTRA] epoch 2 step 184/716 loss=0.2895
08/11/2026 09:12:54 - INFO - __main__ - [vELECTRA] epoch 2 step 234/716 loss=0.2969
08/11/2026 09:12:58 - INFO - __main__ - [vELECTRA] epoch 2 step 284/716 loss=0.2097
08/11/2026 09:13:03 - INFO - __main__ - [vELECTRA] epoch 2 step 334/716 loss=0.2714
08/11/2026 09:13:08 - INFO - __main__ - [vELECTRA] epoch 2 step 384/716 loss=0.2668
08/11/2026 09:13:13 - INFO - __main__ - [vELECTRA] epoch 2 step 434/716 loss=0.2711
08/11/2026 09:13:17 - INFO - __main__ - [vELECTRA] epoch 2 step 484/716 loss=0.2670
08/11/2026 09:13:22 - INFO - __main__ - [vELECTRA] epoch 2 step 534/716 loss=0.3014
08/11/2026 09:13:27 - INFO - __main__ - [vELECTRA] epoch 2 step 584/716 loss=0.2334
08/11/2026 09:13:32 - INFO - __main__ - [vELECTRA] epoch 2 step 634/716 loss=0.2342
08/11/2026 09:13:36 - INFO - __main__ - [vELECTRA] epoch 2 step 684/716 loss=0.2687
08/11/2026 09:13:39 - INFO - __main__ - [vELECTRA] Epoch 2 xong sau 68.1s, avg_loss=0.2640
08/11/2026 09:13:59 - INFO - __main__ - [vELECTRA] Epoch 2 - Valid macro F1 = 0.3587
              precision    recall  f1-score   support

      PERIOD     0.6585    0.4380    0.5261     17715
       COMMA     0.5745    0.3634    0.4452     13356
       COLON     0.0000    0.0000    0.0000       320
       QMARK     0.6684    0.7123    0.6896      3868
      EXCLAM     0.4040    0.6274    0.4915      6468
   SEMICOLON     0.0000    0.0000    0.0000         6

   micro avg     0.5647    0.4655    0.5103     41733
   macro avg     0.3842    0.3568    0.3587     41733
weighted avg     0.5879    0.4655    0.5059     41733

08/11/2026 09:14:00 - INFO - __main__ - -> [vELECTRA] best checkpoint mới, macro F1 = 0.3587
/root/phopunct/baseline_plain.py:261: FutureWarning: `torch.cuda.amp.autocast(args...)` is deprecated. Please use `torch.amp.autocast('cuda', args...)` instead.
  with torch.cuda.amp.autocast(enabled=use_amp):
08/11/2026 09:14:02 - INFO - __main__ - [vELECTRA] epoch 3 step 18/716 loss=0.2390
08/11/2026 09:14:07 - INFO - __main__ - [vELECTRA] epoch 3 step 68/716 loss=0.2346
08/11/2026 09:14:12 - INFO - __main__ - [vELECTRA] epoch 3 step 118/716 loss=0.2365
08/11/2026 09:14:16 - INFO - __main__ - [vELECTRA] epoch 3 step 168/716 loss=0.2298
08/11/2026 09:14:21 - INFO - __main__ - [vELECTRA] epoch 3 step 218/716 loss=0.2535
08/11/2026 09:14:26 - INFO - __main__ - [vELECTRA] epoch 3 step 268/716 loss=0.2289
08/11/2026 09:14:31 - INFO - __main__ - [vELECTRA] epoch 3 step 318/716 loss=0.2576
08/11/2026 09:14:35 - INFO - __main__ - [vELECTRA] epoch 3 step 368/716 loss=0.1963
08/11/2026 09:14:40 - INFO - __main__ - [vELECTRA] epoch 3 step 418/716 loss=0.2033
08/11/2026 09:14:45 - INFO - __main__ - [vELECTRA] epoch 3 step 468/716 loss=0.1938
08/11/2026 09:14:49 - INFO - __main__ - [vELECTRA] epoch 3 step 518/716 loss=0.2253
08/11/2026 09:14:54 - INFO - __main__ - [vELECTRA] epoch 3 step 568/716 loss=0.2302
08/11/2026 09:14:59 - INFO - __main__ - [vELECTRA] epoch 3 step 618/716 loss=0.2123
08/11/2026 09:15:04 - INFO - __main__ - [vELECTRA] epoch 3 step 668/716 loss=0.2468
08/11/2026 09:15:08 - INFO - __main__ - [vELECTRA] Epoch 3 xong sau 68.0s, avg_loss=0.2204
08/11/2026 09:15:27 - INFO - __main__ - [vELECTRA] Epoch 3 - Valid macro F1 = 0.3852
              precision    recall  f1-score   support

      PERIOD     0.6605    0.5041    0.5718     17715
       COMMA     0.6058    0.4154    0.4928     13356
       COLON     0.0000    0.0000    0.0000       320
       QMARK     0.7195    0.7322    0.7258      3868
      EXCLAM     0.4447    0.6286    0.5209      6468
   SEMICOLON     0.0000    0.0000    0.0000         6

   micro avg     0.5978    0.5122    0.5517     41733
   macro avg     0.4051    0.3801    0.3852     41733
weighted avg     0.6099    0.5122    0.5485     41733

08/11/2026 09:15:29 - INFO - __main__ - -> [vELECTRA] best checkpoint mới, macro F1 = 0.3852
/root/phopunct/baseline_plain.py:261: FutureWarning: `torch.cuda.amp.autocast(args...)` is deprecated. Please use `torch.amp.autocast('cuda', args...)` instead.
  with torch.cuda.amp.autocast(enabled=use_amp):
08/11/2026 09:15:29 - INFO - __main__ - [vELECTRA] epoch 4 step 2/716 loss=0.1727
08/11/2026 09:15:34 - INFO - __main__ - [vELECTRA] epoch 4 step 52/716 loss=0.1828
08/11/2026 09:15:39 - INFO - __main__ - [vELECTRA] epoch 4 step 102/716 loss=0.2183
08/11/2026 09:15:43 - INFO - __main__ - [vELECTRA] epoch 4 step 152/716 loss=0.2004
08/11/2026 09:15:48 - INFO - __main__ - [vELECTRA] epoch 4 step 202/716 loss=0.2088
08/11/2026 09:15:53 - INFO - __main__ - [vELECTRA] epoch 4 step 252/716 loss=0.2422
08/11/2026 09:15:58 - INFO - __main__ - [vELECTRA] epoch 4 step 302/716 loss=0.2264
08/11/2026 09:16:02 - INFO - __main__ - [vELECTRA] epoch 4 step 352/716 loss=0.1657
08/11/2026 09:16:07 - INFO - __main__ - [vELECTRA] epoch 4 step 402/716 loss=0.2150
08/11/2026 09:16:12 - INFO - __main__ - [vELECTRA] epoch 4 step 452/716 loss=0.1798
08/11/2026 09:16:17 - INFO - __main__ - [vELECTRA] epoch 4 step 502/716 loss=0.1908
08/11/2026 09:16:21 - INFO - __main__ - [vELECTRA] epoch 4 step 552/716 loss=0.1851
08/11/2026 09:16:26 - INFO - __main__ - [vELECTRA] epoch 4 step 602/716 loss=0.1835
08/11/2026 09:16:31 - INFO - __main__ - [vELECTRA] epoch 4 step 652/716 loss=0.2318
08/11/2026 09:16:36 - INFO - __main__ - [vELECTRA] epoch 4 step 702/716 loss=0.1873
08/11/2026 09:16:37 - INFO - __main__ - [vELECTRA] Epoch 4 xong sau 67.9s, avg_loss=0.1922
08/11/2026 09:16:56 - INFO - __main__ - [vELECTRA] Epoch 4 - Valid macro F1 = 0.3960
              precision    recall  f1-score   support

      PERIOD     0.6627    0.5490    0.6005     17715
       COMMA     0.6143    0.4456    0.5165     13356
       COLON     0.0000    0.0000    0.0000       320
       QMARK     0.6924    0.7728    0.7304      3868
      EXCLAM     0.4742    0.5969    0.5285      6468
   SEMICOLON     0.0000    0.0000    0.0000         6

   micro avg     0.6118    0.5398    0.5735     41733
   macro avg     0.4073    0.3940    0.3960     41733
weighted avg     0.6156    0.5398    0.5698     41733

08/11/2026 09:16:58 - INFO - __main__ - -> [vELECTRA] best checkpoint mới, macro F1 = 0.3960
/root/phopunct/baseline_plain.py:261: FutureWarning: `torch.cuda.amp.autocast(args...)` is deprecated. Please use `torch.amp.autocast('cuda', args...)` instead.
  with torch.cuda.amp.autocast(enabled=use_amp):
08/11/2026 09:17:01 - INFO - __main__ - [vELECTRA] epoch 5 step 36/716 loss=0.2057
08/11/2026 09:17:06 - INFO - __main__ - [vELECTRA] epoch 5 step 86/716 loss=0.2017
08/11/2026 09:17:11 - INFO - __main__ - [vELECTRA] epoch 5 step 136/716 loss=0.1824
08/11/2026 09:17:15 - INFO - __main__ - [vELECTRA] epoch 5 step 186/716 loss=0.2088
08/11/2026 09:17:20 - INFO - __main__ - [vELECTRA] epoch 5 step 236/716 loss=0.1894
08/11/2026 09:17:25 - INFO - __main__ - [vELECTRA] epoch 5 step 286/716 loss=0.1647
08/11/2026 09:17:30 - INFO - __main__ - [vELECTRA] epoch 5 step 336/716 loss=0.1456
08/11/2026 09:17:34 - INFO - __main__ - [vELECTRA] epoch 5 step 386/716 loss=0.1518
08/11/2026 09:17:39 - INFO - __main__ - [vELECTRA] epoch 5 step 436/716 loss=0.1540
08/11/2026 09:17:44 - INFO - __main__ - [vELECTRA] epoch 5 step 486/716 loss=0.2030
08/11/2026 09:17:49 - INFO - __main__ - [vELECTRA] epoch 5 step 536/716 loss=0.1638
08/11/2026 09:17:53 - INFO - __main__ - [vELECTRA] epoch 5 step 586/716 loss=0.2069
08/11/2026 09:17:58 - INFO - __main__ - [vELECTRA] epoch 5 step 636/716 loss=0.1594
08/11/2026 09:18:03 - INFO - __main__ - [vELECTRA] epoch 5 step 686/716 loss=0.1901
08/11/2026 09:18:06 - INFO - __main__ - [vELECTRA] Epoch 5 xong sau 68.0s, avg_loss=0.1723
08/11/2026 09:18:25 - INFO - __main__ - [vELECTRA] Epoch 5 - Valid macro F1 = 0.4029
              precision    recall  f1-score   support

      PERIOD     0.6544    0.5662    0.6071     17715
       COMMA     0.6091    0.4729    0.5324     13356
       COLON     0.0000    0.0000    0.0000       320
       QMARK     0.7394    0.7459    0.7426      3868
      EXCLAM     0.4688    0.6241    0.5354      6468
   SEMICOLON     0.0000    0.0000    0.0000         6

   micro avg     0.6090    0.5575    0.5821     41733
   macro avg     0.4119    0.4015    0.4029     41733
weighted avg     0.6139    0.5575    0.5799     41733

08/11/2026 09:18:27 - INFO - __main__ - -> [vELECTRA] best checkpoint mới, macro F1 = 0.4029
/root/phopunct/baseline_plain.py:261: FutureWarning: `torch.cuda.amp.autocast(args...)` is deprecated. Please use `torch.amp.autocast('cuda', args...)` instead.
  with torch.cuda.amp.autocast(enabled=use_amp):
08/11/2026 09:18:28 - INFO - __main__ - [vELECTRA] epoch 6 step 20/716 loss=0.1642
08/11/2026 09:18:33 - INFO - __main__ - [vELECTRA] epoch 6 step 70/716 loss=0.1578
08/11/2026 09:18:38 - INFO - __main__ - [vELECTRA] epoch 6 step 120/716 loss=0.1266
08/11/2026 09:18:43 - INFO - __main__ - [vELECTRA] epoch 6 step 170/716 loss=0.2229
08/11/2026 09:18:47 - INFO - __main__ - [vELECTRA] epoch 6 step 220/716 loss=0.1511
08/11/2026 09:18:52 - INFO - __main__ - [vELECTRA] epoch 6 step 270/716 loss=0.1647
08/11/2026 09:18:57 - INFO - __main__ - [vELECTRA] epoch 6 step 320/716 loss=0.1280
08/11/2026 09:19:02 - INFO - __main__ - [vELECTRA] epoch 6 step 370/716 loss=0.1570
08/11/2026 09:19:06 - INFO - __main__ - [vELECTRA] epoch 6 step 420/716 loss=0.2038
08/11/2026 09:19:11 - INFO - __main__ - [vELECTRA] epoch 6 step 470/716 loss=0.1570
08/11/2026 09:19:16 - INFO - __main__ - [vELECTRA] epoch 6 step 520/716 loss=0.1886
08/11/2026 09:19:21 - INFO - __main__ - [vELECTRA] epoch 6 step 570/716 loss=0.1446
08/11/2026 09:19:25 - INFO - __main__ - [vELECTRA] epoch 6 step 620/716 loss=0.1619
08/11/2026 09:19:30 - INFO - __main__ - [vELECTRA] epoch 6 step 670/716 loss=0.1864
08/11/2026 09:19:35 - INFO - __main__ - [vELECTRA] Epoch 6 xong sau 68.1s, avg_loss=0.1576
08/11/2026 09:19:54 - INFO - __main__ - [vELECTRA] Epoch 6 - Valid macro F1 = 0.4066
              precision    recall  f1-score   support

      PERIOD     0.6437    0.5813    0.6109     17715
       COMMA     0.6072    0.4835    0.5383     13356
       COLON     0.0000    0.0000    0.0000       320
       QMARK     0.7474    0.7575    0.7524      3868
      EXCLAM     0.4736    0.6231    0.5381      6468
   SEMICOLON     0.0000    0.0000    0.0000         6

   micro avg     0.6071    0.5683    0.5871     41733
   macro avg     0.4120    0.4076    0.4066     41733
weighted avg     0.6102    0.5683    0.5848     41733

08/11/2026 09:19:55 - INFO - __main__ - -> [vELECTRA] best checkpoint mới, macro F1 = 0.4066
/root/phopunct/baseline_plain.py:261: FutureWarning: `torch.cuda.amp.autocast(args...)` is deprecated. Please use `torch.amp.autocast('cuda', args...)` instead.
  with torch.cuda.amp.autocast(enabled=use_amp):
08/11/2026 09:19:56 - INFO - __main__ - [vELECTRA] epoch 7 step 4/716 loss=0.1619
08/11/2026 09:20:00 - INFO - __main__ - [vELECTRA] epoch 7 step 54/716 loss=0.1198
08/11/2026 09:20:05 - INFO - __main__ - [vELECTRA] epoch 7 step 104/716 loss=0.1727
08/11/2026 09:20:10 - INFO - __main__ - [vELECTRA] epoch 7 step 154/716 loss=0.1436
08/11/2026 09:20:15 - INFO - __main__ - [vELECTRA] epoch 7 step 204/716 loss=0.1234
08/11/2026 09:20:20 - INFO - __main__ - [vELECTRA] epoch 7 step 254/716 loss=0.1373
08/11/2026 09:20:24 - INFO - __main__ - [vELECTRA] epoch 7 step 304/716 loss=0.1445
08/11/2026 09:20:29 - INFO - __main__ - [vELECTRA] epoch 7 step 354/716 loss=0.1252
08/11/2026 09:20:34 - INFO - __main__ - [vELECTRA] epoch 7 step 404/716 loss=0.1489
08/11/2026 09:20:39 - INFO - __main__ - [vELECTRA] epoch 7 step 454/716 loss=0.1450
08/11/2026 09:20:43 - INFO - __main__ - [vELECTRA] epoch 7 step 504/716 loss=0.1418
08/11/2026 09:20:48 - INFO - __main__ - [vELECTRA] epoch 7 step 554/716 loss=0.1538
08/11/2026 09:20:53 - INFO - __main__ - [vELECTRA] epoch 7 step 604/716 loss=0.1752
08/11/2026 09:20:58 - INFO - __main__ - [vELECTRA] epoch 7 step 654/716 loss=0.1115
08/11/2026 09:21:02 - INFO - __main__ - [vELECTRA] epoch 7 step 704/716 loss=0.1571
08/11/2026 09:21:04 - INFO - __main__ - [vELECTRA] Epoch 7 xong sau 68.2s, avg_loss=0.1473
08/11/2026 09:21:23 - INFO - __main__ - [vELECTRA] Epoch 7 - Valid macro F1 = 0.4070
              precision    recall  f1-score   support

      PERIOD     0.6626    0.5595    0.6067     17715
       COMMA     0.5851    0.5116    0.5459     13356
       COLON     0.0000    0.0000    0.0000       320
       QMARK     0.7416    0.7559    0.7487      3868
      EXCLAM     0.4690    0.6384    0.5408      6468
   SEMICOLON     0.0000    0.0000    0.0000         6

   micro avg     0.6043    0.5702    0.5867     41733
   macro avg     0.4097    0.4109    0.4070     41733
weighted avg     0.6099    0.5702    0.5854     41733

08/11/2026 09:21:24 - INFO - __main__ - -> [vELECTRA] best checkpoint mới, macro F1 = 0.4070
/root/phopunct/baseline_plain.py:261: FutureWarning: `torch.cuda.amp.autocast(args...)` is deprecated. Please use `torch.amp.autocast('cuda', args...)` instead.
  with torch.cuda.amp.autocast(enabled=use_amp):
08/11/2026 09:21:28 - INFO - __main__ - [vELECTRA] epoch 8 step 38/716 loss=0.1326
08/11/2026 09:21:33 - INFO - __main__ - [vELECTRA] epoch 8 step 88/716 loss=0.1388
08/11/2026 09:21:38 - INFO - __main__ - [vELECTRA] epoch 8 step 138/716 loss=0.1490
08/11/2026 09:21:42 - INFO - __main__ - [vELECTRA] epoch 8 step 188/716 loss=0.1549
08/11/2026 09:21:47 - INFO - __main__ - [vELECTRA] epoch 8 step 238/716 loss=0.1172
08/11/2026 09:21:52 - INFO - __main__ - [vELECTRA] epoch 8 step 288/716 loss=0.1682
08/11/2026 09:21:57 - INFO - __main__ - [vELECTRA] epoch 8 step 338/716 loss=0.1150
08/11/2026 09:22:01 - INFO - __main__ - [vELECTRA] epoch 8 step 388/716 loss=0.1487
08/11/2026 09:22:06 - INFO - __main__ - [vELECTRA] epoch 8 step 438/716 loss=0.1622
08/11/2026 09:22:11 - INFO - __main__ - [vELECTRA] epoch 8 step 488/716 loss=0.1172
08/11/2026 09:22:16 - INFO - __main__ - [vELECTRA] epoch 8 step 538/716 loss=0.1225
08/11/2026 09:22:20 - INFO - __main__ - [vELECTRA] epoch 8 step 588/716 loss=0.1530
08/11/2026 09:22:25 - INFO - __main__ - [vELECTRA] epoch 8 step 638/716 loss=0.1268
08/11/2026 09:22:30 - INFO - __main__ - [vELECTRA] epoch 8 step 688/716 loss=0.1392
08/11/2026 09:22:33 - INFO - __main__ - [vELECTRA] Epoch 8 xong sau 68.3s, avg_loss=0.1403
08/11/2026 09:22:52 - INFO - __main__ - [vELECTRA] Epoch 8 - Valid macro F1 = 0.4067
              precision    recall  f1-score   support

      PERIOD     0.6636    0.5592    0.6069     17715
       COMMA     0.5989    0.4966    0.5430     13356
       COLON     0.0000    0.0000    0.0000       320
       QMARK     0.7348    0.7645    0.7494      3868
      EXCLAM     0.4654    0.6464    0.5412      6468
   SEMICOLON     0.0000    0.0000    0.0000         6

   micro avg     0.6069    0.5673    0.5865     41733
   macro avg     0.4105    0.4111    0.4067     41733
weighted avg     0.6136    0.5673    0.5847     41733

08/11/2026 09:22:53 - INFO - __main__ - [vELECTRA] Train xong. Best macro F1 = 0.4070. Checkpoint tại /root/phopunct/outputs/velectra_plain_novels
